Reading D:/Questasim64_10.7c/tcl/vsim/pref.tcl

# 10.7c

# vsim -c work.tb_m2_master_cached_control -do "run -all; quit -f" 
# Start time: 13:33:55 on Oct 06,2026
# ** Note: (vsim-3812) Design is being optimized...
# ** Warning: D:\AnlogicProject\FPGA_Competition_HDMI\sim_tb\loading_overlay\tb_m2_master_cached_control.v(30): (vopt-2685) [TFMPC] - Too few port connections for 'u_master'.  Expected 20, found 14.
# ** Warning: D:\AnlogicProject\FPGA_Competition_HDMI\sim_tb\loading_overlay\tb_m2_master_cached_control.v(30): (vopt-2718) [TFMPC] - Missing connection for port 'card_missing'.
# ** Warning: D:\AnlogicProject\FPGA_Competition_HDMI\sim_tb\loading_overlay\tb_m2_master_cached_control.v(30): (vopt-2718) [TFMPC] - Missing connection for port 'fault'.
# ** Warning: D:\AnlogicProject\FPGA_Competition_HDMI\sim_tb\loading_overlay\tb_m2_master_cached_control.v(30): (vopt-2718) [TFMPC] - Missing connection for port 'link_ok'.
# ** Warning: D:\AnlogicProject\FPGA_Competition_HDMI\sim_tb\loading_overlay\tb_m2_master_cached_control.v(30): (vopt-2718) [TFMPC] - Missing connection for port 'selected_image_id'.
# ** Warning: D:\AnlogicProject\FPGA_Competition_HDMI\sim_tb\loading_overlay\tb_m2_master_cached_control.v(30): (vopt-2718) [TFMPC] - Missing connection for port 'catalog_count'.
# ** Warning: D:\AnlogicProject\FPGA_Competition_HDMI\sim_tb\loading_overlay\tb_m2_master_cached_control.v(30): (vopt-2718) [TFMPC] - Missing connection for port 'catalog_valid'.
# //  Questa Sim-64
# //  Version 10.7c win64 Aug 18 2018
# //
# //  Copyright 1991-2018 Mentor Graphics Corporation
# //  All Rights Reserved.
# //
# //  QuestaSim and its associated documentation contain trade
# //  secrets and commercial or financial information that are the property of
# //  Mentor Graphics Corporation and are privileged, confidential,
# //  and exempt from disclosure under the Freedom of Information Act,
# //  5 U.S.C. Section 552. Furthermore, this information
# //  is prohibited from disclosure under the Trade Secrets Act,
# //  18 U.S.C. Section 1905.
# //
# Loading work.tb_m2_master_cached_control(fast)
# run -all
# PASS: Master cached manual/automatic carousel, metadata-query gate, stale Slave DONE avoided opens=4 hits=9 queries=13
# ** Note: $finish    : D:/AnlogicProject/FPGA_Competition_HDMI/sim_tb/loading_overlay/tb_m2_master_cached_control.v(142)
#    Time: 2895580 ns  Iteration: 1  Instance: /tb_m2_master_cached_control
# End time: 13:33:56 on Oct 06,2026, Elapsed time: 0:00:01
# Errors: 0, Warnings: 7
