Reading D:/Questasim64_10.7c/tcl/vsim/pref.tcl

# 10.7c

# vsim -c work.tb_m2_no_card -do "run -all; quit -f" 
# Start time: 13:33:58 on Oct 06,2026
# ** Note: (vsim-3812) Design is being optimized...
# ** Warning: D:\AnlogicProject\FPGA_Competition_HDMI\sim_tb\storage\tb_m2_no_card.v(12): (vopt-2685) [TFMPC] - Too few port connections for 'dut'.  Expected 29, found 28.
# ** Warning: D:\AnlogicProject\FPGA_Competition_HDMI\sim_tb\storage\tb_m2_no_card.v(12): (vopt-2718) [TFMPC] - Missing connection for port 'descriptor_filename_83'.
# //  Questa Sim-64
# //  Version 10.7c win64 Aug 18 2018
# //
# //  Copyright 1991-2018 Mentor Graphics Corporation
# //  All Rights Reserved.
# //
# //  QuestaSim and its associated documentation contain trade
# //  secrets and commercial or financial information that are the property of
# //  Mentor Graphics Corporation and are privileged, confidential,
# //  and exempt from disclosure under the Freedom of Information Act,
# //  5 U.S.C. Section 552. Furthermore, this information
# //  is prohibited from disclosure under the Trade Secrets Act,
# //  18 U.S.C. Section 1905.
# //
# Loading work.tb_m2_no_card(fast)
# run -all
# PASS: m2_no_card bounded failure and rescan errors=2
# ** Note: $finish    : D:/AnlogicProject/FPGA_Competition_HDMI/sim_tb/storage/tb_m2_no_card.v(47)
#    Time: 3014660 ns  Iteration: 2  Instance: /tb_m2_no_card
# End time: 13:33:58 on Oct 06,2026, Elapsed time: 0:00:00
# Errors: 0, Warnings: 2
