============================================================
   Tang Dynasty, V6.2.168116
   Copyright (c) 2012-2025 Anlogic Inc.
   Executable = D:/Anlogic/TD_6.2.1_Engineer_6.2.168.116/bin/td_commands_prompt.exe
   Built at =   16:32:07 Jun 12 2025
   Run by =     hp
   Run Date =   Tue Oct  6 13:30:53 2026

   Run on =     LAPTOP-ORION
============================================================
RUN-1002 : start command "import_device eagle_s20.db -package EG4S20BG256"
RUN-1001 : Using default speed grade: NA
ARC-1001 : Device Initialization.
ARC-1001 : ------------------------------------------------------------------
ARC-1001 :            OPTION            |          IO          |   SETTING   
ARC-1001 : ------------------------------------------------------------------
ARC-1001 :   cso_b/cclk/mosi/miso/dout  |  T3/R11/T10/P10/S11  |    gpio    
ARC-1001 :             done             |         P13          |    gpio    
ARC-1001 :           program_b          |          T2          |  dedicate  
ARC-1001 :        tdi/tms/tck/tdo       |   C12/A15/C14/E14    |  dedicate  
ARC-1001 : ------------------------------------------------------------------
ARC-1004 : Device setting, marked 5 dedicate IOs in total.
RUN-1002 : start command "open_project FPGA_Competition_HDMI_MASTER.prj -noanalyze"
PRJ-5611 WARNING: ../../../../src/display/m2_caption_commit.v and ../../../../src/dual_board/m2_master_media_control.v have the same CompileOrder value.
PRJ-5611 WARNING: ../../../../src/display/m2_image_subtitle.v and ../../../../src/display/m2_hdmi_lock_supervisor.v have the same CompileOrder value.
RUN-1002 : start command "import_db ../syn_1/FPGA_Competition_HDMI_MASTER_gate.db"
RUN-1001 : Importing database generated by Tang Dynasty, V6.2.168116.
RUN-1001 : Database version number 46207
RUN-1001 : Import flow parameters
RUN-1001 : Import netlist
RUN-1001 : Import timing constraints
RUN-1001 : Import IO constraints
RUN-1001 : Import Inst constraints
RUN-1001 : Import ChipWatcher
RUN-1001 : Import design success TD_VERSION=6.2.168116 , DB_VERSION=46207
RUN-1002 : start command "commit_param -step place"
RUN-1001 : Print Global Property
RUN-1001 : --------------------------------------------------------
RUN-1001 :   Parameters   |  Settings  |  Default Values  |  Note  
RUN-1001 : --------------------------------------------------------
RUN-1001 :   enable_seed  |    off     |       off        |        
RUN-1001 :     message    |  standard  |     standard     |        
RUN-1001 :   qor_monitor  |     on     |        on        |        
RUN-1001 :   syn_ip_flow  |    off     |       off        |        
RUN-1001 :     thread     |    auto    |       auto       |        
RUN-1001 : --------------------------------------------------------
RUN-1001 : Print Place Property
RUN-1001 : -----------------------------------------------------------
RUN-1001 :     Parameters    |  Settings  |  Default Values  |  Note  
RUN-1001 : -----------------------------------------------------------
RUN-1001 :       effort      |   medium   |      medium      |        
RUN-1001 :   hfn_opt_effort  |   medium   |      medium      |        
RUN-1001 :     max_fanout    |   999999   |      999999      |        
RUN-1001 :     opt_timing    |   medium   |      medium      |        
RUN-1001 :   post_place_opt  |    auto    |       auto       |        
RUN-1001 :    pr_strategy    |     1      |        1         |        
RUN-1001 :     relaxation    |    1.00    |       1.00       |        
RUN-1001 : -----------------------------------------------------------
RUN-1002 : start command "insert_debugger"
RUN-1002 : start command "place"
RUN-1001 : Open license file D:/Anlogic/TD_6.2.1_Engineer_6.2.168.116/license/Anlogic.lic
PHY-3001 : Placer runs in 24 thread(s).
PHY-1001 : Stage 1 | Initialize Design
PHY-1001 : Stage 1.1 | Build Design
PHY-1001 : 5866 luts, 4620 seqs, 872 mslices, 269 lslices, 102 pads, 16 brams, 1 dsps
RUN-1002 : start command "legalize_phy_inst"
SYN-1011 : Flatten model m2_master_tf_hdmi_top
PHY-1001 : Remove keep and sweep redundant instances ...
PHY-1001 : 5866 luts, 4620 seqs, 872 mslices, 269 lslices, 102 pads, 16 brams, 1 dsps
PHY-1001 : End Stage 1.1 | Build Design; Time: 0.018876s wall, 0.015625s user + 0.015625s system = 0.031250s CPU (165.6%); Memory(MB): used = 219, reserved = 214, peak = 219;

PHY-1001 : Stage 1.2 | Optimize Design
OPT-1001 : Stage 1.2.1 | Simplify Lut
OPT-1001 : End Stage 1.2.1 | Simplify Lut; Time: 0.009462s wall, 0.000000s user + 0.000000s system = 0.000000s CPU (n/a%); Memory(MB): used = 220, reserved = 214, peak = 220;

OPT-1001 : Stage 1.2.2 | Sweep
OPT-1001 : End Stage 1.2.2 | Sweep; Time: 0.002861s wall, 0.000000s user + 0.000000s system = 0.000000s CPU (n/a%); Memory(MB): used = 220, reserved = 214, peak = 220;

OPT-1001 : Stage 1.2.3 | Synthesize High-fanout Net
OPT-1001 : Current memory(MB): used = 220, reserved = 214, peak = 220.
OPT-1001 : End Stage 1.2.3 | Synthesize High-fanout Net; Time: 0.000031s wall, 0.000000s user + 0.000000s system = 0.000000s CPU (n/a%); Memory(MB): used = 220, reserved = 214, peak = 220;

OPT-1001 : End physical optimization;  0.012465s wall, 0.000000s user + 0.000000s system = 0.000000s CPU (n/a%)

PHY-1001 : End Stage 1.2 | Optimize Design; Time: 0.012506s wall, 0.000000s user + 0.000000s system = 0.000000s CPU (n/a%); Memory(MB): used = 220, reserved = 214, peak = 220;

PHY-1001 : Stage 1.3 | Initialize Clock
SYN-4016 : Net u_display/media_clock driven by BUFG (3396 clock/control pins, 2 other pins).
SYN-4016 : Net u_display/u_sdram_pll/clk0_out driven by BUFG (0 clock/control pins, 1 other pins).
SYN-4027 : Net u_display/u_apug092_tx/u_eg_hdmi_phy/u0_lane_lvds_8_1/I_serial_clk is clkc1 of pll u_display/u_hdmi_pll/u_pll.
SYN-4019 : Net clk_dup_1 is refclk of pll u_display/u_hdmi_pll/u_pll.
SYN-4020 : Net clk_dup_1 is fbclk of pll u_display/u_hdmi_pll/u_pll.
SYN-4027 : Net u_display/u_apug011/u_sdr_as_ram/u1_init_ref/Sdr_clk is clkc1 of pll u_display/u_sdram_pll/pll_inst.
SYN-4027 : Net u_display/u_apug011/u_sdr_as_ram/SDRAM_CLK is clkc2 of pll u_display/u_sdram_pll/pll_inst.
SYN-4019 : Net u_display/media_clock is refclk of pll u_display/u_sdram_pll/pll_inst.
SYN-4020 : Net u_display/media_clock is fbclk of pll u_display/u_sdram_pll/pll_inst.
SYN-4025 : Tag rtl::Net clk_dup_1 as clock net
SYN-4025 : Tag rtl::Net u_display/media_clock as clock net
SYN-4025 : Tag rtl::Net u_display/u_apug011/u_sdr_as_ram/SDRAM_CLK as clock net
SYN-4025 : Tag rtl::Net u_display/u_apug011/u_sdr_as_ram/u1_init_ref/Sdr_clk as clock net
SYN-4025 : Tag rtl::Net u_display/u_apug092_tx/u_eg_hdmi_phy/u0_lane_lvds_8_1/I_serial_clk as clock net
SYN-4025 : Tag rtl::Net u_display/u_sdram_pll/clk0_out as clock net
SYN-4026 : Tagged 6 rtl::Net as clock net
PHY-1001 : Populate physical database on model m2_master_tf_hdmi_top.
RUN-1001 : There are total 11772 instances
RUN-0007 : 5865 luts, 4620 seqs, 872 mslices, 269 lslices, 102 pads, 16 brams, 1 dsps
RUN-1001 : There are total 13168 nets
RUN-1001 : 9249 nets have 2 pins
RUN-1001 : 2804 nets have [3 - 5] pins
RUN-1001 : 731 nets have [6 - 10] pins
RUN-1001 : 191 nets have [11 - 20] pins
RUN-1001 : 157 nets have [21 - 99] pins
RUN-1001 : 36 nets have 100+ pins
PHY-1001 : End Stage 1.3 | Initialize Clock; Time: 0.012218s wall, 0.015625s user + 0.000000s system = 0.015625s CPU (127.9%); Memory(MB): used = 220, reserved = 214, peak = 220;

PHY-1001 : End Stage 1 | Initialize Design; Time: 0.049758s wall, 0.031250s user + 0.031250s system = 0.062500s CPU (125.6%); Memory(MB): used = 220, reserved = 214, peak = 220;

PHY-1001 : Stage 2 | Global Placement
RUN-1001 : Report Control nets information:
RUN-1001 : DFF Distribution
RUN-1001 : -------------------------------------
RUN-1001 :   CE   |  SSR  |  ASR  |  DFF Count  
RUN-1001 : -------------------------------------
RUN-1001 :   No   |  No   |  No   |     802     
RUN-1001 :   No   |  No   |  Yes  |    1182     
RUN-1001 :   No   |  Yes  |  No   |     86      
RUN-1001 :   Yes  |  No   |  No   |      9      
RUN-1001 :   Yes  |  No   |  Yes  |    2503     
RUN-1001 :   Yes  |  Yes  |  No   |     38      
RUN-1001 : -------------------------------------
RUN-1001 : Control Group Statistic
RUN-1001 : -----------------------------
RUN-1001 :   #CLK  |  #CE  |  #SSR/ASR  
RUN-1001 : -----------------------------
RUN-1001 :    4    |  81   |     10     
RUN-1001 : -----------------------------
RUN-0007 : Control Set = 94
PHY-1001 : Stage 2.1 | Place Fixed Instances
PHY-1001 : End Stage 2.1 | Place Fixed Instances; Time: 0.031282s wall, 0.031250s user + 0.000000s system = 0.031250s CPU (99.9%); Memory(MB): used = 221, reserved = 215, peak = 221;

PHY-1001 : Stage 2.2 | Pre-Place DRC Check
PHY-1001 : Stage 2.2.1 | Force Route Constraint Check
PHY-1001 : Check Pass.
PHY-1001 : End Stage 2.2.1 | Force Route Constraint Check; Time: 0.000457s wall, 0.000000s user + 0.000000s system = 0.000000s CPU (n/a%); Memory(MB): used = 221, reserved = 215, peak = 221;

PHY-1001 : End Stage 2.2 | Pre-Place DRC Check; Time: 0.000480s wall, 0.000000s user + 0.000000s system = 0.000000s CPU (n/a%); Memory(MB): used = 221, reserved = 215, peak = 221;

PHY-1001 : Stage 2.3 | Global Placement Step 1
PHY-3001 : Target density is 42%
PHY-1001 : Stage 2.3.1 | Update Timing
RUN-1002 : start command "start_timer"
USR-1002 : Derived clock:  create_generated_clock -name {u_display/u_hdmi_pll/u_pll.clkc[0]} -source [get_ports {clk}] -master_clock {hx4s20c_clk50m} -divide_by 2.0000 -duty_cycle 50.0000 [get_pins {u_display/u_hdmi_pll/u_pll.clkc[0]}]
USR-1002 : Derived clock:  create_generated_clock -name {u_display/u_hdmi_pll/u_pll.clkc[1]} -source [get_ports {clk}] -master_clock {hx4s20c_clk50m} -multiply_by 2.5000 -duty_cycle 50.0000 [get_pins {u_display/u_hdmi_pll/u_pll.clkc[1]}]
USR-1002 : Derived clock:  create_generated_clock -name {u_display/u_sdram_pll/pll_inst.clkc[0]} -source [get_pins {u_display/u_hdmi_pll/u_pll.clkc[0]}] -master_clock {u_display/u_hdmi_pll/u_pll.clkc[0]} -divide_by 2.0000 -duty_cycle 50.0000 [get_pins {u_display/u_sdram_pll/pll_inst.clkc[0]}]
USR-1002 : Derived clock:  create_generated_clock -name {u_display/u_sdram_pll/pll_inst.clkc[1]} -source [get_pins {u_display/u_hdmi_pll/u_pll.clkc[0]}] -master_clock {u_display/u_hdmi_pll/u_pll.clkc[0]} -multiply_by 6.0000 -duty_cycle 50.0000 [get_pins {u_display/u_sdram_pll/pll_inst.clkc[1]}]
USR-1002 : Derived clock:  create_generated_clock -name {u_display/u_sdram_pll/pll_inst.clkc[2]} -source [get_pins {u_display/u_hdmi_pll/u_pll.clkc[0]}] -master_clock {u_display/u_hdmi_pll/u_pll.clkc[0]} -multiply_by 6.0000 -phase 180 -duty_cycle 50.0000 [get_pins {u_display/u_sdram_pll/pll_inst.clkc[2]}]
TMR-2502 : Net delay update with mode: Synthesized
PHY-1001 : SWNS: -1479, STNS: -11710, FEP: 19
PHY-1001 : End Stage 2.3.1 | Update Timing; Time: 0.493950s wall, 0.468750s user + 0.015625s system = 0.484375s CPU (98.1%); Memory(MB): used = 336, reserved = 328, peak = 336;

PHY-0007 : Cell area utilization is 42%
RUN-1001 : Huge Net Statistic
RUN-1001 : -------------------------------------------
RUN-1001 :   Fanout  |  Slack  |         Net          
RUN-1001 : -------------------------------------------
RUN-1001 :    1687   |  -1479  |  u_display/hdmi_rst  
RUN-1001 : -------------------------------------------
PHY-3001 : Clustering ...
PHY-3001 : End clustering;  0.030218s wall, 0.031250s user + 0.000000s system = 0.031250s CPU (103.4%)

PHY-3001 : Target density is 42%
PHY-1001 : Stage 2.3.2 | GP Iteration
PHY-1001 : End Stage 2.3.2 | GP Iteration; Time: 0.484675s wall, 1.671875s user + 0.906250s system = 2.578125s CPU (531.9%); Memory(MB): used = 341, reserved = 333, peak = 341;

PHY-3001 : Multithread accelerating rate: 5.02
TMR-2502 : Net delay update with mode: Placed
PHY-3001 : No need to merge 9x9 Dsps.
PHY-1001 : Populate physical database on model m2_master_tf_hdmi_top.
PHY-1001 : End Stage 2.3 | Global Placement Step 1; Time: 1.314094s wall, 2.468750s user + 0.921875s system = 3.390625s CPU (258.0%); Memory(MB): used = 342, reserved = 333, peak = 342;

PHY-1001 : Stage 2.4 | RAM/DSP Legalization and Detailed Placement
PHY-1001 : Stage 2.4.1 | Legalization
PHY-3001 : Before Legalized: Len = 239480
PHY-3001 : After Legalized: Len = 241317, Over = 42.25
PHY-1001 : End Stage 2.4.1 | Legalization; Time: 0.244175s wall, 0.265625s user + 0.093750s system = 0.359375s CPU (147.2%); Memory(MB): used = 342, reserved = 333, peak = 342;

PHY-1001 : End Stage 2.4 | RAM/DSP Legalization and Detailed Placement; Time: 0.244432s wall, 0.265625s user + 0.093750s system = 0.359375s CPU (147.0%); Memory(MB): used = 342, reserved = 333, peak = 342;

PHY-1001 : Stage 2.5 | Global Placement Step 2
PHY-3001 : Target density is 49%
PHY-1001 : Stage 2.5.1 | Update Timing
PHY-1001 : SWNS: 474, STNS: 0, FEP: 0
PHY-1001 : End Stage 2.5.1 | Update Timing; Time: 0.023807s wall, 0.015625s user + 0.000000s system = 0.015625s CPU (65.6%); Memory(MB): used = 343, reserved = 334, peak = 343;

PHY-1001 : Stage 2.5.2 | Refresh Congestion
RUN-1001 : Generating global routing grids ...
RUN-1001 : Building simple global routing graph ...
PHY-1001 : Generate routing nets ...
PHY-1001 : Reuse net number 0/4181.
PHY-1001 : Global iterations in 24 thread ...
PHY-1002 : len = 286384, over cnt = 810(2%), over = 4536, worst = 68
PHY-1001 : End global iterations;  0.159795s wall, 0.375000s user + 0.125000s system = 0.500000s CPU (312.9%)

PHY-1001 : Congestion index:
PHY-1001 : top1  = 66.21(S 143.45, N 104.74, E 92.16, W 56.92, I 0.00, O 0.00)
PHY-1001 : top5  = 45.13(S 89.97, N 65.59, E 60.12, W 34.48, I 0.00, O 0.00)
PHY-1001 : top10 = 36.39(S 66.64, N 48.90, E 45.52, W 25.94, I 0.00, O 0.00)
PHY-1001 : top15 = 31.08(S 53.76, N 39.64, E 36.98, W 21.08, I 0.00, O 0.00)
PHY-1001 : End Stage 2.5.2 | Refresh Congestion; Time: 0.212481s wall, 0.437500s user + 0.125000s system = 0.562500s CPU (264.7%); Memory(MB): used = 381, reserved = 372, peak = 381;

PHY-1001 : Stage 2.5.3 | GP Iteration
PHY-1001 : End Stage 2.5.3 | GP Iteration; Time: 0.618707s wall, 2.937500s user + 0.984375s system = 3.921875s CPU (633.9%); Memory(MB): used = 382, reserved = 373, peak = 382;

PHY-3001 : Multithread accelerating rate: 6.27
PHY-1001 : End Stage 2.5 | Global Placement Step 2; Time: 1.125297s wall, 3.625000s user + 1.140625s system = 4.765625s CPU (423.5%); Memory(MB): used = 383, reserved = 373, peak = 383;

PHY-1001 : Stage 2.6 | RAM/DSP Detailed Placement
PHY-1001 : End Stage 2.6 | RAM/DSP Detailed Placement; Time: 0.004654s wall, 0.000000s user + 0.000000s system = 0.000000s CPU (n/a%); Memory(MB): used = 383, reserved = 373, peak = 383;

PHY-1001 : Stage 2.7 | Optimize Design
OPT-1001 : Start physical optimization ...
OPT-1001 : Total overflow 382.03 peak overflow 3.62
OPT-1001 : Stage 2.7.1 | Synthesize High-fanout Net
OPT-1001 : Start high-fanout net optimization in pre-pack flow with medium effort ...
OPT-1001 : Update timing in Manhattan mode
OPT-1001 : End timing update;  0.236073s wall, 0.234375s user + 0.000000s system = 0.234375s CPU (99.3%)

OPT-1001 : Start: SWNS 474 STNS 0 NUM_FEPS 0
OPT-1001 : Total overflow 382.03 peak overflow 3.62
PHY-1001 : Populate physical database on model m2_master_tf_hdmi_top.
OPT-1001 : 33 high-fanout net processed.
PHY-3001 : Start incremental placement ...
PHY-1001 : Populate physical database on model m2_master_tf_hdmi_top.
PHY-3001 : Target density is 49%
PHY-3001 : Target density is 49%
PHY-1001 : Stage 2.7.1.1 | Update Timing
PHY-1001 : SWNS: 1274, STNS: 0, FEP: 0
PHY-1001 : End Stage 2.7.1.1 | Update Timing; Time: 0.031450s wall, 0.031250s user + 0.000000s system = 0.031250s CPU (99.4%); Memory(MB): used = 385, reserved = 375, peak = 385;

PHY-1001 : Stage 2.7.1.2 | Refresh Congestion
RUN-1001 : Generating global routing grids ...
PHY-1001 : Generate routing nets ...
PHY-1001 : Reuse net number 38/10288.
PHY-1001 : Global iterations in 24 thread ...
PHY-1002 : len = 400952, over cnt = 1669(4%), over = 5644, worst = 43
PHY-1001 : End global iterations;  0.252630s wall, 0.437500s user + 0.046875s system = 0.484375s CPU (191.7%)

PHY-1001 : Congestion index:
PHY-1001 : top1  = 50.83(S 111.21, N 74.42, E 76.85, W 54.68, I 0.00, O 0.00)
PHY-1001 : top5  = 41.93(S 75.39, N 56.54, E 59.91, W 41.17, I 0.00, O 0.00)
PHY-1001 : top10 = 37.39(S 60.67, N 47.85, E 50.77, W 34.69, I 0.00, O 0.00)
PHY-1001 : top15 = 34.41(S 52.89, N 42.62, E 45.28, W 30.82, I 0.00, O 0.00)
PHY-1001 : End Stage 2.7.1.2 | Refresh Congestion; Time: 0.298321s wall, 0.484375s user + 0.046875s system = 0.531250s CPU (178.1%); Memory(MB): used = 392, reserved = 384, peak = 392;

PHY-1001 : Stage 2.7.1.3 | GP Iteration
PHY-1001 : End Stage 2.7.1.3 | GP Iteration; Time: 0.286404s wall, 0.828125s user + 0.390625s system = 1.218750s CPU (425.5%); Memory(MB): used = 394, reserved = 385, peak = 394;

PHY-3001 : Multithread accelerating rate: 4.22
PHY-3001 : Final: Len = 305429, Over = 104.156
PHY-3001 : End incremental placement;  0.695279s wall, 1.406250s user + 0.437500s system = 1.843750s CPU (265.2%)

OPT-1001 : Total overflow 413.03 peak overflow 5.00
RUN-1001 : HFN opt statistic
RUN-1001 : ------------------------------------------------------
RUN-1001 :   DriverCell type  |  HFN count  |  Duplicated count  
RUN-1001 : ------------------------------------------------------
RUN-1001 :         REG        |      9      |         81         
RUN-1001 :        LUT6        |      0      |         0          
RUN-1001 :        LUT5        |      2      |         5          
RUN-1001 :        LUT4        |      3      |         10         
RUN-1001 :        LUT3        |      3      |         26         
RUN-1001 :        LUT2        |     16      |         91         
RUN-1001 :        TOTAL       |     33      |        213         
RUN-1001 : ------------------------------------------------------
OPT-1001 : End high-fanout net optimization;  1.617989s wall, 2.328125s user + 0.453125s system = 2.781250s CPU (171.9%)

OPT-1001 : Update timing in Manhattan mode
OPT-1001 : End timing update;  0.257762s wall, 0.250000s user + 0.000000s system = 0.250000s CPU (97.0%)

OPT-1001 : Current memory(MB): used = 394, reserved = 385, peak = 394.
OPT-1001 : End Stage 2.7.1 | Synthesize High-fanout Net; Time: 1.904229s wall, 2.609375s user + 0.453125s system = 3.062500s CPU (160.8%); Memory(MB): used = 394, reserved = 385, peak = 394;

OPT-1001 : Stage 2.7.2 | Global Optimization
OPT-1001 : Start global optimization ...
OPT-0007 : Start: SWNS 2499 STNS 0 NUM_FEPS 0
OPT-1001 : Start congestion update ...
RUN-1001 : Generating global routing grids ...
PHY-1001 : Generate routing nets ...
PHY-1001 : Reuse net number 2004/9983.
PHY-1001 : Global iterations in 24 thread ...
PHY-1002 : len = 378912, over cnt = 1440(4%), over = 3359, worst = 16
PHY-1002 : len = 393488, over cnt = 1000(2%), over = 1917, worst = 12
PHY-1002 : len = 406040, over cnt = 519(1%), over = 952, worst = 11
PHY-1002 : len = 416576, over cnt = 171(0%), over = 270, worst = 9
PHY-1002 : len = 420936, over cnt = 0(0%), over = 0, worst = 0
PHY-1001 : End global iterations;  0.533037s wall, 0.671875s user + 0.015625s system = 0.687500s CPU (129.0%)

PHY-1001 : Congestion index:
PHY-1001 : top1  = 40.97(S 64.05, N 55.60, E 57.41, W 43.19, I 0.00, O 0.00)
PHY-1001 : top5  = 35.58(S 53.32, N 44.43, E 47.07, W 34.87, I 0.00, O 0.00)
PHY-1001 : top10 = 32.63(S 46.86, N 39.03, E 41.65, W 30.67, I 0.00, O 0.00)
PHY-1001 : top15 = 30.64(S 42.87, N 35.67, E 38.20, W 28.14, I 0.00, O 0.00)
OPT-1001 : End congestion update;  0.601073s wall, 0.734375s user + 0.015625s system = 0.750000s CPU (124.8%)

OPT-0007 : Iter 1: improved SWNS 2499 STNS 0 NUM_FEPS 0 with 39 cells processed and 2166 slack improved
OPT-0007 : Iter 2: improved SWNS 2499 STNS 0 NUM_FEPS 0 with 5 cells processed and 200 slack improved
OPT-1001 : Overall commit ratio 1.00
OPT-1001 : End global optimization;  0.627394s wall, 0.750000s user + 0.015625s system = 0.765625s CPU (122.0%)

OPT-1001 : Current memory(MB): used = 394, reserved = 385, peak = 394.
OPT-1001 : End Stage 2.7.2 | Global Optimization; Time: 0.734007s wall, 0.859375s user + 0.015625s system = 0.875000s CPU (119.2%); Memory(MB): used = 394, reserved = 385, peak = 394;

OPT-0007 : End flow prepack: SWNS 2499 STNS 0 NUM_FEPS 0
OPT-1001 : End physical optimization;  2.646977s wall, 3.468750s user + 0.468750s system = 3.937500s CPU (148.8%)

PHY-1001 : End Stage 2.7 | Optimize Design; Time: 2.647802s wall, 3.468750s user + 0.468750s system = 3.937500s CPU (148.7%); Memory(MB): used = 394, reserved = 385, peak = 394;

PHY-1001 : Stage 2.8 | Place Packing
PHY-1001 : Stage 2.8.1 | Packing
SYN-4007 : Packing 0 MUX to BLE ...
SYN-4008 : Packed 0 MUX and 0 SEQ to BLE.
SYN-4007 : Packing 5997 LUT to BLE ...
SYN-4008 : Packed 5997 LUT and 2407 SEQ to BLE.
SYN-4003 : Packing 2294 remaining SEQ's ...
SYN-4005 : Packed 1693 SEQ with LUT/SLICE
SYN-4006 : 1978 single LUT's are left
SYN-4006 : 601 single SEQ's are left
SYN-4011 : Packing model "m2_master_tf_hdmi_top" (AL_USER_NORMAL) with 6598/7885 primitive instances ...
PHY-1001 : Populate physical database on model m2_master_tf_hdmi_top.
RUN-1001 : There are total 5039 instances
RUN-1001 : 2446 mslices, 2447 lslices, 102 pads, 16 brams, 1 dsps
RUN-1001 : There are total 11269 nets
RUN-1001 : 7039 nets have 2 pins
RUN-1001 : 2877 nets have [3 - 5] pins
RUN-1001 : 775 nets have [6 - 10] pins
RUN-1001 : 288 nets have [11 - 20] pins
RUN-1001 : 273 nets have [21 - 99] pins
RUN-1001 : 17 nets have 100+ pins
PHY-3001 : Target density is 58%
RUN-1002 : start command "start_timer"
USR-1002 : Derived clock:  create_generated_clock -name {u_display/u_hdmi_pll/u_pll.clkc[0]} -source [get_ports {clk}] -master_clock {hx4s20c_clk50m} -divide_by 2.0000 -duty_cycle 50.0000 [get_pins {u_display/u_hdmi_pll/u_pll.clkc[0]}]
USR-1002 : Derived clock:  create_generated_clock -name {u_display/u_hdmi_pll/u_pll.clkc[1]} -source [get_ports {clk}] -master_clock {hx4s20c_clk50m} -multiply_by 2.5000 -duty_cycle 50.0000 [get_pins {u_display/u_hdmi_pll/u_pll.clkc[1]}]
USR-1002 : Derived clock:  create_generated_clock -name {u_display/u_sdram_pll/pll_inst.clkc[0]} -source [get_pins {u_display/u_hdmi_pll/u_pll.clkc[0]}] -master_clock {u_display/u_hdmi_pll/u_pll.clkc[0]} -divide_by 2.0000 -duty_cycle 50.0000 [get_pins {u_display/u_sdram_pll/pll_inst.clkc[0]}]
USR-1002 : Derived clock:  create_generated_clock -name {u_display/u_sdram_pll/pll_inst.clkc[1]} -source [get_pins {u_display/u_hdmi_pll/u_pll.clkc[0]}] -master_clock {u_display/u_hdmi_pll/u_pll.clkc[0]} -multiply_by 6.0000 -duty_cycle 50.0000 [get_pins {u_display/u_sdram_pll/pll_inst.clkc[1]}]
USR-1002 : Derived clock:  create_generated_clock -name {u_display/u_sdram_pll/pll_inst.clkc[2]} -source [get_pins {u_display/u_hdmi_pll/u_pll.clkc[0]}] -master_clock {u_display/u_hdmi_pll/u_pll.clkc[0]} -multiply_by 6.0000 -phase 180 -duty_cycle 50.0000 [get_pins {u_display/u_sdram_pll/pll_inst.clkc[2]}]
PHY-1001 : End Stage 2.8.1 | Packing; Time: 1.148033s wall, 1.125000s user + 0.031250s system = 1.156250s CPU (100.7%); Memory(MB): used = 404, reserved = 394, peak = 404;

PHY-1001 : Stage 2.8.2 | Post Pack GP
PHY-3001 : Target density is 57%
PHY-3001 : Cell area utilization is 57%
PHY-3001 : After packing: Len = 315407, Over = 178.5
PHY-3001 : Target density is 57%
PHY-1001 : Stage 2.8.2.1 | Update Timing
PHY-1001 : SWNS: 2610, STNS: 0, FEP: 0
PHY-1001 : End Stage 2.8.2.1 | Update Timing; Time: 0.029774s wall, 0.031250s user + 0.000000s system = 0.031250s CPU (105.0%); Memory(MB): used = 405, reserved = 396, peak = 405;

PHY-1001 : Stage 2.8.2.2 | Refresh Congestion
RUN-1001 : Generating global routing grids ...
PHY-1001 : Generate routing nets ...
PHY-1001 : Reuse net number 4467/8655.
PHY-1001 : Global iterations in 24 thread ...
PHY-1002 : len = 410272, over cnt = 1005(2%), over = 1697, worst = 7
PHY-1002 : len = 415928, over cnt = 636(1%), over = 916, worst = 5
PHY-1002 : len = 422992, over cnt = 234(0%), over = 319, worst = 5
PHY-1002 : len = 425512, over cnt = 105(0%), over = 137, worst = 4
PHY-1002 : len = 427376, over cnt = 0(0%), over = 0, worst = 0
PHY-1001 : End global iterations;  0.358906s wall, 0.468750s user + 0.000000s system = 0.468750s CPU (130.6%)

PHY-1001 : Congestion index:
PHY-1001 : top1  = 42.55(S 63.19, N 54.22, E 58.36, W 46.79, I 0.00, O 0.00)
PHY-1001 : top5  = 36.65(S 52.26, N 44.88, E 48.52, W 37.17, I 0.00, O 0.00)
PHY-1001 : top10 = 33.27(S 46.29, N 39.40, E 42.77, W 32.04, I 0.00, O 0.00)
PHY-1001 : top15 = 31.03(S 42.26, N 35.86, E 38.86, W 29.10, I 0.00, O 0.00)
PHY-1001 : End Stage 2.8.2.2 | Refresh Congestion; Time: 0.461587s wall, 0.562500s user + 0.000000s system = 0.562500s CPU (121.9%); Memory(MB): used = 409, reserved = 400, peak = 409;

PHY-1001 : Stage 2.8.2.3 | GP Iteration
PHY-1001 : End Stage 2.8.2.3 | GP Iteration; Time: 0.447198s wall, 1.593750s user + 0.578125s system = 2.171875s CPU (485.7%); Memory(MB): used = 409, reserved = 400, peak = 409;

PHY-3001 : Multithread accelerating rate: 4.83
PHY-1001 : End Stage 2.8.2 | Post Pack GP; Time: 0.945966s wall, 2.187500s user + 0.578125s system = 2.765625s CPU (292.4%); Memory(MB): used = 409, reserved = 400, peak = 409;

PHY-1001 : End Stage 2.8 | Place Packing; Time: 2.094127s wall, 3.312500s user + 0.609375s system = 3.921875s CPU (187.3%); Memory(MB): used = 409, reserved = 400, peak = 409;

PHY-1001 : Stage 2.9 | Legalization
PHY-3001 : Before Legalized: Len = 405210
PHY-3001 : After Legalized: Len = 447183, Over = 0
PHY-1001 : End Stage 2.9 | Legalization; Time: 0.009720s wall, 0.015625s user + 0.000000s system = 0.015625s CPU (160.8%); Memory(MB): used = 409, reserved = 400, peak = 409;

PHY-1001 : Stage 2.10 | Global Placement Step 3
PHY-3001 : Target density is 56%
PHY-1001 : Stage 2.10.1 | Update Timing
PHY-1001 : SWNS: 2360, STNS: 0, FEP: 0
PHY-1001 : End Stage 2.10.1 | Update Timing; Time: 0.302657s wall, 0.281250s user + 0.015625s system = 0.296875s CPU (98.1%); Memory(MB): used = 411, reserved = 401, peak = 411;

PHY-1001 : Stage 2.10.2 | Refresh Congestion
RUN-1001 : Generating global routing grids ...
PHY-1001 : Generate routing nets ...
PHY-1001 : Reuse net number 80/9596.
PHY-1001 : Global iterations in 24 thread ...
PHY-1002 : len = 536288, over cnt = 1329(3%), over = 2267, worst = 9
PHY-1002 : len = 544624, over cnt = 740(2%), over = 1143, worst = 6
PHY-1002 : len = 553864, over cnt = 215(0%), over = 337, worst = 6
PHY-1002 : len = 556328, over cnt = 92(0%), over = 145, worst = 6
PHY-1002 : len = 557944, over cnt = 0(0%), over = 0, worst = 0
PHY-1001 : End global iterations;  0.675787s wall, 0.750000s user + 0.000000s system = 0.750000s CPU (111.0%)

PHY-1001 : Congestion index:
PHY-1001 : top1  = 43.21(S 61.90, N 56.59, E 56.27, W 46.77, I 0.00, O 0.00)
PHY-1001 : top5  = 38.01(S 54.08, N 47.95, E 48.34, W 38.43, I 0.00, O 0.00)
PHY-1001 : top10 = 35.25(S 49.50, N 43.09, E 43.84, W 34.12, I 0.00, O 0.00)
PHY-1001 : top15 = 33.46(S 46.14, N 39.91, E 40.79, W 31.39, I 0.00, O 0.00)
PHY-1001 : End Stage 2.10.2 | Refresh Congestion; Time: 0.792513s wall, 0.859375s user + 0.000000s system = 0.859375s CPU (108.4%); Memory(MB): used = 419, reserved = 410, peak = 419;

PHY-1001 : Stage 2.10.3 | GP Iteration
PHY-1001 : End Stage 2.10.3 | GP Iteration; Time: 0.153682s wall, 1.093750s user + 0.171875s system = 1.265625s CPU (823.5%); Memory(MB): used = 419, reserved = 410, peak = 419;

PHY-3001 : Multithread accelerating rate: 8.16
PHY-1001 : End Stage 2.10 | Global Placement Step 3; Time: 1.266433s wall, 2.265625s user + 0.187500s system = 2.453125s CPU (193.7%); Memory(MB): used = 419, reserved = 410, peak = 419;

PHY-1001 : Stage 2.11 | Final Legalization
PHY-3001 : Before Legalized: Len = 401416
PHY-3001 : After Legalized: Len = 419953, Over = 0
PHY-1001 : End Stage 2.11 | Final Legalization; Time: 0.007975s wall, 0.015625s user + 0.000000s system = 0.015625s CPU (195.9%); Memory(MB): used = 419, reserved = 410, peak = 419;

PHY-1001 : End Stage 2 | Global Placement; Time: 8.760648s wall, 15.484375s user + 3.421875s system = 18.906250s CPU (215.8%); Memory(MB): used = 419, reserved = 410, peak = 419;

PHY-1001 : Stage 3 | Detailed Placement
PHY-1001 : Stage 3.1 | SLICE Detailed Placement
PHY-1001 : Stage 3.1.1 | Spreading
PHY-3001 : Spreading special nets. 74 overflows in 2952 tiles.
PHY-3001 : End spreading;  0.013891s wall, 0.015625s user + 0.000000s system = 0.015625s CPU (112.5%)

PHY-1001 : End Stage 3.1.1 | Spreading; Time: 0.013926s wall, 0.015625s user + 0.000000s system = 0.015625s CPU (112.2%); Memory(MB): used = 420, reserved = 410, peak = 420;

PHY-3001 : Final: Len = 421469, Over = 0
PHY-1001 : End Stage 3.1 | SLICE Detailed Placement; Time: 0.309187s wall, 0.312500s user + 0.000000s system = 0.312500s CPU (101.1%); Memory(MB): used = 420, reserved = 410, peak = 420;

PHY-3001 : BANK 5 DIFFRESISTOR:NONE VOD:350M VCM:1.2
PHY-3001 : End Detailed Place; 
PHY-1001 : Stage 3.2 | Optimize Design
OPT-1001 : Start physical optimization ...
OPT-1001 : Total overflow 0.00 peak overflow 0.00
OPT-1001 : Stage 3.2.1 | Physical Optimization
OPT-1001 : Start high-fanout net optimization in optimize equivalent flow with medium effort ...
OPT-1001 : Clean unloaded insts before merging registers
PHY-1001 : Populate physical database on model m2_master_tf_hdmi_top.
PHY-1001 : Populate physical database on model m2_master_tf_hdmi_top.
OPT-1001 : Total overflow 0.00 peak overflow 0.00
OPT-1001 : End optimize duplicated nets. Total 77 instances are merged and 2221 sinks are reconnected,  0.077337s wall, 0.078125s user + 0.000000s system = 0.078125s CPU (101.0%)

OPT-1001 : End high-fanout net optimization;  0.077655s wall, 0.078125s user + 0.000000s system = 0.078125s CPU (100.6%)

OPT-1001 : Update timing in Manhattan mode
RUN-1002 : start command "start_timer"
OPT-1001 : End timing update;  0.616164s wall, 0.609375s user + 0.000000s system = 0.609375s CPU (98.9%)

OPT-1001 : Current memory(MB): used = 420, reserved = 410, peak = 420.
OPT-1001 : End Stage 3.2.1 | Physical Optimization; Time: 0.726646s wall, 0.718750s user + 0.000000s system = 0.718750s CPU (98.9%); Memory(MB): used = 420, reserved = 410, peak = 420;

OPT-1001 : Stage 3.2.2 | Synthesize High-fanout Net
OPT-1001 : Start high-fanout net optimization in post-pack flow with medium effort ...
OPT-1001 : Start: SWNS 2510 STNS 0 NUM_FEPS 0
OPT-1001 : Total overflow 0.00 peak overflow 0.00
PHY-1001 : Populate physical database on model m2_master_tf_hdmi_top.
OPT-1001 : 21 high-fanout net processed.
OPT-1001 : Total overflow 0.00 peak overflow 0.00
RUN-1001 : HFN opt statistic
RUN-1001 : ------------------------------------------------------
RUN-1001 :   DriverCell type  |  HFN count  |  Duplicated count  
RUN-1001 : ------------------------------------------------------
RUN-1001 :       LSLICE       |      0      |         0          
RUN-1001 :       MSLICE       |      0      |         0          
RUN-1001 :        OTHER       |     21      |         82         
RUN-1001 :        TOTAL       |     21      |         82         
RUN-1001 : ------------------------------------------------------
OPT-1001 : End high-fanout net optimization;  0.689634s wall, 0.656250s user + 0.031250s system = 0.687500s CPU (99.7%)

OPT-1001 : Current memory(MB): used = 420, reserved = 410, peak = 420.
OPT-1001 : End Stage 3.2.2 | Synthesize High-fanout Net; Time: 0.747203s wall, 0.687500s user + 0.046875s system = 0.734375s CPU (98.3%); Memory(MB): used = 420, reserved = 410, peak = 420;

OPT-1001 : Stage 3.2.3 | Optimize Path
OPT-1001 : Start path based optimization ...
OPT-0007 : Start: SWNS 2510 STNS 0 NUM_FEPS 0 with mode 0
OPT-1001 : Start congestion update ...
RUN-1001 : Generating global routing grids ...
PHY-1001 : Generate routing nets ...
PHY-1001 : Reuse net number 2363/9502.
PHY-1001 : Global iterations in 24 thread ...
PHY-1002 : len = 525544, over cnt = 1308(3%), over = 2232, worst = 8
PHY-1002 : len = 534736, over cnt = 702(1%), over = 1051, worst = 8
PHY-1002 : len = 541872, over cnt = 276(0%), over = 389, worst = 5
PHY-1002 : len = 545224, over cnt = 91(0%), over = 118, worst = 4
PHY-1002 : len = 546408, over cnt = 25(0%), over = 29, worst = 2
PHY-1001 : End global iterations;  0.711175s wall, 0.921875s user + 0.046875s system = 0.968750s CPU (136.2%)

PHY-1001 : Congestion index:
PHY-1001 : top1  = 41.91(S 63.36, N 54.14, E 56.40, W 45.82, I 0.00, O 0.00)
PHY-1001 : top5  = 37.48(S 54.32, N 46.14, E 48.38, W 37.67, I 0.00, O 0.00)
PHY-1001 : top10 = 34.73(S 49.16, N 41.82, E 43.65, W 33.51, I 0.00, O 0.00)
PHY-1001 : top15 = 32.89(S 45.78, N 38.94, E 40.60, W 30.88, I 0.00, O 0.00)
OPT-1001 : End congestion update;  0.899869s wall, 1.109375s user + 0.046875s system = 1.156250s CPU (128.5%)

PHY-3001 : Start incremental legalization ...
PHY-1001 : Populate physical database on model m2_master_tf_hdmi_top.
PHY-7002 CRITICAL-WARNING: Instance u_display/u_internal_sdram location (12, 12) is not honored. Cell's initial location is not legal at the beginning of ECO placement, and will be moved during placement. Please verify user location constraints through the adc file.
PHY-3001 : Target density is 50%
PHY-3001 : Target density is 57%
PHY-3001 : Initial: Len = 424900, Over = 0
PHY-3001 : End spreading;  0.018604s wall, 0.015625s user + 0.000000s system = 0.015625s CPU (84.0%)

PHY-3001 : Final: Len = 424900, Over = 0
PHY-3001 : End incremental legalization;  0.097579s wall, 0.078125s user + 0.015625s system = 0.093750s CPU (96.1%)

OPT-0007 : Iter 1: improved SWNS 2510 STNS 0 NUM_FEPS 0 with 8(25) cells and 15(15) paths processed with 800 slack improved, crit_thod: 3000 ratio: 1.00(8/8) rt: 0.2s
OPT-0007 : Iter 2: improved SWNS 2510 STNS 0 NUM_FEPS 0 with 0(0) cells and 0(0) paths processed with 0 slack improved, crit_thod: 3000 ratio: -1.00(0/0) rt: 0.0s
OPT-1001 : End path based optimization;  1.066972s wall, 1.250000s user + 0.062500s system = 1.312500s CPU (123.0%)

OPT-1001 : Update timing in Manhattan mode
OPT-1001 : End timing update;  0.326395s wall, 0.328125s user + 0.000000s system = 0.328125s CPU (100.5%)

OPT-1001 : Current memory(MB): used = 425, reserved = 416, peak = 425.
OPT-1001 : End Stage 3.2.3 | Optimize Path; Time: 1.429085s wall, 1.609375s user + 0.062500s system = 1.671875s CPU (117.0%); Memory(MB): used = 425, reserved = 416, peak = 425;

OPT-1001 : Stage 3.2.4 | Optimize Duplicated Nets
OPT-1001 : Start: WNS 2560 TNS 0 NUM_FEPS 0
OPT-1001 : Clean unloaded insts before merging registers
PHY-1001 : Populate physical database on model m2_master_tf_hdmi_top.
PHY-1001 : Populate physical database on model m2_master_tf_hdmi_top.
OPT-1001 : Total overflow 0.00 peak overflow 0.00
OPT-1001 : End optimize duplicated nets. Total 10 instances are merged and 1538 sinks are reconnected,  0.132399s wall, 0.140625s user + 0.000000s system = 0.140625s CPU (106.2%)

OPT-1001 : Update timing in Manhattan mode
RUN-1002 : start command "start_timer"
OPT-1001 : End timing update;  0.625096s wall, 0.609375s user + 0.015625s system = 0.625000s CPU (100.0%)

OPT-1001 : Current memory(MB): used = 425, reserved = 416, peak = 425.
OPT-1001 : End Stage 3.2.4 | Optimize Duplicated Nets; Time: 0.789824s wall, 0.781250s user + 0.015625s system = 0.796875s CPU (100.9%); Memory(MB): used = 425, reserved = 416, peak = 425;

OPT-1001 : Stage 3.2.5 | Swap Pins
OPT-1001 : Start pin optimization...
OPT-1001 : skip pin optimization...
OPT-1001 : Current memory(MB): used = 425, reserved = 416, peak = 425.
OPT-1001 : End Stage 3.2.5 | Swap Pins; Time: 0.033401s wall, 0.031250s user + 0.000000s system = 0.031250s CPU (93.6%); Memory(MB): used = 425, reserved = 416, peak = 425;

OPT-0007 : End flow postpack: SWNS 2560 STNS 0 NUM_FEPS 0
RUN-1001 : Generating global routing grids ...
PHY-1001 : Generate routing nets ...
PHY-1001 : Reuse net number 9426/9487.
PHY-1001 : Global iterations in 24 thread ...
PHY-1002 : len = 541744, over cnt = 206(0%), over = 230, worst = 3
PHY-1002 : len = 542336, over cnt = 130(0%), over = 135, worst = 2
PHY-1002 : len = 543520, over cnt = 23(0%), over = 24, worst = 2
PHY-1002 : len = 543824, over cnt = 6(0%), over = 6, worst = 1
PHY-1002 : len = 543912, over cnt = 0(0%), over = 0, worst = 0
PHY-1001 : End global iterations;  0.124342s wall, 0.125000s user + 0.000000s system = 0.125000s CPU (100.5%)

PHY-1001 : Congestion index:
PHY-1001 : top1  = 41.48(S 62.41, N 53.19, E 56.44, W 45.99, I 0.00, O 0.00)
PHY-1001 : top5  = 37.14(S 53.62, N 45.80, E 48.52, W 37.69, I 0.00, O 0.00)
PHY-1001 : top10 = 34.47(S 48.38, N 41.55, E 43.77, W 33.54, I 0.00, O 0.00)
PHY-1001 : top15 = 32.67(S 45.13, N 38.66, E 40.65, W 30.93, I 0.00, O 0.00)
RUN-1001 : QoR Analysis:
OPT-0007 :   SWNS 2560 STNS 0 NUM_FEPS 0
RUN-1001 :   No local congestion issue, and most congested 1% tile average routing util is 41.034483
RUN-1001 :   Top critical paths
RUN-1001 :       #1 path slack 2560ps with logic level 2 and starts from PAD
RUN-1001 :       #2 path slack 2610ps with logic level 2 and starts from PAD
OPT-1001 : End physical optimization;  3.988928s wall, 4.093750s user + 0.125000s system = 4.218750s CPU (105.8%)

PHY-1001 : End Stage 3.2 | Optimize Design; Time: 3.988994s wall, 4.093750s user + 0.125000s system = 4.218750s CPU (105.8%); Memory(MB): used = 425, reserved = 416, peak = 425;

PHY-1001 : End Stage 3 | Detailed Placement; Time: 4.304488s wall, 4.406250s user + 0.125000s system = 4.531250s CPU (105.3%); Memory(MB): used = 425, reserved = 416, peak = 425;

PHY-1001 : Stage 4 | Optimize Design
PHY-3001 : Start incremental legalization ...
PHY-1001 : Populate physical database on model m2_master_tf_hdmi_top.
PHY-7002 CRITICAL-WARNING: Instance u_display/u_internal_sdram location (164, 288) is not honored. Cell's initial location is not legal at the beginning of ECO placement, and will be moved during placement. Please verify user location constraints through the adc file.
PHY-3001 : Target density is 50%
PHY-3001 : Target density is 57%
PHY-3001 : Initial: Len = 420639, Over = 0
PHY-1001 : Stage 4.1 | Spreading
PHY-3001 : End spreading;  0.013667s wall, 0.015625s user + 0.000000s system = 0.015625s CPU (114.3%)

PHY-1001 : End Stage 4.1 | Spreading; Time: 0.013750s wall, 0.015625s user + 0.000000s system = 0.015625s CPU (113.6%); Memory(MB): used = 426, reserved = 416, peak = 426;

PHY-3001 : Final: Len = 420639, Over = 0
PHY-3001 : End incremental legalization;  0.086808s wall, 0.078125s user + 0.000000s system = 0.078125s CPU (90.0%)

RUN-1002 : start command "report_qor -step place -file place.qor"
RUN-1002 : start command "start_timer"
RUN-1001 : Generating global routing grids ...
-----------------------------------------------------------
| QoR metrics               |         value               |
-----------------------------------------------------------
| Timing                    |                             |
|     Setup WNS             |         2560                |
|     Setup TNS             |            0                |
|     Num of violated S-EP  |            0                |
|     FMAX                  |   243.546MHz                |
|     SWNS path clock period |       6666ps                |
|     Hold WNS              |          -11                |
|     Hold TNS              |          -55                |
|     Num of violated H-EP  |            5                |
-----------------------------------------------------------
| Routing Resource          |                             |
|     Wire length           |       418669                |
-----------------------------------------------------------
| Utilization               |                             |
|     #slices               |         4954                |
|     slices percentage     |       50.55%                |
|     #RAMs                 |           16                |
|     #DSPs                 |            1                |
|     #DRAMHARDCON          |            0                |
-----------------------------------------------------------
| Congestion                |                             |
|     Top 1% tile util      |           39                |
|     Top 1% tile avg util  |       41.03%                |
|     Over 100% util #tile  |            0                |
-----------------------------------------------------------
Report place stage QoR done.

PHY-1001 : End Stage 4 | Optimize Design; Time: 0.844661s wall, 0.812500s user + 0.031250s system = 0.843750s CPU (99.9%); Memory(MB): used = 427, reserved = 416, peak = 427;

PHY-1001 : Stage 5 | DRC Check
PHY-1001 : Stage 5.1 | Force Route Constraint Check
PHY-1001 : Check Pass.
PHY-1001 : End Stage 5.1 | Force Route Constraint Check; Time: 0.000416s wall, 0.000000s user + 0.000000s system = 0.000000s CPU (n/a%); Memory(MB): used = 427, reserved = 416, peak = 427;

PHY-1001 : Stage 5.2 | Duplicated SelfDriven Check
PHY-1001 : Check pass.
PHY-1001 : End Stage 5.2 | Duplicated SelfDriven Check; Time: 0.008147s wall, 0.015625s user + 0.000000s system = 0.015625s CPU (191.8%); Memory(MB): used = 427, reserved = 416, peak = 427;

PHY-1001 : Stage 5.3 | Clock Rule Check
PHY-1001 : End Stage 5.3 | Clock Rule Check; Time: 0.000245s wall, 0.000000s user + 0.000000s system = 0.000000s CPU (n/a%); Memory(MB): used = 427, reserved = 416, peak = 427;

PHY-1001 : End Stage 5 | DRC Check; Time: 0.018252s wall, 0.031250s user + 0.000000s system = 0.031250s CPU (171.2%); Memory(MB): used = 427, reserved = 416, peak = 427;

OPT-1001 : QoR tracer report on placement steps:
    SWNS [   incr ]    STNS [   incr ]    FEPS [   incr ]    CRIT [   incr ]      CELL [     incr ]        WL [     incr ]    CONG [   incr ]    PDES [   incr ]   RT(s) [   incr ]   MEM(mb) [     incr ]
       0 [      0 ]       0 [      0 ]       0 [      0 ]       0 [      0 ]     11772 [        0 ]         0 [        0 ]    0.00 [   0.00 ]       0 [      0 ]       0 [      0 ]       220 [        0 ] : preplace:simplify_lut
       0 [      0 ]       0 [      0 ]       0 [      0 ]       0 [      0 ]     11772 [        0 ]         0 [        0 ]    0.00 [   0.00 ]       0 [      0 ]       0 [      0 ]       220 [        0 ] : preplace:sweep
       0 [      0 ]       0 [      0 ]       0 [      0 ]       0 [      0 ]     11772 [        0 ]         0 [        0 ]    0.00 [   0.00 ]       0 [      0 ]       0 [      0 ]       220 [        0 ] : preplace:hfn_opt
     474 [    474 ]       0 [      0 ]       0 [      0 ]    4720 [   4720 ]     11772 [        0 ]    237081 [   237081 ]    0.00 [   0.00 ]       0 [      0 ]       1 [      1 ]       342 [      122 ] : step1_gp
     474 [      0 ]       0 [      0 ]       0 [      0 ]    4720 [      0 ]     11772 [        0 ]    238952 [     1871 ]    0.00 [   0.00 ]       0 [      0 ]       1 [      0 ]       342 [        0 ] : step1_legal
     474 [      0 ]       0 [      0 ]       0 [      0 ]    4720 [      0 ]     11772 [        0 ]    302306 [    63354 ]   65.83 [  65.83 ]       0 [      0 ]       2 [      1 ]       383 [       41 ] : step2_gp
    2499 [   2025 ]       0 [      0 ]       0 [      0 ]    4673 [    -47 ]     11985 [      213 ]    302981 [      675 ]   50.34 [ -15.48 ]       0 [      0 ]       4 [      2 ]       394 [       11 ] : prepack:hfn_opt
    2499 [      0 ]       0 [      0 ]       0 [      0 ]    4673 [      0 ]     11985 [        0 ]    303524 [      543 ]   40.55 [  -9.79 ]       0 [      0 ]       5 [      1 ]       394 [        0 ] : prepack:global_opt
    2610 [    111 ]       0 [      0 ]       0 [      0 ]    5097 [    424 ]      5039 [    -6946 ]    313433 [     9909 ]   40.55 [   0.00 ]       0 [      0 ]       6 [      1 ]       404 [       10 ] : pack
    2510 [   -100 ]       0 [      0 ]       0 [      0 ]    4980 [   -117 ]      5039 [        0 ]    417979 [   104546 ]   42.72 [   2.17 ]       0 [      0 ]       9 [      3 ]       420 [       16 ] : post_pack_place
    2510 [      0 ]       0 [      0 ]       0 [      0 ]    4980 [      0 ]      5039 [        0 ]    419495 [     1516 ]   42.72 [   0.00 ]       0 [      0 ]       9 [      0 ]       420 [        0 ] : post_pack_spreading
    2510 [      0 ]       0 [      0 ]       0 [      0 ]    4989 [      9 ]      5029 [      -10 ]    411175 [    -8320 ]   42.72 [   0.00 ]       0 [      0 ]      10 [      1 ]       420 [        0 ] : postpack:optimize_equivalent_quick
    2510 [      0 ]       0 [      0 ]       0 [      0 ]    4989 [      0 ]      5111 [       82 ]    422577 [    11402 ]   42.72 [   0.00 ]       0 [      0 ]      10 [      0 ]       420 [        0 ] : postpack:hfn_opt
    2560 [     50 ]       0 [      0 ]       0 [      0 ]    4989 [      0 ]      5111 [        0 ]    422927 [      350 ]   41.48 [  -1.24 ]       0 [      0 ]      12 [      2 ]       425 [        5 ] : postpack:path_opt
    2560 [      0 ]       0 [      0 ]       0 [      0 ]    4997 [      8 ]      5101 [      -10 ]    418669 [    -4258 ]   41.48 [   0.00 ]       0 [      0 ]      13 [      1 ]       425 [        0 ] : postpack:optimize_equivalent
    2560 [      0 ]       0 [      0 ]       0 [      0 ]    4997 [      0 ]      5101 [        0 ]    418669 [        0 ]   41.48 [   0.00 ]       0 [      0 ]      13 [      0 ]       425 [        0 ] : postpack:pin_opt

RUN-1003 : finish command "place" in  14.291070s wall, 21.062500s user + 3.609375s system = 24.671875s CPU (172.6%)

RUN-1004 : used memory is 427 MB, reserved memory is 416 MB, peak memory is 427 MB
RUN-1002 : start command "update_timing -mode manhattan"
RUN-1002 : start command "start_timer"
RUN-1002 : start command "report_timing_summary -file FPGA_Competition_HDMI_MASTER_place.timing"
RUN-1002 : start command "report_area -io_info -file FPGA_Competition_HDMI_MASTER_phy.area"
RUN-1001 : standard
***Report Model: m2_master_tf_hdmi_top Device: EG4S20BG256***

IO Statistics
#IO                        43   out of    188   22.87%
  #input                   14
  #output                  28
  #inout                    1

Utilization Statistics
#lut                     8730   out of  19600   44.54%
#reg                     4716   out of  19600   24.06%
#le                      9317
  #lut only              4601   out of   9317   49.38%
  #reg only               587   out of   9317    6.30%
  #lut&reg               4129   out of   9317   44.32%
#bram                      16   out of     64   25.00%
  #bram9k                  16
  #fifo9k                   0
#bram32k                    0   out of     16    0.00%
#dsp                        1   out of     29    3.45%
#pad                       47   out of    188   25.00%
  #ireg                     9
  #oreg                     9
  #treg                     1
#pll                        2   out of      4   50.00%
#gclk                       2   out of     16   12.50%

RUN-1002 : start command "flow_status -file place_flow.status"
Location         : D:\AnlogicProject\FPGA_Competition_HDMI\sim_work\m2_ui_fast_20261006_release\master\phy_1
Running with     : Tang Dynasty v6.2.168116
                   Copyright (c) 2012-2025 Anlogic Inc.
Top Model        : m2_master_tf_hdmi_top
Device           : EG4S20BG256
Speed            : NA

Timing Mode      : manhattan
Setup            : WNS  2560ps  TNS        0ps  NUM_FEPS     0
Hold             : WNS   -11ps  TNS      -55ps  NUM_FEPS     5

Flow Statistics  :
RUN-1001 : Flow Statistics:
RUN-1001 : --------------------------------------------------------------------------------------------------
RUN-1001 :      command     |  #calls  |  wall time  |  cpu time(s)  |  used memory(mb)  |  peak memory(mb)  
RUN-1001 : --------------------------------------------------------------------------------------------------
RUN-1001 :       place      |    1     |  14s(100%)  |   24(100%)    |        427        |        427        
RUN-1001 :     import_db    |    1     |   0s(0%)    |     0(0%)     |        218        |        218        
RUN-1001 :   import_device  |    1     |   0s(0%)    |     0(0%)     |        83         |        83         
RUN-1001 : --------------------------------------------------------------------------------------------------
RUN-1001 :       total      |    3     |     14s     |      24       |        427        |        427        
RUN-1001 : --------------------------------------------------------------------------------------------------
RUN-1002 : start command "report_clock_utilization -file place_clock_utilization.txt"
RUN-1001 : Device not support command report_clock_utilization.
RUN-1002 : start command "export_db FPGA_Competition_HDMI_MASTER_place.db"
RUN-1001 : Exported flow parameters
RUN-1001 : Exported /
RUN-1001 : Exported libs
RUN-1001 : Exported entities
RUN-1001 : Exported ports
RUN-1001 : Exported pins
RUN-1001 : Exported instances
RUN-1001 : Exported nets
RUN-1001 : Exported buses
RUN-1001 : Exported models
RUN-1001 : Exported phy database
RUN-1001 : Exported packer
RUN-1001 : Exported congestions
RUN-1001 : Exported violations
RUN-1001 : Exported ATMR Setting
RUN-1001 : Exported timing constraints
RUN-1001 : Exported IO constraints
RUN-1001 : Exported Inst constraints
RUN-1001 : Exported ChipWatcher
RUN-1002 : start command "commit_param -step route"
RUN-1001 : Print Global Property
RUN-1001 : --------------------------------------------------------
RUN-1001 :   Parameters   |  Settings  |  Default Values  |  Note  
RUN-1001 : --------------------------------------------------------
RUN-1001 :   enable_seed  |    off     |       off        |        
RUN-1001 :     message    |  standard  |     standard     |        
RUN-1001 :   qor_monitor  |     on     |        on        |        
RUN-1001 :   syn_ip_flow  |    off     |       off        |        
RUN-1001 :     thread     |    auto    |       auto       |        
RUN-1001 : --------------------------------------------------------
RUN-1001 : Print Route Property
RUN-1001 : -------------------------------------------------------
RUN-1001 :   Parameters  |  Settings  |  Default Values  |  Note  
RUN-1001 : -------------------------------------------------------
RUN-1001 :     effort    |   normal   |      normal      |        
RUN-1001 :    fix_hold   |     on     |        on        |        
RUN-1001 :     timing    |     on     |        on        |        
RUN-1001 : -------------------------------------------------------
RUN-1002 : start command "route"
RUN-1001 : Open license file D:/Anlogic/TD_6.2.1_Engineer_6.2.168.116/license/Anlogic.lic
PHY-1001 : Route runs in 24 thread(s)
RUN-1001 : There are total 5101 instances
RUN-1001 : 2484 mslices, 2470 lslices, 102 pads, 16 brams, 1 dsps
RUN-1001 : There are total 11249 nets
RUN-1001 : 7018 nets have 2 pins
RUN-1001 : 2859 nets have [3 - 5] pins
RUN-1001 : 796 nets have [6 - 10] pins
RUN-1001 : 300 nets have [11 - 20] pins
RUN-1001 : 263 nets have [21 - 99] pins
RUN-1001 : 13 nets have 100+ pins
RUN-1002 : start command "start_timer"
PHY-1001 : 2484 mslices, 2470 lslices, 102 pads, 16 brams, 1 dsps

PHY-1001 : Stage 1 | Global Routing
PHY-1001 : Start global routing, caller is route ...
RUN-1001 : Generating global routing grids ...
PHY-1001 : Generate routing nets ...
RUN-1001 : Generate nets statistics:
RUN-1001 : ----------------------------
RUN-1001 :        Type       |  Nets   
RUN-1001 : ----------------------------
RUN-1001 :   TotalRouteNets  |  9855   
RUN-1001 :   DontRouteNets   |   730   
RUN-1001 :     RouteNets     |  9125   
RUN-1001 :     RouteSinks    |  23325  
RUN-1001 : ----------------------------
PHY-1001 : Global iterations in 24 thread ...
PHY-1002 : len = 509392, over cnt = 1377(3%), over = 2463, worst = 9
PHY-1002 : len = 522184, over cnt = 673(1%), over = 1033, worst = 9
PHY-1002 : len = 529168, over cnt = 317(0%), over = 452, worst = 5
PHY-1002 : len = 534296, over cnt = 0(0%), over = 0, worst = 0
PHY-1001 : End global iterations;  0.608082s wall, 0.687500s user + 0.000000s system = 0.687500s CPU (113.1%)

PHY-1001 : Congestion index:
PHY-1001 : top1  = 41.25(S 62.50, N 53.58, E 57.16, W 47.03, I 0.00, O 0.00)
PHY-1001 : top5  = 36.84(S 53.84, N 45.33, E 47.72, W 37.94, I 0.00, O 0.00)
PHY-1001 : top10 = 34.12(S 48.51, N 41.00, E 43.07, W 33.74, I 0.00, O 0.00)
PHY-1001 : top15 = 32.34(S 45.23, N 38.14, E 40.05, W 31.08, I 0.00, O 0.00)
PHY-1001 : End global routing;  0.708662s wall, 0.796875s user + 0.000000s system = 0.796875s CPU (112.4%)

PHY-1001 : End Stage 1 | Global Routing; Time: 0.708708s wall, 0.796875s user + 0.000000s system = 0.796875s CPU (112.4%); Memory(MB): used = 445, reserved = 536, peak = 445;

PHY-1001 : Stage 2 | Detail Routing
PHY-1001 : Stage 2.1 | Build Routing Design
PHY-1001 : Routing in high effort: false
PHY-1001 : Routing Mode: normal
PHY-1001 : Generate detailed routing grids ...
PHY-1001 : End build routing graph; 1.428394s wall, 1.390625s user + 0.046875s system = 1.437500s CPU (100.6%)

PHY-1001 : Generate nets ...
PHY-1001 : net clk_dup_1 will be routed on clock mesh
PHY-1001 : clock net u_display/media_clock will be merged with clock u_display/u_hdmi_pll/pixel_clk_raw
PHY-1001 : clock net u_display/u_sdram_pll/clk0_out will be merged with clock u_display/u_sdram_pll/clk0_buf
PHY-1001 : net u_display/u_apug011/u_sdr_as_ram/SDRAM_CLK will be routed on clock mesh
PHY-1001 : net u_display/u_apug011/u_sdr_as_ram/u1_init_ref/Sdr_clk will be routed on clock mesh
PHY-1001 : net u_display/u_apug092_tx/u_eg_hdmi_phy/u0_lane_lvds_8_1/I_serial_clk will be routed on clock mesh
RUN-1001 : Generate nets statistics:
RUN-1001 : ------------------------------
RUN-1001 :         Type        |  Nets   
RUN-1001 : ------------------------------
RUN-1001 :        Route        |  9855   
RUN-1001 :      DontRoute      |  1394   
RUN-1001 :      RouteSinks     |  35420  
RUN-1001 :   RouteEntitySinks  |    0    
RUN-1001 :       Lut2Dff       |    0    
RUN-1001 :       Ram2Dff       |    0    
RUN-1001 :      Carry2Dff      |    0    
RUN-1001 : ------------------------------
RUN-1001 : DR clock net summary:
RUN-1001 : -------------------------------------------------------------------------------------------------
RUN-1001 :   Net Idx  |                               Net Name                               |  Clock Type  
RUN-1001 : -------------------------------------------------------------------------------------------------
RUN-1001 :      1     |                              clk_dup_1                               |    Normal    
RUN-1001 :      2     |                        u_display/media_clock                         |    Normal    
RUN-1001 :      3     |              u_display/u_apug011/u_sdr_as_ram/SDRAM_CLK              |    Normal    
RUN-1001 :      4     |         u_display/u_apug011/u_sdr_as_ram/u1_init_ref/Sdr_clk         |    Normal    
RUN-1001 :      5     |  u_display/u_apug092_tx/u_eg_hdmi_phy/u0_lane_lvds_8_1/I_serial_clk  |    Normal    
RUN-1001 :      6     |                    u_display/u_sdram_pll/clk0_out                    |    Normal    
RUN-1001 : -------------------------------------------------------------------------------------------------
RUN-1001 : DR clock buffer summary:
RUN-1001 : ----------------
RUN-1001 :   Idx  |  Name  
RUN-1001 : ----------------
RUN-1001 : ----------------
PHY-1001 : End Stage 2.1 | Build Routing Design; Time: 1.568926s wall, 1.531250s user + 0.046875s system = 1.578125s CPU (100.6%); Memory(MB): used = 707, reserved = 697, peak = 707;

RUN-1001 : Top Percentage Crit. Net Stat.
RUN-1001 : -------------------------------------------------------
RUN-1001 :   Top %  |  Net Count  |  Avg. Fanout  |  Avg. Slack   
RUN-1001 : -------------------------------------------------------
RUN-1001 :     1    |     112     |   10.482143   |  3298.633929  
RUN-1001 :     2    |     224     |   8.325893    |  3642.196429  
RUN-1001 :     3    |     337     |   6.738872    |  3891.658754  
RUN-1001 :     4    |     449     |   5.759465    |  4075.383073  
RUN-1001 :     5    |     562     |   5.188612    |  4231.663701  
RUN-1001 :     6    |     674     |   4.735905    |  4381.326409  
RUN-1001 :     7    |     787     |   4.282084    |  4570.343075  
RUN-1001 :     8    |     899     |   3.894327    |  4736.176863  
RUN-1001 :     9    |    1012     |   3.575099    |  4876.978261  
RUN-1001 :    10    |    1124     |   3.318505    |  4997.569395  
RUN-1001 : -------------------------------------------------------
PHY-1001 : Stage 2.2 | Clock Nets Routing
PHY-1001 : Routed 0% nets.
PHY-1001 : len = 161080, over cnt = 0(0%), over = 0, worst = 0, crit = 0
PHY-1001 : End Stage 2.2 | Clock Nets Routing; Time: 1.417762s wall, 1.421875s user + 0.000000s system = 1.421875s CPU (100.3%); Memory(MB): used = 739, reserved = 728, peak = 739;

PHY-1001 : Stage 2.3 | Routing Initialization
PHY-1001 : Mark 1% net(place mode slack < 3744ps) as critical nets.
PHY-1001 : Stage 2.3.1 | Normal Nets Routing

PHY-1001 : Routed 87% nets.
PHY-1001 : len = 940216, over cnt = 964(0%), over = 967, worst = 2, crit = 0
PHY-1001 : End Stage 2.3.1 | Normal Nets Routing; Time: 6.972643s wall, 13.656250s user + 0.421875s system = 14.078125s CPU (201.9%); Memory(MB): used = 747, reserved = 736, peak = 747;

PHY-1001 : Stage 2.3.2 | Update Timing
RUN-1002 : start command "start_timer"
USR-1002 : Derived clock:  create_generated_clock -name {u_display/u_hdmi_pll/u_pll.clkc[0]} -source [get_ports {clk}] -master_clock {hx4s20c_clk50m} -divide_by 2.0000 -duty_cycle 50.0000 [get_pins {u_display/u_hdmi_pll/u_pll.clkc[0]}]
USR-1002 : Derived clock:  create_generated_clock -name {u_display/u_hdmi_pll/u_pll.clkc[1]} -source [get_ports {clk}] -master_clock {hx4s20c_clk50m} -multiply_by 2.5000 -duty_cycle 50.0000 [get_pins {u_display/u_hdmi_pll/u_pll.clkc[1]}]
USR-1002 : Derived clock:  create_generated_clock -name {u_display/u_sdram_pll/pll_inst.clkc[0]} -source [get_pins {u_display/u_hdmi_pll/u_pll.clkc[0]}] -master_clock {u_display/u_hdmi_pll/u_pll.clkc[0]} -divide_by 2.0000 -duty_cycle 50.0000 [get_pins {u_display/u_sdram_pll/pll_inst.clkc[0]}]
USR-1002 : Derived clock:  create_generated_clock -name {u_display/u_sdram_pll/pll_inst.clkc[1]} -source [get_pins {u_display/u_hdmi_pll/u_pll.clkc[0]}] -master_clock {u_display/u_hdmi_pll/u_pll.clkc[0]} -multiply_by 6.0000 -duty_cycle 50.0000 [get_pins {u_display/u_sdram_pll/pll_inst.clkc[1]}]
USR-1002 : Derived clock:  create_generated_clock -name {u_display/u_sdram_pll/pll_inst.clkc[2]} -source [get_pins {u_display/u_hdmi_pll/u_pll.clkc[0]}] -master_clock {u_display/u_hdmi_pll/u_pll.clkc[0]} -multiply_by 6.0000 -phase 180 -duty_cycle 50.0000 [get_pins {u_display/u_sdram_pll/pll_inst.clkc[2]}]
TMR-2502 : Net delay update with mode: Routed
PHY-1001 : 33/9855(0%) critical/total net(s).
PHY-1001 : Setup: WNS(ns) = -0.206, TNS(ns) = -0.532, FEP = 6 | Hold: WNS(ns) = 0.011, TNS(ns) = 0.000, FEP = 0.
PHY-1001 : End Stage 2.3.2 | Update Timing; Time: 0.794819s wall, 0.781250s user + 0.015625s system = 0.796875s CPU (100.3%); Memory(MB): used = 750, reserved = 739, peak = 750;

PHY-1001 : End Stage 2.3 | Routing Initialization; Time: 7.783071s wall, 14.453125s user + 0.437500s system = 14.890625s CPU (191.3%); Memory(MB): used = 750, reserved = 739, peak = 750;

PHY-1001 : Stage 2.4 | Routing Optimization
PHY-1001 : Build lut bridge;  0.046553s wall, 0.046875s user + 0.000000s system = 0.046875s CPU (100.7%)

PHY-1001 : Stage 2.4.1 | Phase 1
PHY-1001 : Stage 2.4.1.1 | Setup TimeOptimization
PHY-1001 : Start to optimize setup violation with net base ...
PHY-1001 : Iter 1; Processed 2 pins with SWNS 0.115ns STNS 0.000ns FEP 0 took 0.0543982 seconds.
PHY-1001 : len = 940448, over cnt = 964(0%), over = 967, worst = 2, crit = 0
PHY-1001 : End Stage 2.4.1.1 | Setup TimeOptimization; Time: 0.100853s wall, 0.093750s user + 0.000000s system = 0.093750s CPU (93.0%); Memory(MB): used = 752, reserved = 741, peak = 752;

PHY-1001 : Stage 2.4.1.2 | Rip-up And ReRoute
PHY-1001 : Iter 1: len = 941808, over cnt = 330(0%), over = 331, worst = 2, crit = 0, time(s) = 0.30
PHY-1001 : Iter 2: len = 942096, over cnt = 205(0%), over = 205, worst = 1, crit = 0, time(s) = 0.10
PHY-1001 : Iter 3: len = 942176, over cnt = 159(0%), over = 159, worst = 1, crit = 0, time(s) = 0.10
PHY-1001 : Iter 4: len = 944040, over cnt = 17(0%), over = 17, worst = 1, crit = 0, time(s) = 0.10
PHY-1001 : Iter 5: len = 944160, over cnt = 10(0%), over = 10, worst = 1, crit = 0, time(s) = 0.03
PHY-1001 : Iter 6: len = 944176, over cnt = 9(0%), over = 9, worst = 1, crit = 0, time(s) = 0.02
PHY-1001 : Iter 7: len = 944176, over cnt = 9(0%), over = 9, worst = 1, crit = 0, time(s) = 0.02
PHY-1001 : Iter 8: len = 944384, over cnt = 2(0%), over = 2, worst = 1, crit = 0, time(s) = 0.01
PHY-1001 : Iter 9: len = 944384, over cnt = 2(0%), over = 2, worst = 1, crit = 0, time(s) = 0.01
PHY-1001 : Iter 10: len = 944384, over cnt = 2(0%), over = 2, worst = 1, crit = 0, time(s) = 0.01
PHY-1001 : Iter 11: len = 944384, over cnt = 2(0%), over = 2, worst = 1, crit = 0, time(s) = 0.01
PHY-1001 : Iter 12: len = 944464, over cnt = 0(0%), over = 0, worst = 0, crit = 0, time(s) = 0.01
PHY-1001 : End Stage 2.4.1.2 | Rip-up And ReRoute; Time: 0.732552s wall, 2.187500s user + 0.000000s system = 2.187500s CPU (298.6%); Memory(MB): used = 753, reserved = 742, peak = 753;

PHY-1001 : Stage 2.4.1.3 | Update Timing
RUN-1002 : start command "start_timer"
PHY-1001 : 74/9855(0%) critical/total net(s).
PHY-1001 : Setup: WNS(ns) = -0.555, TNS(ns) = -0.573, FEP = 2 | Hold: WNS(ns) = 0.011, TNS(ns) = 0.000, FEP = 0.
PHY-1001 : End Stage 2.4.1.3 | Update Timing; Time: 0.781493s wall, 0.734375s user + 0.046875s system = 0.781250s CPU (100.0%); Memory(MB): used = 754, reserved = 742, peak = 754;

PHY-1001 : Stage 2.4.1.4 | Commit Data
PHY-1001 : Commit better result to database ...
PHY-1001 : 239 feed throughs used by 184 nets
PHY-1001 : End Stage 2.4.1.4 | Commit Data; Time: 0.449139s wall, 0.421875s user + 0.015625s system = 0.437500s CPU (97.4%); Memory(MB): used = 790, reserved = 778, peak = 790;

PHY-1001 : End Stage 2.4.1 | Phase 1; Time: 2.105150s wall, 3.484375s user + 0.062500s system = 3.546875s CPU (168.5%); Memory(MB): used = 790, reserved = 778, peak = 790;

PHY-1001 : Stage 2.4.2 | Phase 2
PHY-1001 : Stage 2.4.2.1 | Setup TimeOptimization
PHY-1001 : Start to optimize setup violation with net base ...
PHY-1001 : Iter 1; Processed 3 pins with SWNS 0.190ns STNS 0.000ns FEP 0 took 0.0753591 seconds.
PHY-1001 : len = 944928, over cnt = 2(0%), over = 2, worst = 1, crit = 0
PHY-1001 : End Stage 2.4.2.1 | Setup TimeOptimization; Time: 0.119287s wall, 0.109375s user + 0.000000s system = 0.109375s CPU (91.7%); Memory(MB): used = 791, reserved = 779, peak = 791;

PHY-1001 : Stage 2.4.2.2 | Rip-up And ReRoute
PHY-0007 : Congestion: {42.55, 39.09, 36.83, 35.28}; Timing: {0.190ns, 0.000ns, 0}
PHY-1001 : Iter 1: len = 944792, over cnt = 0(0%), over = 0, worst = 0, crit = 0, time(s) = 0.02
PHY-1001 : End Stage 2.4.2.2 | Rip-up And ReRoute; Time: 0.029295s wall, 0.031250s user + 0.000000s system = 0.031250s CPU (106.7%); Memory(MB): used = 791, reserved = 779, peak = 791;

PHY-1001 : Stage 2.4.2.3 | Update Timing
RUN-1002 : start command "start_timer"
PHY-1001 : 0/9855(0%) critical/total net(s).
PHY-1001 : Setup: WNS(ns) = 0.190, TNS(ns) = 0.000, FEP = 0 | Hold: WNS(ns) = 0.011, TNS(ns) = 0.000, FEP = 0.
PHY-1001 : End Stage 2.4.2.3 | Update Timing; Time: 0.802456s wall, 0.750000s user + 0.062500s system = 0.812500s CPU (101.3%); Memory(MB): used = 792, reserved = 779, peak = 792;

PHY-1001 : Stage 2.4.2.4 | Commit Data
PHY-1001 : Commit better result to database ...
PHY-1001 : 239 feed throughs used by 184 nets
PHY-1001 : End Stage 2.4.2.4 | Commit Data; Time: 0.464852s wall, 0.453125s user + 0.000000s system = 0.453125s CPU (97.5%); Memory(MB): used = 792, reserved = 779, peak = 792;

PHY-1001 : End Stage 2.4.2 | Phase 2; Time: 1.454879s wall, 1.375000s user + 0.062500s system = 1.437500s CPU (98.8%); Memory(MB): used = 792, reserved = 779, peak = 792;

PHY-1001 : End Stage 2.4 | Routing Optimization; Time: 4.064173s wall, 5.375000s user + 0.125000s system = 5.500000s CPU (135.3%); Memory(MB): used = 792, reserved = 779, peak = 792;

PHY-1003 : Routed, final wirelength = 944792
RUN-1002 : start command "export_db FPGA_Competition_HDMI_MASTER_pr.db"
RUN-1001 : Exported flow parameters
RUN-1001 : Exported /
RUN-1001 : Exported libs
RUN-1001 : Exported entities
RUN-1001 : Exported ports
RUN-1001 : Exported pins
RUN-1001 : Exported instances
RUN-1001 : Exported nets
RUN-1001 : Exported buses
RUN-1001 : Exported models
RUN-1001 : Exported phy database
RUN-1001 : Exported packer
RUN-1001 : Exported congestions
RUN-1001 : Exported violations
RUN-1001 : Exported ATMR Setting
RUN-1001 : Exported timing constraints
RUN-1001 : Exported IO constraints
RUN-1001 : Exported Inst constraints
RUN-1001 : Exported ChipWatcher
PHY-1001 : Current memory(MB): used = 828, reserved = 943, peak = 828.
PHY-1001 : End export database. 0.291958s wall, 0.375000s user + 0.031250s system = 0.406250s CPU (139.1%)

PHY-1001 : End detail routing;  15.522052s wall, 23.531250s user + 0.640625s system = 24.171875s CPU (155.7%)

PHY-1001 : End Stage 2 | Detail Routing; Time: 15.522131s wall, 23.531250s user + 0.640625s system = 24.171875s CPU (155.7%); Memory(MB): used = 828, reserved = 943, peak = 828;

PHY-1001 : Stage 3 | Hold Fix
RUN-1002 : start command "start_timer"
RUN-1001 : No hold violation.
PHY-1001 : End Stage 3 | Hold Fix; Time: 0.773570s wall, 0.781250s user + 0.000000s system = 0.781250s CPU (101.0%); Memory(MB): used = 828, reserved = 943, peak = 828;

PHY-1001 : Stage 4 | Report Route Qor
RUN-1002 : start command "report_qor -step route -file route.qor"
RUN-1002 : start command "start_timer"
-----------------------------------------------------------
| QoR metrics               |         value               |
-----------------------------------------------------------
| Timing                    |                             |
|     Setup WNS             |          190                |
|     Setup TNS             |            0                |
|     Num of violated S-EP  |            0                |
|     Hold WNS              |           11                |
|     Hold TNS              |            0                |
|     Num of violated H-EP  |            0                |
-----------------------------------------------------------
| Routing Resource          |                             |
|     Wire length           |       944792                |
-----------------------------------------------------------
| Utilization               |                             |
|     #slices               |         4954                |
|     slices percentage     |       50.55%                |
|     #RAMs                 |           16                |
|     #DSPs                 |            1                |
|     #DRAMHARDCON          |            0                |
-----------------------------------------------------------
Report route stage QoR done.

RUN-1002 : start command "update_timing -mode final"
RUN-1002 : start command "start_timer"
RUN-1002 : start command "report_timing_summary -file final_timing.rpt"
OPT-1001 : QoR tracer report on route step:
    SWNS [   incr ]    STNS [   incr ]  S-FEPS [   incr ]    HWNS [   incr ]      HTNS [     incr ]    H-FEPS [     incr ]    CELL [   incr ]      WL [   incr ]   RT(s) [   incr ]   MEM(mb) [     incr ]
    -206 [      0 ]    -532 [      0 ]       6 [      0 ]      11 [      0 ]         0 [        0 ]         0 [        0 ]    5101 [      0 ]  940216 [      0 ]      12 [      0 ]       750 [        0 ] : dr_initialization
     115 [    321 ]       0 [    532 ]       0 [     -6 ]      11 [      0 ]         0 [        0 ]         0 [        0 ]    5101 [      0 ]  940448 [    232 ]      13 [      1 ]       752 [        2 ] : dr_timing_opt_phase1
    -555 [   -670 ]    -573 [   -573 ]       2 [      2 ]      11 [      0 ]         0 [        0 ]         0 [        0 ]    5101 [      0 ]  944464 [   4016 ]      15 [      2 ]       790 [       38 ] : dr_opt_phase1
     190 [    745 ]       0 [    573 ]       0 [     -2 ]      11 [      0 ]         0 [        0 ]         0 [        0 ]    5101 [      0 ]  944928 [    464 ]      15 [      0 ]       791 [        1 ] : dr_timing_opt_phase2
     190 [      0 ]       0 [      0 ]       0 [      0 ]      11 [      0 ]         0 [        0 ]         0 [        0 ]    5101 [      0 ]  944792 [   -136 ]      16 [      1 ]       792 [        1 ] : dr_opt_phase2
     190 [      0 ]       0 [      0 ]       0 [      0 ]      11 [      0 ]         0 [        0 ]         0 [        0 ]    5101 [      0 ]  944792 [      0 ]      16 [      0 ]       792 [        0 ] : multi_try_opt
     190 [      0 ]       0 [      0 ]       0 [      0 ]      11 [      0 ]         0 [        0 ]         0 [        0 ]    5101 [      0 ]  944792 [      0 ]      17 [      1 ]       828 [       36 ] : fix_hold_opt

PHY-1001 : End Stage 4 | Report Route Qor; Time: 1.559587s wall, 1.531250s user + 0.015625s system = 1.546875s CPU (99.2%); Memory(MB): used = 828, reserved = 943, peak = 828;

PHY-1001 : Stage 5 | Routing DRC
PHY-1001 : Start multi-drive drc check......
PHY-1001 : No multi-drive.
PHY-1001 : Stage 5.1 | Clock Net Status Check
PHY-1001 : 1 clock net(s) utilize local routing resource.
PHY-5079 CRITICAL-WARNING: Marked 1 clock net(s) utilize the local routing resources. Please check log message and the sinks of clock nets.
RUN-1001 : CTS Local Wire Summary
RUN-1001 : ------------------------------------------------------------------------------------------------------------------------------------------------------
RUN-1001 :                  ClockName                 |  DriverType  |  Clock/Fanout  |  LocalWireNum  |                   NetName                    |  Marked  
RUN-1001 : ------------------------------------------------------------------------------------------------------------------------------------------------------
RUN-1001 :   u_display/u_sdram_pll/pll_inst.clkc[2]   |  AL_PHY_PLL  |      0/1       |       1        |  u_display/u_apug011/u_sdr_as_ram/SDRAM_CLK  |   true   
RUN-1001 : ------------------------------------------------------------------------------------------------------------------------------------------------------
PHY-1001 : End Stage 5.1 | Clock Net Status Check; Time: 0.001244s wall, 0.000000s user + 0.000000s system = 0.000000s CPU (n/a%); Memory(MB): used = 828, reserved = 943, peak = 828;

PHY-1001 : Stage 5.2 | Abnormal Timing Path check
PHY-1001 : No abnormal timing path.
PHY-1001 : End Stage 5.2 | Abnormal Timing Path check; Time: 0.023939s wall, 0.015625s user + 0.000000s system = 0.015625s CPU (65.3%); Memory(MB): used = 828, reserved = 943, peak = 828;

PHY-1001 : End Stage 5 | Routing DRC; Time: 0.058450s wall, 0.046875s user + 0.000000s system = 0.046875s CPU (80.2%); Memory(MB): used = 828, reserved = 943, peak = 828;

RUN-1003 : finish command "route" in  19.272574s wall, 27.328125s user + 0.656250s system = 27.984375s CPU (145.2%)

RUN-1004 : used memory is 828 MB, reserved memory is 943 MB, peak memory is 828 MB
RUN-1002 : start command "report_area -io_info -file FPGA_Competition_HDMI_MASTER_phy.area"
RUN-1001 : standard
***Report Model: m2_master_tf_hdmi_top Device: EG4S20BG256***

IO Statistics
#IO                        43   out of    188   22.87%
  #input                   14
  #output                  28
  #inout                    1

Utilization Statistics
#lut                     8730   out of  19600   44.54%
#reg                     4716   out of  19600   24.06%
#le                      9317
  #lut only              4601   out of   9317   49.38%
  #reg only               587   out of   9317    6.30%
  #lut&reg               4129   out of   9317   44.32%
#bram                      16   out of     64   25.00%
  #bram9k                  16
  #fifo9k                   0
#bram32k                    0   out of     16    0.00%
#dsp                        1   out of     29    3.45%
#pad                       47   out of    188   25.00%
  #ireg                     9
  #oreg                     9
  #treg                     1
#pll                        2   out of      4   50.00%
#gclk                       2   out of     16   12.50%


DataNet Average Fanout:

   Index     Fanout     Nets  
    #1          1       6900  
    #2          2       1873  
    #3          3       627   
    #4          4       358   
    #5        5-10      848   
    #6        11-50     454   
    #7       51-100      56   
    #8       101-500     8    
  Average     3.05            

RUN-1002 : start command "update_timing -mode final"
RUN-1002 : start command "start_timer"
RUN-1002 : start command "report_timing_status -file FPGA_Competition_HDMI_MASTER_phy.ts"
RUN-1002 : start command "report_timing_summary -file FPGA_Competition_HDMI_MASTER_pr.timing"
RUN-1002 : start command "report_timing_exception -file FPGA_Competition_HDMI_MASTER_exception.timing"
RUN-1002 : start command "flow_status -file route_flow.status"
Location         : D:\AnlogicProject\FPGA_Competition_HDMI\sim_work\m2_ui_fast_20261006_release\master\phy_1
Running with     : Tang Dynasty v6.2.168116
                   Copyright (c) 2012-2025 Anlogic Inc.
Top Model        : m2_master_tf_hdmi_top
Device           : EG4S20BG256
Speed            : NA

Timing Mode      : final
Setup            : WNS   190ps  TNS        0ps  NUM_FEPS     0
Hold             : WNS    11ps  TNS        0ps  NUM_FEPS     0

Flow Statistics  :
RUN-1001 : Flow Statistics:
RUN-1001 : --------------------------------------------------------------------------------------------------
RUN-1001 :      command     |  #calls  |  wall time  |  cpu time(s)  |  used memory(mb)  |  peak memory(mb)  
RUN-1001 : --------------------------------------------------------------------------------------------------
RUN-1001 :       route      |    1     |  19s(57%)   |    27(52%)    |        828        |        828        
RUN-1001 :       place      |    1     |  14s(42%)   |    24(47%)    |        427        |        427        
RUN-1001 :     import_db    |    1     |   0s(0%)    |     0(0%)     |        218        |        218        
RUN-1001 :   import_device  |    1     |   0s(0%)    |     0(0%)     |        83         |        83         
RUN-1001 : --------------------------------------------------------------------------------------------------
RUN-1001 :       total      |    4     |     33s     |      51       |        828        |        828        
RUN-1001 : --------------------------------------------------------------------------------------------------
RUN-1002 : start command "report_clock_utilization -file route_clock_utilization.txt"
RUN-1001 : Device not support command report_clock_utilization.
RUN-1002 : start command "export_db FPGA_Competition_HDMI_MASTER_pr.db"
RUN-1001 : Exported flow parameters
RUN-1001 : Exported /
RUN-1001 : Exported libs
RUN-1001 : Exported entities
RUN-1001 : Exported ports
RUN-1001 : Exported pins
RUN-1001 : Exported instances
RUN-1001 : Exported nets
RUN-1001 : Exported buses
RUN-1001 : Exported models
RUN-1001 : Exported phy database
RUN-1001 : Exported packer
RUN-1001 : Exported congestions
RUN-1001 : Exported violations
RUN-1001 : Exported ATMR Setting
RUN-1001 : Exported timing constraints
RUN-1001 : Exported IO constraints
RUN-1001 : Exported Inst constraints
RUN-1001 : Exported ChipWatcher
RUN-1002 : start command "commit_param -step bitgen"
RUN-1001 : Print Global Property
RUN-1001 : --------------------------------------------------------
RUN-1001 :   Parameters   |  Settings  |  Default Values  |  Note  
RUN-1001 : --------------------------------------------------------
RUN-1001 :   enable_seed  |    off     |       off        |        
RUN-1001 :     message    |  standard  |     standard     |        
RUN-1001 :   qor_monitor  |     on     |        on        |        
RUN-1001 :   syn_ip_flow  |    off     |       off        |        
RUN-1001 :     thread     |    auto    |       auto       |        
RUN-1001 : --------------------------------------------------------
RUN-1001 : Print Bitgen Property
RUN-1001 : -------------------------------------------------------------
RUN-1001 :      Parameters     |  Settings  |  Default Values  |  Note  
RUN-1001 : -------------------------------------------------------------
RUN-1001 :         bin         |    off     |       off        |        
RUN-1001 :       gen_mask      |    off     |       off        |        
RUN-1001 :      time_info      |     on     |        on        |        
RUN-1001 :   unused_io_status  |   pullup   |      pullup      |        
RUN-1001 :       version       |    0x00    |       0x00       |        
RUN-1001 : -------------------------------------------------------------
RUN-1002 : start command "bitgen -bit FPGA_Competition_HDMI_MASTER.bit"
RUN-1002 : start command "export_bid FPGA_Competition_HDMI_MASTER_inst.bid"
BIT-1003 : Start to generate bitstream. 
BIT-1002 : Init instances with 24 threads.
BIT-1002 : Init instances completely, inst num: 5080
BIT-1002 : Init pips with 24 threads.
BIT-1002 : Init pips completely, net num: 9856, pip num: 97212
BIT-1002 : Init feedthrough with 24 threads.
BIT-1002 : Init feedthrough completely, num: 239
BIT-1003 : Multithreading accelaration with 24 threads.
BIT-1003 : Generate bitstream completely, there are 286569 bits set as '1'.
BIT-1004 : PLL setting string = 1010
BIT-1004 : Generate bits file FPGA_Competition_HDMI_MASTER.bit.
RUN-1003 : finish command "bitgen -bit FPGA_Competition_HDMI_MASTER.bit" in  2.783143s wall, 55.562500s user + 1.390625s system = 56.953125s CPU (2046.4%)

RUN-1004 : used memory is 831 MB, reserved memory is 943 MB, peak memory is 831 MB
RUN-1002 : start command "setup_debugger"
RUN-1002 : start command "export_bitgen_param -file .bitgen_param.f"
RUN-1002 : start command "export_flow_status -s opt_place -e bitgen"
RUN-1002 : start command "flow_status"

Location         : D:\AnlogicProject\FPGA_Competition_HDMI\sim_work\m2_ui_fast_20261006_release\master\phy_1
Running with     : Tang Dynasty v6.2.168116
                   Copyright (c) 2012-2025 Anlogic Inc.
Top Model        : m2_master_tf_hdmi_top
Device           : EG4S20BG256
Speed            : NA

Timing Mode      : final
Setup            : WNS   190ps  TNS        0ps  NUM_FEPS     0
Hold             : WNS    11ps  TNS        0ps  NUM_FEPS     0

RUN-1001 : Flow Statistics:
RUN-1001 : --------------------------------------------------------------------------------------------------
RUN-1001 :      command     |  #calls  |  wall time  |  cpu time(s)  |  used memory(mb)  |  peak memory(mb)  
RUN-1001 : --------------------------------------------------------------------------------------------------
RUN-1001 :       route      |    1     |  19s(54%)   |    27(25%)    |        828        |        828        
RUN-1001 :       place      |    1     |  14s(40%)   |    24(22%)    |        427        |        427        
RUN-1001 :      bitgen      |    1     |   2s(5%)    |    56(52%)    |        831        |        831        
RUN-1001 :     import_db    |    1     |   0s(0%)    |     0(0%)     |        218        |        218        
RUN-1001 :   import_device  |    1     |   0s(0%)    |     0(0%)     |        83         |        83         
RUN-1001 : --------------------------------------------------------------------------------------------------
RUN-1001 :       total      |    5     |     35s     |      107      |        831        |        831        
RUN-1001 : --------------------------------------------------------------------------------------------------

td > 