============================================================
   Tang Dynasty, V6.2.168116
   Copyright (c) 2012-2025 Anlogic Inc.
   Executable = D:/Anlogic/TD_6.2.1_Engineer_6.2.168.116/bin/td_commands_prompt.exe
   Built at =   16:32:07 Jun 12 2025
   Run by =     hp
   Run Date =   Tue Oct  6 13:31:55 2026

   Run on =     LAPTOP-ORION
============================================================
RUN-1002 : start command "import_device eagle_s20.db -package EG4S20BG256"
RUN-1001 : Using default speed grade: NA
ARC-1001 : Device Initialization.
ARC-1001 : ------------------------------------------------------------------
ARC-1001 :            OPTION            |          IO          |   SETTING   
ARC-1001 : ------------------------------------------------------------------
ARC-1001 :   cso_b/cclk/mosi/miso/dout  |  T3/R11/T10/P10/S11  |    gpio    
ARC-1001 :             done             |         P13          |    gpio    
ARC-1001 :           program_b          |          T2          |  dedicate  
ARC-1001 :        tdi/tms/tck/tdo       |   C12/A15/C14/E14    |  dedicate  
ARC-1001 : ------------------------------------------------------------------
ARC-1004 : Device setting, marked 5 dedicate IOs in total.
RUN-1002 : start command "open_project FPGA_Competition_HDMI_SLAVE.prj -noanalyze"
PRJ-5611 WARNING: ../../../../src/display/m2_caption_commit.v and ../../../../src/top/m2_master_tf_hdmi_top.v have the same CompileOrder value.
PRJ-5611 WARNING: ../../../../src/display/m2_image_info_overlay.v and ../../../../src/top/m2_slave_media_tx_top.v have the same CompileOrder value.
PRJ-5611 WARNING: ../../../../src/display/m2_image_subtitle.v and ../../../../src/display/m2_hdmi_lock_supervisor.v have the same CompileOrder value.
RUN-1002 : start command "import_db ../syn_1/FPGA_Competition_HDMI_SLAVE_gate.db"
RUN-1001 : Importing database generated by Tang Dynasty, V6.2.168116.
RUN-1001 : Database version number 46207
RUN-1001 : Import flow parameters
RUN-1001 : Import netlist
RUN-1001 : Import timing constraints
RUN-1001 : Import IO constraints
RUN-1001 : Import Inst constraints
RUN-1001 : Import ChipWatcher
RUN-1001 : Import design success TD_VERSION=6.2.168116 , DB_VERSION=46207
RUN-1002 : start command "commit_param -step place"
RUN-1001 : Print Global Property
RUN-1001 : --------------------------------------------------------
RUN-1001 :   Parameters   |  Settings  |  Default Values  |  Note  
RUN-1001 : --------------------------------------------------------
RUN-1001 :   enable_seed  |    off     |       off        |        
RUN-1001 :     message    |  standard  |     standard     |        
RUN-1001 :   qor_monitor  |     on     |        on        |        
RUN-1001 :   syn_ip_flow  |    off     |       off        |        
RUN-1001 :     thread     |    auto    |       auto       |        
RUN-1001 : --------------------------------------------------------
RUN-1001 : Print Place Property
RUN-1001 : -----------------------------------------------------------
RUN-1001 :     Parameters    |  Settings  |  Default Values  |  Note  
RUN-1001 : -----------------------------------------------------------
RUN-1001 :       effort      |   medium   |      medium      |        
RUN-1001 :   hfn_opt_effort  |   medium   |      medium      |        
RUN-1001 :     max_fanout    |   999999   |      999999      |        
RUN-1001 :     opt_timing    |   medium   |      medium      |        
RUN-1001 :   post_place_opt  |    auto    |       auto       |        
RUN-1001 :    pr_strategy    |     1      |        1         |        
RUN-1001 :     relaxation    |    1.00    |       1.00       |        
RUN-1001 : -----------------------------------------------------------
RUN-1002 : start command "insert_debugger"
RUN-1002 : start command "place"
RUN-1001 : Open license file D:/Anlogic/TD_6.2.1_Engineer_6.2.168.116/license/Anlogic.lic
PHY-3001 : Placer runs in 24 thread(s).
PHY-1001 : Stage 1 | Initialize Design
PHY-1001 : Stage 1.1 | Build Design
PHY-1001 : 5201 luts, 5714 seqs, 457 mslices, 246 lslices, 38 pads, 0 brams, 7 dsps
RUN-1002 : start command "legalize_phy_inst"
SYN-1011 : Flatten model m2_slave_media_tx_top
PHY-1001 : Remove keep and sweep redundant instances ...
PHY-1001 : 5201 luts, 5714 seqs, 457 mslices, 246 lslices, 38 pads, 0 brams, 7 dsps
PHY-1001 : End Stage 1.1 | Build Design; Time: 0.015118s wall, 0.015625s user + 0.000000s system = 0.015625s CPU (103.4%); Memory(MB): used = 194, reserved = 190, peak = 194;

PHY-1001 : Stage 1.2 | Optimize Design
OPT-1001 : Stage 1.2.1 | Simplify Lut
OPT-1001 : End Stage 1.2.1 | Simplify Lut; Time: 0.007406s wall, 0.015625s user + 0.000000s system = 0.015625s CPU (211.0%); Memory(MB): used = 194, reserved = 190, peak = 194;

OPT-1001 : Stage 1.2.2 | Sweep
OPT-1001 : End Stage 1.2.2 | Sweep; Time: 0.002575s wall, 0.000000s user + 0.000000s system = 0.000000s CPU (n/a%); Memory(MB): used = 194, reserved = 190, peak = 194;

OPT-1001 : Stage 1.2.3 | Synthesize High-fanout Net
OPT-1001 : Current memory(MB): used = 194, reserved = 190, peak = 194.
OPT-1001 : End Stage 1.2.3 | Synthesize High-fanout Net; Time: 0.000025s wall, 0.000000s user + 0.000000s system = 0.000000s CPU (n/a%); Memory(MB): used = 194, reserved = 190, peak = 194;

OPT-1001 : End physical optimization;  0.010119s wall, 0.015625s user + 0.000000s system = 0.015625s CPU (154.4%)

PHY-1001 : End Stage 1.2 | Optimize Design; Time: 0.010159s wall, 0.015625s user + 0.000000s system = 0.015625s CPU (153.8%); Memory(MB): used = 194, reserved = 190, peak = 194;

PHY-1001 : Stage 1.3 | Initialize Clock
SYN-4016 : Net pixel_clk driven by BUFG (5779 clock/control pins, 1 other pins).
SYN-4019 : Net clk_dup_1 is refclk of pll u_hdmi_pll/u_pll.
SYN-4020 : Net clk_dup_1 is fbclk of pll u_hdmi_pll/u_pll.
SYN-4025 : Tag rtl::Net clk_dup_1 as clock net
SYN-4025 : Tag rtl::Net pixel_clk as clock net
SYN-4026 : Tagged 2 rtl::Net as clock net
PHY-1001 : Populate physical database on model m2_slave_media_tx_top.
RUN-1001 : There are total 11668 instances
RUN-0007 : 5201 luts, 5714 seqs, 457 mslices, 246 lslices, 38 pads, 0 brams, 7 dsps
RUN-1001 : There are total 13326 nets
RUN-1001 : 10538 nets have 2 pins
RUN-1001 : 2002 nets have [3 - 5] pins
RUN-1001 : 474 nets have [6 - 10] pins
RUN-1001 : 96 nets have [11 - 20] pins
RUN-1001 : 181 nets have [21 - 99] pins
RUN-1001 : 35 nets have 100+ pins
PHY-1001 : End Stage 1.3 | Initialize Clock; Time: 0.011761s wall, 0.015625s user + 0.000000s system = 0.015625s CPU (132.9%); Memory(MB): used = 194, reserved = 190, peak = 194;

PHY-1001 : End Stage 1 | Initialize Design; Time: 0.043108s wall, 0.046875s user + 0.000000s system = 0.046875s CPU (108.7%); Memory(MB): used = 194, reserved = 190, peak = 194;

PHY-1001 : Stage 2 | Global Placement
RUN-1001 : Report Control nets information:
RUN-1001 : DFF Distribution
RUN-1001 : -------------------------------------
RUN-1001 :   CE   |  SSR  |  ASR  |  DFF Count  
RUN-1001 : -------------------------------------
RUN-1001 :   No   |  No   |  No   |      2      
RUN-1001 :   No   |  No   |  Yes  |     348     
RUN-1001 :   No   |  Yes  |  No   |      0      
RUN-1001 :   Yes  |  No   |  No   |     54      
RUN-1001 :   Yes  |  No   |  Yes  |    5290     
RUN-1001 :   Yes  |  Yes  |  No   |     20      
RUN-1001 : -------------------------------------
RUN-1001 : Control Group Statistic
RUN-1001 : -----------------------------
RUN-1001 :   #CLK  |  #CE  |  #SSR/ASR  
RUN-1001 : -----------------------------
RUN-1001 :    2    |  161  |     4      
RUN-1001 : -----------------------------
RUN-0007 : Control Set = 164
PHY-1001 : Stage 2.1 | Place Fixed Instances
PHY-1001 : End Stage 2.1 | Place Fixed Instances; Time: 0.029476s wall, 0.031250s user + 0.000000s system = 0.031250s CPU (106.0%); Memory(MB): used = 195, reserved = 191, peak = 195;

PHY-1001 : Stage 2.2 | Pre-Place DRC Check
PHY-1001 : Stage 2.2.1 | Force Route Constraint Check
PHY-1001 : Check Pass.
PHY-1001 : End Stage 2.2.1 | Force Route Constraint Check; Time: 0.000402s wall, 0.000000s user + 0.000000s system = 0.000000s CPU (n/a%); Memory(MB): used = 195, reserved = 191, peak = 195;

PHY-1001 : End Stage 2.2 | Pre-Place DRC Check; Time: 0.000476s wall, 0.000000s user + 0.000000s system = 0.000000s CPU (n/a%); Memory(MB): used = 195, reserved = 191, peak = 195;

PHY-1001 : Stage 2.3 | Global Placement Step 1
PHY-3001 : Target density is 33%
PHY-1001 : Stage 2.3.1 | Update Timing
RUN-1002 : start command "start_timer"
USR-1002 : Derived clock:  create_generated_clock -name {u_hdmi_pll/u_pll.clkc[0]} -source [get_ports {clk}] -master_clock {clk50m} -divide_by 2.0000 -duty_cycle 50.0000 [get_pins {u_hdmi_pll/u_pll.clkc[0]}]
TMR-2502 : Net delay update with mode: Synthesized
PHY-1001 : SWNS: 13631, STNS: 0, FEP: 0
PHY-1001 : End Stage 2.3.1 | Update Timing; Time: 0.491189s wall, 0.437500s user + 0.031250s system = 0.468750s CPU (95.4%); Memory(MB): used = 335, reserved = 328, peak = 335;

PHY-0007 : Cell area utilization is 33%
RUN-1001 : Huge Net Statistic
RUN-1001 : -------------------------------------------------------
RUN-1001 :   Fanout  |  Slack  |               Net                
RUN-1001 : -------------------------------------------------------
RUN-1001 :    4503   |  13631  |  u_media/u_media/u_loader/rst_n  
RUN-1001 :    1164   |  13631  |           media_rst_n            
RUN-1001 : -------------------------------------------------------
PHY-3001 : Clustering ...
PHY-3001 : End clustering;  0.037022s wall, 0.125000s user + 0.156250s system = 0.281250s CPU (759.7%)

PHY-3001 : Target density is 33%
PHY-1001 : Stage 2.3.2 | GP Iteration
PHY-1001 : End Stage 2.3.2 | GP Iteration; Time: 0.629243s wall, 1.531250s user + 1.265625s system = 2.796875s CPU (444.5%); Memory(MB): used = 339, reserved = 333, peak = 339;

PHY-3001 : Multithread accelerating rate: 4.59
TMR-2502 : Net delay update with mode: Placed
PHY-3001 : No need to merge 9x9 Dsps.
PHY-1001 : Populate physical database on model m2_slave_media_tx_top.
PHY-1001 : End Stage 2.3 | Global Placement Step 1; Time: 1.520201s wall, 2.453125s user + 1.468750s system = 3.921875s CPU (258.0%); Memory(MB): used = 341, reserved = 334, peak = 341;

PHY-1001 : Stage 2.4 | RAM/DSP Legalization and Detailed Placement
PHY-1001 : Stage 2.4.1 | Legalization
PHY-3001 : Before Legalized: Len = 324240
PHY-3001 : After Legalized: Len = 326555, Over = 12.25
PHY-1001 : End Stage 2.4.1 | Legalization; Time: 0.321964s wall, 0.296875s user + 0.015625s system = 0.312500s CPU (97.1%); Memory(MB): used = 342, reserved = 334, peak = 342;

PHY-1001 : End Stage 2.4 | RAM/DSP Legalization and Detailed Placement; Time: 0.322198s wall, 0.296875s user + 0.015625s system = 0.312500s CPU (97.0%); Memory(MB): used = 342, reserved = 334, peak = 342;

PHY-1001 : Stage 2.5 | Global Placement Step 2
PHY-3001 : Target density is 40%
PHY-1001 : Stage 2.5.1 | Update Timing
PHY-1001 : SWNS: 12263, STNS: 0, FEP: 0
PHY-1001 : End Stage 2.5.1 | Update Timing; Time: 0.030055s wall, 0.031250s user + 0.000000s system = 0.031250s CPU (104.0%); Memory(MB): used = 342, reserved = 334, peak = 342;

PHY-1001 : Stage 2.5.2 | Refresh Congestion
RUN-1001 : Generating global routing grids ...
RUN-1001 : Building simple global routing graph ...
PHY-1001 : Generate routing nets ...
PHY-1001 : Reuse net number 0/4252.
PHY-1001 : Global iterations in 24 thread ...
PHY-1002 : len = 399856, over cnt = 981(2%), over = 4757, worst = 76
PHY-1001 : End global iterations;  0.214695s wall, 0.296875s user + 0.046875s system = 0.343750s CPU (160.1%)

PHY-1001 : Congestion index:
PHY-1001 : top1  = 62.54(S 124.18, N 106.47, E 89.31, W 80.39, I 0.00, O 0.00)
PHY-1001 : top5  = 46.08(S 79.45, N 73.48, E 60.93, W 51.71, I 0.00, O 0.00)
PHY-1001 : top10 = 39.25(S 62.48, N 57.59, E 48.38, W 40.58, I 0.00, O 0.00)
PHY-1001 : top15 = 34.83(S 52.17, N 48.16, E 40.55, W 34.30, I 0.00, O 0.00)
PHY-1001 : End Stage 2.5.2 | Refresh Congestion; Time: 0.266526s wall, 0.328125s user + 0.062500s system = 0.390625s CPU (146.6%); Memory(MB): used = 380, reserved = 373, peak = 380;

PHY-1001 : Stage 2.5.3 | GP Iteration
PHY-1001 : End Stage 2.5.3 | GP Iteration; Time: 0.768121s wall, 2.531250s user + 1.328125s system = 3.859375s CPU (502.4%); Memory(MB): used = 381, reserved = 373, peak = 381;

PHY-3001 : Multithread accelerating rate: 5.01
PHY-1001 : End Stage 2.5 | Global Placement Step 2; Time: 1.403717s wall, 3.187500s user + 1.421875s system = 4.609375s CPU (328.4%); Memory(MB): used = 382, reserved = 374, peak = 382;

PHY-1001 : Stage 2.6 | RAM/DSP Detailed Placement
PHY-1001 : End Stage 2.6 | RAM/DSP Detailed Placement; Time: 0.004253s wall, 0.000000s user + 0.000000s system = 0.000000s CPU (n/a%); Memory(MB): used = 382, reserved = 374, peak = 382;

PHY-1001 : Stage 2.7 | Optimize Design
OPT-1001 : Start physical optimization ...
OPT-1001 : Total overflow 292.16 peak overflow 3.47
OPT-1001 : Stage 2.7.1 | Synthesize High-fanout Net
OPT-1001 : Start high-fanout net optimization in pre-pack flow with medium effort ...
OPT-1001 : Update timing in Manhattan mode
OPT-1001 : End timing update;  0.318046s wall, 0.296875s user + 0.000000s system = 0.296875s CPU (93.3%)

OPT-1001 : Start: SWNS 12713 STNS 0 NUM_FEPS 0
OPT-1001 : Total overflow 292.16 peak overflow 3.47
PHY-1001 : Populate physical database on model m2_slave_media_tx_top.
OPT-1001 : 37 high-fanout net processed.
PHY-3001 : Start incremental placement ...
PHY-1001 : Populate physical database on model m2_slave_media_tx_top.
PHY-3001 : Target density is 42%
PHY-3001 : Target density is 42%
PHY-1001 : Stage 2.7.1.1 | Update Timing
PHY-1001 : SWNS: 12713, STNS: 0, FEP: 0
PHY-1001 : End Stage 2.7.1.1 | Update Timing; Time: 0.050042s wall, 0.046875s user + 0.000000s system = 0.046875s CPU (93.7%); Memory(MB): used = 389, reserved = 381, peak = 389;

PHY-1001 : Stage 2.7.1.2 | Refresh Congestion
RUN-1001 : Generating global routing grids ...
PHY-1001 : Generate routing nets ...
PHY-1001 : Reuse net number 39/11278.
PHY-1001 : Global iterations in 24 thread ...
PHY-1002 : len = 491928, over cnt = 1772(5%), over = 6577, worst = 35
PHY-1001 : End global iterations;  0.301737s wall, 0.515625s user + 0.015625s system = 0.531250s CPU (176.1%)

PHY-1001 : Congestion index:
PHY-1001 : top1  = 55.08(S 95.69, N 105.71, E 79.20, W 87.07, I 0.00, O 0.00)
PHY-1001 : top5  = 44.24(S 70.29, N 69.87, E 60.12, W 59.16, I 0.00, O 0.00)
PHY-1001 : top10 = 39.43(S 58.87, N 56.05, E 51.33, W 49.37, I 0.00, O 0.00)
PHY-1001 : top15 = 36.48(S 52.52, N 48.57, E 45.85, W 43.57, I 0.00, O 0.00)
PHY-1001 : End Stage 2.7.1.2 | Refresh Congestion; Time: 0.356604s wall, 0.546875s user + 0.031250s system = 0.578125s CPU (162.1%); Memory(MB): used = 397, reserved = 390, peak = 397;

PHY-1001 : Stage 2.7.1.3 | GP Iteration
PHY-1001 : End Stage 2.7.1.3 | GP Iteration; Time: 0.423047s wall, 1.906250s user + 1.187500s system = 3.093750s CPU (731.3%); Memory(MB): used = 398, reserved = 391, peak = 398;

PHY-3001 : Multithread accelerating rate: 7.28
PHY-3001 : Final: Len = 382734, Over = 58.3438
PHY-3001 : End incremental placement;  0.920005s wall, 2.578125s user + 1.234375s system = 3.812500s CPU (414.4%)

OPT-1001 : Total overflow 354.47 peak overflow 4.84
RUN-1001 : HFN opt statistic
RUN-1001 : ------------------------------------------------------
RUN-1001 :   DriverCell type  |  HFN count  |  Duplicated count  
RUN-1001 : ------------------------------------------------------
RUN-1001 :         REG        |     18      |        181         
RUN-1001 :        LUT6        |      0      |         0          
RUN-1001 :        LUT5        |      0      |         0          
RUN-1001 :        LUT4        |     10      |         79         
RUN-1001 :        LUT3        |      3      |         14         
RUN-1001 :        LUT2        |      6      |        249         
RUN-1001 :        TOTAL       |     37      |        523         
RUN-1001 : ------------------------------------------------------
OPT-1001 : End high-fanout net optimization;  2.526880s wall, 4.218750s user + 1.328125s system = 5.546875s CPU (219.5%)

OPT-1001 : Update timing in Manhattan mode
OPT-1001 : End timing update;  0.374381s wall, 0.359375s user + 0.000000s system = 0.359375s CPU (96.0%)

OPT-1001 : Current memory(MB): used = 399, reserved = 391, peak = 399.
OPT-1001 : End Stage 2.7.1 | Synthesize High-fanout Net; Time: 2.940285s wall, 4.625000s user + 1.328125s system = 5.953125s CPU (202.5%); Memory(MB): used = 399, reserved = 391, peak = 399;

OPT-1001 : Stage 2.7.2 | Global Optimization
OPT-1001 : Start global optimization ...
OPT-0007 : Start: SWNS 13363 STNS 0 NUM_FEPS 0
OPT-1001 : Start congestion update ...
RUN-1001 : Generating global routing grids ...
PHY-1001 : Generate routing nets ...
PHY-1001 : Reuse net number 875/11341.
PHY-1001 : Global iterations in 24 thread ...
PHY-1002 : len = 464232, over cnt = 1468(4%), over = 4013, worst = 17
PHY-1002 : len = 483176, over cnt = 1141(3%), over = 2441, worst = 17
PHY-1002 : len = 499480, over cnt = 684(1%), over = 1352, worst = 13
PHY-1002 : len = 507568, over cnt = 398(1%), over = 806, worst = 13
PHY-1002 : len = 521440, over cnt = 0(0%), over = 0, worst = 0
PHY-1001 : End global iterations;  0.685319s wall, 0.750000s user + 0.000000s system = 0.750000s CPU (109.4%)

PHY-1001 : Congestion index:
PHY-1001 : top1  = 47.63(S 64.31, N 64.03, E 58.34, W 60.52, I 0.00, O 0.00)
PHY-1001 : top5  = 40.46(S 54.13, N 50.93, E 48.13, W 50.04, I 0.00, O 0.00)
PHY-1001 : top10 = 36.51(S 48.44, N 44.37, E 42.83, W 44.31, I 0.00, O 0.00)
PHY-1001 : top15 = 34.06(S 44.77, N 40.25, E 39.34, W 40.47, I 0.00, O 0.00)
OPT-1001 : End congestion update;  0.762208s wall, 0.828125s user + 0.000000s system = 0.828125s CPU (108.6%)

OPT-1001 : Overall commit ratio -1.00
OPT-1001 : End global optimization;  0.771337s wall, 0.828125s user + 0.000000s system = 0.828125s CPU (107.4%)

OPT-1001 : Current memory(MB): used = 399, reserved = 391, peak = 399.
OPT-1001 : End Stage 2.7.2 | Global Optimization; Time: 0.812952s wall, 0.875000s user + 0.000000s system = 0.875000s CPU (107.6%); Memory(MB): used = 399, reserved = 391, peak = 399;

OPT-0007 : End flow prepack: SWNS 13363 STNS 0 NUM_FEPS 0
OPT-1001 : End physical optimization;  3.766656s wall, 5.781250s user + 1.375000s system = 7.156250s CPU (190.0%)

PHY-1001 : End Stage 2.7 | Optimize Design; Time: 3.766720s wall, 5.781250s user + 1.375000s system = 7.156250s CPU (190.0%); Memory(MB): used = 399, reserved = 391, peak = 399;

PHY-1001 : Stage 2.8 | Place Packing
PHY-1001 : Stage 2.8.1 | Packing
SYN-4007 : Packing 0 MUX to BLE ...
SYN-4008 : Packed 0 MUX and 0 SEQ to BLE.
SYN-4007 : Packing 5543 LUT to BLE ...
SYN-4008 : Packed 5543 LUT and 1933 SEQ to BLE.
SYN-4003 : Packing 3962 remaining SEQ's ...
SYN-4005 : Packed 2698 SEQ with LUT/SLICE
SYN-4006 : 966 single LUT's are left
SYN-4006 : 1264 single SEQ's are left
SYN-4011 : Packing model "m2_slave_media_tx_top" (AL_USER_NORMAL) with 6807/7560 primitive instances ...
PHY-1001 : Populate physical database on model m2_slave_media_tx_top.
RUN-1001 : There are total 4702 instances
RUN-1001 : 2326 mslices, 2326 lslices, 38 pads, 0 brams, 7 dsps
RUN-1001 : There are total 12054 nets
RUN-1001 : 8728 nets have 2 pins
RUN-1001 : 2025 nets have [3 - 5] pins
RUN-1001 : 523 nets have [6 - 10] pins
RUN-1001 : 413 nets have [11 - 20] pins
RUN-1001 : 360 nets have [21 - 99] pins
RUN-1001 : 5 nets have 100+ pins
PHY-3001 : Target density is 56%
RUN-1002 : start command "start_timer"
USR-1002 : Derived clock:  create_generated_clock -name {u_hdmi_pll/u_pll.clkc[0]} -source [get_ports {clk}] -master_clock {clk50m} -divide_by 2.0000 -duty_cycle 50.0000 [get_pins {u_hdmi_pll/u_pll.clkc[0]}]
PHY-1001 : End Stage 2.8.1 | Packing; Time: 1.207990s wall, 1.171875s user + 0.046875s system = 1.218750s CPU (100.9%); Memory(MB): used = 407, reserved = 399, peak = 407;

PHY-1001 : Stage 2.8.2 | Post Pack GP
PHY-3001 : Target density is 54%
PHY-3001 : Cell area utilization is 54%
PHY-3001 : After packing: Len = 393712, Over = 142.5
PHY-3001 : Target density is 54%
PHY-1001 : Stage 2.8.2.1 | Update Timing
PHY-1001 : SWNS: 13630, STNS: 0, FEP: 0
PHY-1001 : End Stage 2.8.2.1 | Update Timing; Time: 0.034165s wall, 0.015625s user + 0.000000s system = 0.015625s CPU (45.7%); Memory(MB): used = 408, reserved = 400, peak = 408;

PHY-1001 : Stage 2.8.2.2 | Refresh Congestion
RUN-1001 : Generating global routing grids ...
PHY-1001 : Generate routing nets ...
PHY-1001 : Reuse net number 4923/9514.
PHY-1001 : Global iterations in 24 thread ...
PHY-1002 : len = 515840, over cnt = 1159(3%), over = 2200, worst = 9
PHY-1002 : len = 522536, over cnt = 803(2%), over = 1332, worst = 7
PHY-1002 : len = 533112, over cnt = 230(0%), over = 376, worst = 7
PHY-1002 : len = 537064, over cnt = 60(0%), over = 95, worst = 7
PHY-1002 : len = 538328, over cnt = 0(0%), over = 0, worst = 0
PHY-1001 : End global iterations;  0.504762s wall, 0.546875s user + 0.031250s system = 0.578125s CPU (114.5%)

PHY-1001 : Congestion index:
PHY-1001 : top1  = 49.80(S 64.40, N 64.01, E 59.40, W 60.09, I 0.00, O 0.00)
PHY-1001 : top5  = 41.44(S 54.46, N 51.23, E 47.82, W 49.30, I 0.00, O 0.00)
PHY-1001 : top10 = 37.66(S 49.18, N 44.85, E 42.68, W 43.65, I 0.00, O 0.00)
PHY-1001 : top15 = 35.14(S 45.36, N 40.82, E 39.24, W 40.01, I 0.00, O 0.00)
PHY-1001 : End Stage 2.8.2.2 | Refresh Congestion; Time: 0.603736s wall, 0.656250s user + 0.031250s system = 0.687500s CPU (113.9%); Memory(MB): used = 412, reserved = 404, peak = 412;

PHY-1001 : Stage 2.8.2.3 | GP Iteration
PHY-1001 : End Stage 2.8.2.3 | GP Iteration; Time: 0.276986s wall, 0.890625s user + 0.609375s system = 1.500000s CPU (541.5%); Memory(MB): used = 412, reserved = 404, peak = 412;

PHY-3001 : Multithread accelerating rate: 5.39
PHY-1001 : End Stage 2.8.2 | Post Pack GP; Time: 0.922374s wall, 1.562500s user + 0.640625s system = 2.203125s CPU (238.9%); Memory(MB): used = 412, reserved = 404, peak = 412;

PHY-1001 : End Stage 2.8 | Place Packing; Time: 2.130525s wall, 2.734375s user + 0.687500s system = 3.421875s CPU (160.6%); Memory(MB): used = 412, reserved = 404, peak = 412;

PHY-1001 : Stage 2.9 | Legalization
PHY-3001 : Before Legalized: Len = 428892
PHY-3001 : After Legalized: Len = 477668, Over = 0
PHY-1001 : End Stage 2.9 | Legalization; Time: 0.010572s wall, 0.015625s user + 0.000000s system = 0.015625s CPU (147.8%); Memory(MB): used = 412, reserved = 404, peak = 412;

PHY-1001 : Stage 2.10 | Global Placement Step 3
PHY-3001 : Target density is 53%
PHY-1001 : Stage 2.10.1 | Update Timing
PHY-1001 : SWNS: 13296, STNS: 0, FEP: 0
PHY-1001 : End Stage 2.10.1 | Update Timing; Time: 0.359232s wall, 0.343750s user + 0.015625s system = 0.359375s CPU (100.0%); Memory(MB): used = 413, reserved = 405, peak = 413;

PHY-1001 : Stage 2.10.2 | Refresh Congestion
RUN-1001 : Generating global routing grids ...
PHY-1001 : Generate routing nets ...
PHY-1001 : Reuse net number 201/10228.
PHY-1001 : Global iterations in 24 thread ...
PHY-1002 : len = 578328, over cnt = 1429(4%), over = 2608, worst = 8
PHY-1002 : len = 587184, over cnt = 905(2%), over = 1468, worst = 6
PHY-1002 : len = 599576, over cnt = 199(0%), over = 291, worst = 5
PHY-1002 : len = 601632, over cnt = 74(0%), over = 105, worst = 4
PHY-1002 : len = 602632, over cnt = 1(0%), over = 1, worst = 1
PHY-1001 : End global iterations;  0.753255s wall, 0.859375s user + 0.015625s system = 0.875000s CPU (116.2%)

PHY-1001 : Congestion index:
PHY-1001 : top1  = 44.17(S 61.19, N 60.58, E 53.49, W 59.07, I 0.00, O 0.00)
PHY-1001 : top5  = 39.29(S 53.69, N 50.32, E 44.89, W 49.41, I 0.00, O 0.00)
PHY-1001 : top10 = 36.55(S 48.98, N 45.02, E 40.71, W 44.08, I 0.00, O 0.00)
PHY-1001 : top15 = 34.66(S 45.60, N 41.39, E 37.92, W 40.62, I 0.00, O 0.00)
PHY-1001 : End Stage 2.10.2 | Refresh Congestion; Time: 0.869240s wall, 0.968750s user + 0.031250s system = 1.000000s CPU (115.0%); Memory(MB): used = 423, reserved = 415, peak = 423;

PHY-1001 : Stage 2.10.3 | GP Iteration
PHY-1001 : End Stage 2.10.3 | GP Iteration; Time: 0.173218s wall, 0.656250s user + 0.078125s system = 0.734375s CPU (424.0%); Memory(MB): used = 423, reserved = 415, peak = 423;

PHY-3001 : Multithread accelerating rate: 4.20
PHY-1001 : End Stage 2.10 | Global Placement Step 3; Time: 1.422524s wall, 1.968750s user + 0.140625s system = 2.109375s CPU (148.3%); Memory(MB): used = 423, reserved = 415, peak = 423;

PHY-1001 : Stage 2.11 | Final Legalization
PHY-3001 : Before Legalized: Len = 432612
PHY-3001 : After Legalized: Len = 452624, Over = 0
PHY-1001 : End Stage 2.11 | Final Legalization; Time: 0.008525s wall, 0.000000s user + 0.000000s system = 0.000000s CPU (n/a%); Memory(MB): used = 423, reserved = 415, peak = 423;

PHY-1001 : End Stage 2 | Global Placement; Time: 10.635712s wall, 16.468750s user + 5.109375s system = 21.578125s CPU (202.9%); Memory(MB): used = 423, reserved = 415, peak = 423;

PHY-1001 : Stage 3 | Detailed Placement
PHY-1001 : Stage 3.1 | SLICE Detailed Placement
PHY-1001 : Stage 3.1.1 | Spreading
PHY-3001 : Spreading special nets. 1 overflows in 2952 tiles.
PHY-3001 : End spreading;  0.009743s wall, 0.000000s user + 0.000000s system = 0.000000s CPU (n/a%)

PHY-1001 : End Stage 3.1.1 | Spreading; Time: 0.009775s wall, 0.000000s user + 0.000000s system = 0.000000s CPU (n/a%); Memory(MB): used = 424, reserved = 416, peak = 424;

PHY-3001 : Final: Len = 452632, Over = 0
PHY-1001 : End Stage 3.1 | SLICE Detailed Placement; Time: 0.382332s wall, 0.343750s user + 0.031250s system = 0.375000s CPU (98.1%); Memory(MB): used = 424, reserved = 416, peak = 424;

PHY-3001 : End Detailed Place; 
PHY-1001 : Stage 3.2 | Optimize Design
OPT-1001 : Start physical optimization ...
OPT-1001 : Total overflow 0.00 peak overflow 0.00
OPT-1001 : Stage 3.2.1 | Physical Optimization
OPT-1001 : Start high-fanout net optimization in optimize equivalent flow with medium effort ...
OPT-1001 : Clean unloaded insts before merging registers
PHY-1001 : Populate physical database on model m2_slave_media_tx_top.
PHY-1001 : Populate physical database on model m2_slave_media_tx_top.
PHY-1001 : Populate physical database on model m2_slave_media_tx_top.
OPT-1001 : Total overflow 0.00 peak overflow 0.00
OPT-1001 : End optimize duplicated nets. Total 216 instances are merged and 4056 sinks are reconnected,  0.098779s wall, 0.078125s user + 0.015625s system = 0.093750s CPU (94.9%)

OPT-1001 : End high-fanout net optimization;  0.099136s wall, 0.078125s user + 0.015625s system = 0.093750s CPU (94.6%)

OPT-1001 : Update timing in Manhattan mode
RUN-1002 : start command "start_timer"
OPT-1001 : End timing update;  0.616309s wall, 0.593750s user + 0.015625s system = 0.609375s CPU (98.9%)

OPT-1001 : Current memory(MB): used = 424, reserved = 416, peak = 424.
OPT-1001 : End Stage 3.2.1 | Physical Optimization; Time: 0.754656s wall, 0.687500s user + 0.046875s system = 0.734375s CPU (97.3%); Memory(MB): used = 424, reserved = 416, peak = 424;

OPT-1001 : Stage 3.2.2 | Synthesize High-fanout Net
OPT-1001 : Start high-fanout net optimization in post-pack flow with medium effort ...
OPT-1001 : Start: SWNS 13296 STNS 0 NUM_FEPS 0
OPT-1001 : Total overflow 0.00 peak overflow 0.00
PHY-1001 : Populate physical database on model m2_slave_media_tx_top.
OPT-1001 : 15 high-fanout net processed.
OPT-1001 : Total overflow 0.00 peak overflow 0.00
RUN-1001 : HFN opt statistic
RUN-1001 : ------------------------------------------------------
RUN-1001 :   DriverCell type  |  HFN count  |  Duplicated count  
RUN-1001 : ------------------------------------------------------
RUN-1001 :       LSLICE       |      0      |         0          
RUN-1001 :       MSLICE       |      0      |         0          
RUN-1001 :        OTHER       |     15      |         57         
RUN-1001 :        TOTAL       |     15      |         57         
RUN-1001 : ------------------------------------------------------
OPT-1001 : End high-fanout net optimization;  0.411088s wall, 0.421875s user + 0.000000s system = 0.421875s CPU (102.6%)

OPT-1001 : Current memory(MB): used = 424, reserved = 416, peak = 424.
OPT-1001 : End Stage 3.2.2 | Synthesize High-fanout Net; Time: 0.457622s wall, 0.468750s user + 0.000000s system = 0.468750s CPU (102.4%); Memory(MB): used = 424, reserved = 416, peak = 424;

OPT-1001 : Stage 3.2.3 | Optimize Path
OPT-1001 : Start path based optimization ...
OPT-0007 : Start: SWNS 13296 STNS 0 NUM_FEPS 0 with mode 0
OPT-0007 : Skip optimization due to slack greater than threshold 3000
OPT-1001 : Current memory(MB): used = 424, reserved = 416, peak = 424.
OPT-1001 : End Stage 3.2.3 | Optimize Path; Time: 0.051277s wall, 0.046875s user + 0.000000s system = 0.046875s CPU (91.4%); Memory(MB): used = 424, reserved = 416, peak = 424;

OPT-1001 : Stage 3.2.4 | Optimize Duplicated Nets
OPT-1001 : Start: WNS 13296 TNS 0 NUM_FEPS 0
OPT-1001 : Clean unloaded insts before merging registers
PHY-1001 : Populate physical database on model m2_slave_media_tx_top.
PHY-1001 : Populate physical database on model m2_slave_media_tx_top.
OPT-1001 : Total overflow 0.00 peak overflow 0.00
OPT-1001 : End optimize duplicated nets. Total 35 instances are merged and 1443 sinks are reconnected,  0.229497s wall, 0.234375s user + 0.000000s system = 0.234375s CPU (102.1%)

OPT-1001 : Update timing in Manhattan mode
RUN-1002 : start command "start_timer"
OPT-1001 : End timing update;  0.629275s wall, 0.593750s user + 0.000000s system = 0.593750s CPU (94.4%)

OPT-1001 : Current memory(MB): used = 424, reserved = 416, peak = 424.
OPT-1001 : End Stage 3.2.4 | Optimize Duplicated Nets; Time: 0.898918s wall, 0.859375s user + 0.000000s system = 0.859375s CPU (95.6%); Memory(MB): used = 424, reserved = 416, peak = 424;

OPT-1001 : Stage 3.2.5 | Swap Pins
OPT-1001 : Start pin optimization...
OPT-0007 : Skip optimization due to slack greater than threshold 3000
OPT-1001 : Current memory(MB): used = 424, reserved = 416, peak = 424.
OPT-1001 : End Stage 3.2.5 | Swap Pins; Time: 0.040741s wall, 0.031250s user + 0.000000s system = 0.031250s CPU (76.7%); Memory(MB): used = 424, reserved = 416, peak = 424;

OPT-0007 : End flow postpack: SWNS 13296 STNS 0 NUM_FEPS 0
RUN-1001 : Generating global routing grids ...
PHY-1001 : Generate routing nets ...
PHY-1001 : Reuse net number 2280/9976.
PHY-1001 : Global iterations in 24 thread ...
PHY-1002 : len = 550568, over cnt = 1398(3%), over = 2430, worst = 8
PHY-1002 : len = 558224, over cnt = 854(2%), over = 1293, worst = 6
PHY-1002 : len = 570120, over cnt = 110(0%), over = 144, worst = 6
PHY-1002 : len = 571304, over cnt = 25(0%), over = 34, worst = 6
PHY-1002 : len = 571696, over cnt = 0(0%), over = 0, worst = 0
PHY-1001 : End global iterations;  0.643785s wall, 0.734375s user + 0.046875s system = 0.781250s CPU (121.4%)

PHY-1001 : Congestion index:
PHY-1001 : top1  = 41.44(S 58.43, N 57.76, E 54.01, W 54.89, I 0.00, O 0.00)
PHY-1001 : top5  = 37.08(S 51.42, N 48.89, E 44.49, W 46.00, I 0.00, O 0.00)
PHY-1001 : top10 = 34.57(S 47.07, N 44.06, E 39.59, W 41.47, I 0.00, O 0.00)
PHY-1001 : top15 = 32.94(S 44.02, N 40.67, E 36.80, W 38.55, I 0.00, O 0.00)
RUN-1001 : QoR Analysis:
OPT-0007 :   SWNS 13296 STNS 0 NUM_FEPS 0
RUN-1001 :   No local congestion issue, and most congested 1% tile average routing util is 41.000000
RUN-1001 :   Top critical paths
RUN-1001 :       #1 path slack 13296ps with logic level 5 
RUN-1001 :       #2 path slack 13346ps with logic level 5 
RUN-1001 :       #3 path slack 13346ps with logic level 5 
RUN-1001 :       #4 path slack 13346ps with logic level 5 
RUN-1001 :       #5 path slack 13380ps with logic level 5 
RUN-1001 :       #6 path slack 13380ps with logic level 5 
RUN-1001 :       #7 path slack 13380ps with logic level 5 
RUN-1001 :       #8 path slack 13380ps with logic level 5 
RUN-1001 :       #9 path slack 13396ps with logic level 5 
OPT-1001 : End physical optimization;  2.990536s wall, 2.984375s user + 0.093750s system = 3.078125s CPU (102.9%)

PHY-1001 : End Stage 3.2 | Optimize Design; Time: 2.990597s wall, 2.984375s user + 0.093750s system = 3.078125s CPU (102.9%); Memory(MB): used = 424, reserved = 416, peak = 424;

PHY-1001 : End Stage 3 | Detailed Placement; Time: 3.379978s wall, 3.328125s user + 0.125000s system = 3.453125s CPU (102.2%); Memory(MB): used = 424, reserved = 416, peak = 424;

PHY-1001 : Stage 4 | Optimize Design
PHY-3001 : Start incremental legalization ...
PHY-1001 : Populate physical database on model m2_slave_media_tx_top.
PHY-3001 : Target density is 47%
PHY-3001 : Target density is 54%
PHY-3001 : Initial: Len = 442871, Over = 0
PHY-1001 : Stage 4.1 | Spreading
PHY-3001 : End spreading;  0.014789s wall, 0.015625s user + 0.000000s system = 0.015625s CPU (105.7%)

PHY-1001 : End Stage 4.1 | Spreading; Time: 0.014839s wall, 0.015625s user + 0.000000s system = 0.015625s CPU (105.3%); Memory(MB): used = 425, reserved = 416, peak = 425;

PHY-3001 : Final: Len = 442871, Over = 0
PHY-3001 : End incremental legalization;  0.078430s wall, 0.046875s user + 0.015625s system = 0.062500s CPU (79.7%)

RUN-1002 : start command "report_qor -step place -file place.qor"
RUN-1002 : start command "start_timer"
RUN-1001 : Generating global routing grids ...
-----------------------------------------------------------
| QoR metrics               |         value               |
-----------------------------------------------------------
| Timing                    |                             |
|     Setup WNS             |        13296                |
|     Setup TNS             |            0                |
|     Num of violated S-EP  |            0                |
|     FMAX                  |   149.165MHz                |
|     SWNS path clock period |      20000ps                |
|     Hold WNS              |          144                |
|     Hold TNS              |            0                |
|     Num of violated H-EP  |            0                |
-----------------------------------------------------------
| Routing Resource          |                             |
|     Wire length           |       440725                |
-----------------------------------------------------------
| Utilization               |                             |
|     #slices               |         4688                |
|     slices percentage     |       47.84%                |
|     #RAMs                 |            0                |
|     #DSPs                 |            7                |
|     #DRAMHARDCON          |            0                |
-----------------------------------------------------------
| Congestion                |                             |
|     Top 1% tile util      |           40                |
|     Top 1% tile avg util  |       41.00%                |
|     Over 100% util #tile  |            0                |
-----------------------------------------------------------
Report place stage QoR done.

PHY-1001 : End Stage 4 | Optimize Design; Time: 0.881572s wall, 0.828125s user + 0.046875s system = 0.875000s CPU (99.3%); Memory(MB): used = 425, reserved = 416, peak = 425;

PHY-1001 : Stage 5 | DRC Check
PHY-1001 : Stage 5.1 | Force Route Constraint Check
PHY-1001 : Check Pass.
PHY-1001 : End Stage 5.1 | Force Route Constraint Check; Time: 0.000442s wall, 0.000000s user + 0.000000s system = 0.000000s CPU (n/a%); Memory(MB): used = 425, reserved = 416, peak = 425;

PHY-1001 : Stage 5.2 | Duplicated SelfDriven Check
PHY-1001 : Check pass.
PHY-1001 : End Stage 5.2 | Duplicated SelfDriven Check; Time: 0.009195s wall, 0.000000s user + 0.000000s system = 0.000000s CPU (n/a%); Memory(MB): used = 425, reserved = 416, peak = 425;

PHY-1001 : Stage 5.3 | Clock Rule Check
PHY-1001 : End Stage 5.3 | Clock Rule Check; Time: 0.000237s wall, 0.000000s user + 0.000000s system = 0.000000s CPU (n/a%); Memory(MB): used = 425, reserved = 416, peak = 425;

PHY-1001 : End Stage 5 | DRC Check; Time: 0.019172s wall, 0.000000s user + 0.015625s system = 0.015625s CPU (81.5%); Memory(MB): used = 425, reserved = 416, peak = 425;

OPT-1001 : QoR tracer report on placement steps:
    SWNS [   incr ]    STNS [   incr ]    FEPS [   incr ]    CRIT [   incr ]      CELL [     incr ]        WL [     incr ]    CONG [   incr ]    PDES [   incr ]   RT(s) [   incr ]   MEM(mb) [     incr ]
       0 [      0 ]       0 [      0 ]       0 [      0 ]       0 [      0 ]     11668 [        0 ]         0 [        0 ]    0.00 [   0.00 ]       0 [      0 ]       0 [      0 ]       194 [        0 ] : preplace:simplify_lut
       0 [      0 ]       0 [      0 ]       0 [      0 ]       0 [      0 ]     11668 [        0 ]         0 [        0 ]    0.00 [   0.00 ]       0 [      0 ]       0 [      0 ]       194 [        0 ] : preplace:sweep
       0 [      0 ]       0 [      0 ]       0 [      0 ]       0 [      0 ]     11668 [        0 ]         0 [        0 ]    0.00 [   0.00 ]       0 [      0 ]       0 [      0 ]       194 [        0 ] : preplace:hfn_opt
   12263 [  12263 ]       0 [      0 ]       0 [      0 ]   30160 [  30160 ]     11668 [        0 ]    321950 [   321950 ]    0.00 [   0.00 ]       0 [      0 ]       1 [      1 ]       341 [      147 ] : step1_gp
   12263 [      0 ]       0 [      0 ]       0 [      0 ]   30060 [   -100 ]     11668 [        0 ]    324359 [     2409 ]    0.00 [   0.00 ]       0 [      0 ]       1 [      0 ]       342 [        1 ] : step1_legal
   12713 [    450 ]       0 [      0 ]       0 [      0 ]   30505 [    445 ]     11668 [        0 ]    355059 [    30700 ]   62.10 [  62.10 ]       0 [      0 ]       3 [      2 ]       382 [       40 ] : step2_gp
   13363 [    650 ]       0 [      0 ]       0 [      0 ]   29798 [   -707 ]     12191 [      523 ]    380025 [    24966 ]   54.62 [  -7.48 ]       0 [      0 ]       6 [      3 ]       399 [       17 ] : prepack:hfn_opt
   13363 [      0 ]       0 [      0 ]       0 [      0 ]   29798 [      0 ]     12191 [        0 ]    380025 [        0 ]   47.24 [  -7.38 ]       0 [      0 ]       7 [      1 ]       399 [        0 ] : prepack:global_opt
   13630 [    267 ]       0 [      0 ]       0 [      0 ]   29522 [   -276 ]      4702 [    -7489 ]    391540 [    11515 ]   47.24 [   0.00 ]       0 [      0 ]       8 [      1 ]       407 [        8 ] : pack
   13296 [   -334 ]       0 [      0 ]       0 [      0 ]   29561 [     39 ]      4702 [        0 ]    450452 [    58912 ]   43.76 [  -3.48 ]       0 [      0 ]      11 [      3 ]       424 [       17 ] : post_pack_place
   13296 [      0 ]       0 [      0 ]       0 [      0 ]   29561 [      0 ]      4702 [        0 ]    450460 [        8 ]   43.76 [   0.00 ]       0 [      0 ]      11 [      0 ]       424 [        0 ] : post_pack_spreading
   13296 [      0 ]       0 [      0 ]       0 [      0 ]   29722 [    161 ]      4691 [      -11 ]    437355 [   -13105 ]   43.76 [   0.00 ]       0 [      0 ]      12 [      1 ]       424 [        0 ] : postpack:optimize_equivalent_quick
   13296 [      0 ]       0 [      0 ]       0 [      0 ]   29722 [      0 ]      4748 [       57 ]    445017 [     7662 ]   43.76 [   0.00 ]       0 [      0 ]      12 [      0 ]       424 [        0 ] : postpack:hfn_opt
   13296 [      0 ]       0 [      0 ]       0 [      0 ]   29722 [      0 ]      4748 [        0 ]    445017 [        0 ]   43.76 [   0.00 ]       0 [      0 ]      12 [      0 ]       424 [        0 ] : postpack:path_opt
   13296 [      0 ]       0 [      0 ]       0 [      0 ]   29736 [     14 ]      4738 [      -10 ]    440725 [    -4292 ]   43.76 [   0.00 ]       0 [      0 ]      13 [      1 ]       424 [        0 ] : postpack:optimize_equivalent
   13296 [      0 ]       0 [      0 ]       0 [      0 ]   29736 [      0 ]      4738 [        0 ]    440725 [        0 ]   43.76 [   0.00 ]       0 [      0 ]      13 [      0 ]       424 [        0 ] : postpack:pin_opt

RUN-1003 : finish command "place" in  15.363226s wall, 21.078125s user + 5.296875s system = 26.375000s CPU (171.7%)

RUN-1004 : used memory is 425 MB, reserved memory is 416 MB, peak memory is 425 MB
RUN-1002 : start command "update_timing -mode manhattan"
RUN-1002 : start command "start_timer"
RUN-1002 : start command "report_timing_summary -file FPGA_Competition_HDMI_SLAVE_place.timing"
RUN-1002 : start command "report_area -io_info -file FPGA_Competition_HDMI_SLAVE_phy.area"
RUN-1001 : standard
***Report Model: m2_slave_media_tx_top Device: EG4S20BG256***

IO Statistics
#IO                        38   out of    188   20.21%
  #input                    6
  #output                  32
  #inout                    0

Utilization Statistics
#lut                     7058   out of  19600   36.01%
#reg                     5837   out of  19600   29.78%
#le                      8317
  #lut only              2480   out of   8317   29.82%
  #reg only              1259   out of   8317   15.14%
  #lut&reg               4578   out of   8317   55.04%
#bram                       0   out of     64    0.00%
  #bram9k                   0
  #fifo9k                   0
#bram32k                    0   out of     16    0.00%
#dsp                        7   out of     29   24.14%
#pad                       38   out of    188   20.21%
  #ireg                     3
  #oreg                    12
  #treg                     0
#pll                        1   out of      4   25.00%
#gclk                       1   out of     16    6.25%

RUN-1002 : start command "flow_status -file place_flow.status"
Location         : D:\AnlogicProject\FPGA_Competition_HDMI\sim_work\m2_ui_fast_20261006_release\slave\phy_1
Running with     : Tang Dynasty v6.2.168116
                   Copyright (c) 2012-2025 Anlogic Inc.
Top Model        : m2_slave_media_tx_top
Device           : EG4S20BG256
Speed            : NA

Timing Mode      : manhattan
Setup            : WNS 13296ps  TNS        0ps  NUM_FEPS     0
Hold             : WNS   144ps  TNS        0ps  NUM_FEPS     0

Flow Statistics  :
RUN-1001 : Flow Statistics:
RUN-1001 : --------------------------------------------------------------------------------------------------
RUN-1001 :      command     |  #calls  |  wall time  |  cpu time(s)  |  used memory(mb)  |  peak memory(mb)  
RUN-1001 : --------------------------------------------------------------------------------------------------
RUN-1001 :       place      |    1     |  15s(100%)  |   26(100%)    |        425        |        425        
RUN-1001 :     import_db    |    1     |   0s(0%)    |     0(0%)     |        192        |        192        
RUN-1001 :   import_device  |    1     |   0s(0%)    |     0(0%)     |        83         |        83         
RUN-1001 : --------------------------------------------------------------------------------------------------
RUN-1001 :       total      |    3     |     15s     |      26       |        425        |        425        
RUN-1001 : --------------------------------------------------------------------------------------------------
RUN-1002 : start command "report_clock_utilization -file place_clock_utilization.txt"
RUN-1001 : Device not support command report_clock_utilization.
RUN-1002 : start command "export_db FPGA_Competition_HDMI_SLAVE_place.db"
RUN-1001 : Exported flow parameters
RUN-1001 : Exported /
RUN-1001 : Exported libs
RUN-1001 : Exported entities
RUN-1001 : Exported ports
RUN-1001 : Exported pins
RUN-1001 : Exported instances
RUN-1001 : Exported nets
RUN-1001 : Exported buses
RUN-1001 : Exported models
RUN-1001 : Exported phy database
RUN-1001 : Exported packer
RUN-1001 : Exported congestions
RUN-1001 : Exported violations
RUN-1001 : Exported ATMR Setting
RUN-1001 : Exported timing constraints
RUN-1001 : Exported IO constraints
RUN-1001 : Exported Inst constraints
RUN-1001 : Exported ChipWatcher
RUN-1002 : start command "commit_param -step route"
RUN-1001 : Print Global Property
RUN-1001 : --------------------------------------------------------
RUN-1001 :   Parameters   |  Settings  |  Default Values  |  Note  
RUN-1001 : --------------------------------------------------------
RUN-1001 :   enable_seed  |    off     |       off        |        
RUN-1001 :     message    |  standard  |     standard     |        
RUN-1001 :   qor_monitor  |     on     |        on        |        
RUN-1001 :   syn_ip_flow  |    off     |       off        |        
RUN-1001 :     thread     |    auto    |       auto       |        
RUN-1001 : --------------------------------------------------------
RUN-1001 : Print Route Property
RUN-1001 : -------------------------------------------------------
RUN-1001 :   Parameters  |  Settings  |  Default Values  |  Note  
RUN-1001 : -------------------------------------------------------
RUN-1001 :     effort    |   normal   |      normal      |        
RUN-1001 :    fix_hold   |     on     |        on        |        
RUN-1001 :     timing    |     on     |        on        |        
RUN-1001 : -------------------------------------------------------
RUN-1002 : start command "route"
RUN-1001 : Open license file D:/Anlogic/TD_6.2.1_Engineer_6.2.168.116/license/Anlogic.lic
PHY-1001 : Route runs in 24 thread(s)
RUN-1001 : There are total 4738 instances
RUN-1001 : 2324 mslices, 2364 lslices, 38 pads, 0 brams, 7 dsps
RUN-1001 : There are total 11924 nets
RUN-1001 : 8695 nets have 2 pins
RUN-1001 : 2049 nets have [3 - 5] pins
RUN-1001 : 522 nets have [6 - 10] pins
RUN-1001 : 251 nets have [11 - 20] pins
RUN-1001 : 400 nets have [21 - 99] pins
RUN-1001 : 7 nets have 100+ pins
RUN-1002 : start command "start_timer"
PHY-1001 : 2324 mslices, 2364 lslices, 38 pads, 0 brams, 7 dsps

PHY-1001 : Stage 1 | Global Routing
PHY-1001 : Start global routing, caller is route ...
RUN-1001 : Generating global routing grids ...
PHY-1001 : Generate routing nets ...
RUN-1001 : Generate nets statistics:
RUN-1001 : ----------------------------
RUN-1001 :        Type       |  Nets   
RUN-1001 : ----------------------------
RUN-1001 :   TotalRouteNets  |  10733  
RUN-1001 :   DontRouteNets   |   972   
RUN-1001 :     RouteNets     |  9761   
RUN-1001 :     RouteSinks    |  23838  
RUN-1001 : ----------------------------
PHY-1001 : Global iterations in 24 thread ...
PHY-1002 : len = 536072, over cnt = 1492(4%), over = 2789, worst = 8
PHY-1002 : len = 547576, over cnt = 876(2%), over = 1388, worst = 6
PHY-1002 : len = 559168, over cnt = 205(0%), over = 289, worst = 6
PHY-1002 : len = 562464, over cnt = 0(0%), over = 0, worst = 0
PHY-1001 : End global iterations;  0.722085s wall, 0.765625s user + 0.000000s system = 0.765625s CPU (106.0%)

PHY-1001 : Congestion index:
PHY-1001 : top1  = 41.16(S 59.44, N 57.26, E 54.01, W 54.68, I 0.00, O 0.00)
PHY-1001 : top5  = 36.77(S 52.12, N 48.64, E 44.49, W 45.77, I 0.00, O 0.00)
PHY-1001 : top10 = 34.27(S 47.43, N 43.59, E 39.65, W 40.99, I 0.00, O 0.00)
PHY-1001 : top15 = 32.63(S 44.21, N 40.29, E 36.74, W 37.95, I 0.00, O 0.00)
PHY-1001 : End global routing;  0.834535s wall, 0.875000s user + 0.000000s system = 0.875000s CPU (104.8%)

PHY-1001 : End Stage 1 | Global Routing; Time: 0.834576s wall, 0.875000s user + 0.000000s system = 0.875000s CPU (104.8%); Memory(MB): used = 441, reserved = 536, peak = 441;

PHY-1001 : Stage 2 | Detail Routing
PHY-1001 : Stage 2.1 | Build Routing Design
PHY-1001 : Routing in high effort: false
PHY-1001 : Routing Mode: normal
PHY-1001 : Generate detailed routing grids ...
PHY-1001 : End build routing graph; 1.426345s wall, 1.312500s user + 0.109375s system = 1.421875s CPU (99.7%)

PHY-1001 : Generate nets ...
PHY-1001 : net clk_dup_1 will be routed on clock mesh
PHY-1001 : clock net pixel_clk will be merged with clock u_hdmi_pll/pixel_clk_raw
RUN-1001 : Generate nets statistics:
RUN-1001 : ------------------------------
RUN-1001 :         Type        |  Nets   
RUN-1001 : ------------------------------
RUN-1001 :        Route        |  10733  
RUN-1001 :      DontRoute      |  1191   
RUN-1001 :      RouteSinks     |  37321  
RUN-1001 :   RouteEntitySinks  |    0    
RUN-1001 :       Lut2Dff       |    0    
RUN-1001 :       Ram2Dff       |    0    
RUN-1001 :      Carry2Dff      |    0    
RUN-1001 : ------------------------------
RUN-1001 : DR clock net summary:
RUN-1001 : ----------------------------------------
RUN-1001 :   Net Idx  |  Net Name   |  Clock Type  
RUN-1001 : ----------------------------------------
RUN-1001 :      1     |  clk_dup_1  |    Normal    
RUN-1001 :      2     |  pixel_clk  |    Normal    
RUN-1001 : ----------------------------------------
RUN-1001 : DR clock buffer summary:
RUN-1001 : ----------------
RUN-1001 :   Idx  |  Name  
RUN-1001 : ----------------
RUN-1001 : ----------------
PHY-1001 : End Stage 2.1 | Build Routing Design; Time: 1.587131s wall, 1.468750s user + 0.109375s system = 1.578125s CPU (99.4%); Memory(MB): used = 711, reserved = 701, peak = 711;

RUN-1001 : Top Percentage Crit. Net Stat.
RUN-1001 : --------------------------------------------------------
RUN-1001 :   Top %  |  Net Count  |  Avg. Fanout  |   Avg. Slack   
RUN-1001 : --------------------------------------------------------
RUN-1001 :     1    |     119     |   14.781513   |  14515.504202  
RUN-1001 :     2    |     238     |   15.991597   |  15656.046218  
RUN-1001 :     3    |     357     |   11.960784   |  18712.893557  
RUN-1001 :     4    |     476     |   9.329832    |  21186.476891  
RUN-1001 :     5    |     596     |   8.090604    |  22844.033557  
RUN-1001 :     6    |     715     |   7.455944    |  24027.959441  
RUN-1001 :     7    |     834     |   7.121103    |  24971.032374  
RUN-1001 :     8    |     953     |   7.247639    |  25755.412382  
RUN-1001 :     9    |    1073     |   6.991612    |  26426.085741  
RUN-1001 :    10    |    1192     |   6.608221    |  26981.855705  
RUN-1001 : --------------------------------------------------------
PHY-1001 : Stage 2.2 | Clock Nets Routing
PHY-1001 : Routed 0% nets.
PHY-1001 : len = 141952, over cnt = 0(0%), over = 0, worst = 0, crit = 0
PHY-1001 : End Stage 2.2 | Clock Nets Routing; Time: 0.378665s wall, 0.312500s user + 0.046875s system = 0.359375s CPU (94.9%); Memory(MB): used = 744, reserved = 734, peak = 744;

PHY-1001 : Stage 2.3 | Routing Initialization
PHY-1001 : Mark 1% net(place mode slack < 15851ps) as critical nets.
PHY-1001 : Stage 2.3.1 | Normal Nets Routing

PHY-1001 : Routed 90% nets.
PHY-1001 : len = 942960, over cnt = 1245(0%), over = 1257, worst = 2, crit = 0
PHY-1001 : End Stage 2.3.1 | Normal Nets Routing; Time: 8.357921s wall, 16.156250s user + 0.437500s system = 16.593750s CPU (198.5%); Memory(MB): used = 752, reserved = 743, peak = 752;

PHY-1001 : Stage 2.3.2 | Update Timing
RUN-1002 : start command "start_timer"
USR-1002 : Derived clock:  create_generated_clock -name {u_hdmi_pll/u_pll.clkc[0]} -source [get_ports {clk}] -master_clock {clk50m} -divide_by 2.0000 -duty_cycle 50.0000 [get_pins {u_hdmi_pll/u_pll.clkc[0]}]
TMR-2502 : Net delay update with mode: Routed
PHY-1001 : 0/10733(0%) critical/total net(s).
PHY-1001 : Setup: WNS(ns) = 10.655, TNS(ns) = 0.000, FEP = 0 | Hold: WNS(ns) = 0.075, TNS(ns) = 0.000, FEP = 0.
PHY-1001 : End Stage 2.3.2 | Update Timing; Time: 0.838563s wall, 0.843750s user + 0.000000s system = 0.843750s CPU (100.6%); Memory(MB): used = 759, reserved = 749, peak = 759;

PHY-1001 : End Stage 2.3 | Routing Initialization; Time: 9.218309s wall, 17.015625s user + 0.437500s system = 17.453125s CPU (189.3%); Memory(MB): used = 759, reserved = 749, peak = 759;

PHY-1001 : Stage 2.4 | Routing Optimization
PHY-1001 : Build lut bridge;  0.045564s wall, 0.031250s user + 0.015625s system = 0.046875s CPU (102.9%)

PHY-1001 : Stage 2.4.1 | Phase 1
PHY-1001 : Stage 2.4.1.1 | Setup TimeOptimization
PHY-1001 : len = 942960, over cnt = 1245(0%), over = 1257, worst = 2, crit = 0
PHY-1001 : End Stage 2.4.1.1 | Setup TimeOptimization; Time: 0.051769s wall, 0.031250s user + 0.015625s system = 0.046875s CPU (90.5%); Memory(MB): used = 759, reserved = 749, peak = 759;

PHY-1001 : Stage 2.4.1.2 | Rip-up And ReRoute
PHY-1001 : Iter 1: len = 943552, over cnt = 395(0%), over = 395, worst = 1, crit = 0, time(s) = 0.46
PHY-1001 : Iter 2: len = 943824, over cnt = 274(0%), over = 274, worst = 1, crit = 0, time(s) = 0.19
PHY-1001 : Iter 3: len = 943912, over cnt = 245(0%), over = 245, worst = 1, crit = 0, time(s) = 0.12
PHY-1001 : Iter 4: len = 945832, over cnt = 75(0%), over = 75, worst = 1, crit = 0, time(s) = 0.13
PHY-1001 : Iter 5: len = 946272, over cnt = 45(0%), over = 45, worst = 1, crit = 0, time(s) = 0.07
PHY-1001 : Iter 6: len = 946288, over cnt = 43(0%), over = 43, worst = 1, crit = 0, time(s) = 0.09
PHY-1001 : Switch mode......
PHY-1001 : Iter 7: len = 946912, over cnt = 12(0%), over = 12, worst = 1, crit = 0, time(s) = 0.02
PHY-1001 : Iter 8: len = 947160, over cnt = 2(0%), over = 2, worst = 1, crit = 0, time(s) = 0.02
PHY-1001 : Iter 9: len = 947208, over cnt = 0(0%), over = 0, worst = 0, crit = 0, time(s) = 0.01
PHY-1001 : End Stage 2.4.1.2 | Rip-up And ReRoute; Time: 1.133810s wall, 2.500000s user + 0.078125s system = 2.578125s CPU (227.4%); Memory(MB): used = 759, reserved = 749, peak = 759;

PHY-1001 : Stage 2.4.1.3 | Update Timing
RUN-1002 : start command "start_timer"
PHY-1001 : 0/10733(0%) critical/total net(s).
PHY-1001 : Setup: WNS(ns) = 10.203, TNS(ns) = 0.000, FEP = 0 | Hold: WNS(ns) = 0.075, TNS(ns) = 0.000, FEP = 0.
PHY-1001 : End Stage 2.4.1.3 | Update Timing; Time: 0.860575s wall, 0.843750s user + 0.015625s system = 0.859375s CPU (99.9%); Memory(MB): used = 762, reserved = 752, peak = 762;

PHY-1001 : Stage 2.4.1.4 | Commit Data
PHY-1001 : Commit better result to database ...
PHY-1001 : 380 feed throughs used by 275 nets
PHY-1001 : End Stage 2.4.1.4 | Commit Data; Time: 0.474045s wall, 0.453125s user + 0.015625s system = 0.468750s CPU (98.9%); Memory(MB): used = 801, reserved = 792, peak = 801;

PHY-1001 : End Stage 2.4.1 | Phase 1; Time: 2.594061s wall, 3.921875s user + 0.125000s system = 4.046875s CPU (156.0%); Memory(MB): used = 801, reserved = 792, peak = 801;

PHY-1001 : End Stage 2.4 | Routing Optimization; Time: 3.239389s wall, 4.531250s user + 0.156250s system = 4.687500s CPU (144.7%); Memory(MB): used = 801, reserved = 792, peak = 801;

PHY-1003 : Routed, final wirelength = 947208
RUN-1002 : start command "export_db FPGA_Competition_HDMI_SLAVE_pr.db"
RUN-1001 : Exported flow parameters
RUN-1001 : Exported /
RUN-1001 : Exported libs
RUN-1001 : Exported entities
RUN-1001 : Exported ports
RUN-1001 : Exported pins
RUN-1001 : Exported instances
RUN-1001 : Exported nets
RUN-1001 : Exported buses
RUN-1001 : Exported models
RUN-1001 : Exported phy database
RUN-1001 : Exported packer
RUN-1001 : Exported congestions
RUN-1001 : Exported violations
RUN-1001 : Exported ATMR Setting
RUN-1001 : Exported timing constraints
RUN-1001 : Exported IO constraints
RUN-1001 : Exported Inst constraints
RUN-1001 : Exported ChipWatcher
PHY-1001 : Current memory(MB): used = 836, reserved = 945, peak = 836.
PHY-1001 : End export database. 0.256451s wall, 0.281250s user + 0.015625s system = 0.296875s CPU (115.8%)

PHY-1001 : End detail routing;  15.174151s wall, 24.093750s user + 0.796875s system = 24.890625s CPU (164.0%)

PHY-1001 : End Stage 2 | Detail Routing; Time: 15.174244s wall, 24.093750s user + 0.796875s system = 24.890625s CPU (164.0%); Memory(MB): used = 836, reserved = 945, peak = 836;

PHY-1001 : Stage 3 | Hold Fix
RUN-1002 : start command "start_timer"
RUN-1001 : No hold violation.
PHY-1001 : End Stage 3 | Hold Fix; Time: 0.813569s wall, 0.812500s user + 0.000000s system = 0.812500s CPU (99.9%); Memory(MB): used = 836, reserved = 945, peak = 836;

PHY-1001 : Stage 4 | Report Route Qor
RUN-1002 : start command "report_qor -step route -file route.qor"
RUN-1002 : start command "start_timer"
-----------------------------------------------------------
| QoR metrics               |         value               |
-----------------------------------------------------------
| Timing                    |                             |
|     Setup WNS             |        10203                |
|     Setup TNS             |            0                |
|     Num of violated S-EP  |            0                |
|     Hold WNS              |           75                |
|     Hold TNS              |            0                |
|     Num of violated H-EP  |            0                |
-----------------------------------------------------------
| Routing Resource          |                             |
|     Wire length           |       947208                |
-----------------------------------------------------------
| Utilization               |                             |
|     #slices               |         4688                |
|     slices percentage     |       47.84%                |
|     #RAMs                 |            0                |
|     #DSPs                 |            7                |
|     #DRAMHARDCON          |            0                |
-----------------------------------------------------------
Report route stage QoR done.

RUN-1002 : start command "update_timing -mode final"
RUN-1002 : start command "start_timer"
RUN-1002 : start command "report_timing_summary -file final_timing.rpt"
OPT-1001 : QoR tracer report on route step:
    SWNS [   incr ]    STNS [   incr ]  S-FEPS [   incr ]    HWNS [   incr ]      HTNS [     incr ]    H-FEPS [     incr ]    CELL [   incr ]      WL [   incr ]   RT(s) [   incr ]   MEM(mb) [     incr ]
   10655 [      0 ]       0 [      0 ]       0 [      0 ]      75 [      0 ]         0 [        0 ]         0 [        0 ]    4738 [      0 ]  942960 [      0 ]      13 [      0 ]       759 [        0 ] : dr_initialization
   10655 [      0 ]       0 [      0 ]       0 [      0 ]      75 [      0 ]         0 [        0 ]         0 [        0 ]    4738 [      0 ]  942960 [      0 ]      13 [      0 ]       759 [        0 ] : dr_timing_opt_phase1
   10203 [   -452 ]       0 [      0 ]       0 [      0 ]      75 [      0 ]         0 [        0 ]         0 [        0 ]    4738 [      0 ]  947208 [   4248 ]      16 [      3 ]       801 [       42 ] : dr_opt_phase1
   10203 [      0 ]       0 [      0 ]       0 [      0 ]      75 [      0 ]         0 [        0 ]         0 [        0 ]    4738 [      0 ]  947208 [      0 ]      16 [      0 ]       801 [        0 ] : multi_try_opt
   10203 [      0 ]       0 [      0 ]       0 [      0 ]      75 [      0 ]         0 [        0 ]         0 [        0 ]    4738 [      0 ]  947208 [      0 ]      17 [      1 ]       836 [       35 ] : fix_hold_opt

PHY-1001 : End Stage 4 | Report Route Qor; Time: 1.650461s wall, 1.578125s user + 0.031250s system = 1.609375s CPU (97.5%); Memory(MB): used = 836, reserved = 945, peak = 836;

PHY-1001 : Stage 5 | Routing DRC
PHY-1001 : Start multi-drive drc check......
PHY-1001 : No multi-drive.
PHY-1001 : Stage 5.1 | Clock Net Status Check
PHY-1001 : All clock nets do not utilize local routing resource.
PHY-1001 : End Stage 5.1 | Clock Net Status Check; Time: 0.000758s wall, 0.000000s user + 0.000000s system = 0.000000s CPU (n/a%); Memory(MB): used = 836, reserved = 945, peak = 836;

PHY-1001 : Stage 5.2 | Abnormal Timing Path check
PHY-1001 : No abnormal timing path.
PHY-1001 : End Stage 5.2 | Abnormal Timing Path check; Time: 0.054232s wall, 0.046875s user + 0.000000s system = 0.046875s CPU (86.4%); Memory(MB): used = 836, reserved = 945, peak = 836;

PHY-1001 : End Stage 5 | Routing DRC; Time: 0.092642s wall, 0.093750s user + 0.000000s system = 0.093750s CPU (101.2%); Memory(MB): used = 836, reserved = 945, peak = 836;

RUN-1003 : finish command "route" in  19.244258s wall, 28.140625s user + 0.828125s system = 28.968750s CPU (150.5%)

RUN-1004 : used memory is 836 MB, reserved memory is 945 MB, peak memory is 836 MB
RUN-1002 : start command "report_area -io_info -file FPGA_Competition_HDMI_SLAVE_phy.area"
RUN-1001 : standard
***Report Model: m2_slave_media_tx_top Device: EG4S20BG256***

IO Statistics
#IO                        38   out of    188   20.21%
  #input                    6
  #output                  32
  #inout                    0

Utilization Statistics
#lut                     7058   out of  19600   36.01%
#reg                     5837   out of  19600   29.78%
#le                      8317
  #lut only              2480   out of   8317   29.82%
  #reg only              1259   out of   8317   15.14%
  #lut&reg               4578   out of   8317   55.04%
#bram                       0   out of     64    0.00%
  #bram9k                   0
  #fifo9k                   0
#bram32k                    0   out of     16    0.00%
#dsp                        7   out of     29   24.14%
#pad                       38   out of    188   20.21%
  #ireg                     3
  #oreg                    12
  #treg                     0
#pll                        1   out of      4   25.00%
#gclk                       1   out of     16    6.25%


DataNet Average Fanout:

   Index     Fanout     Nets  
    #1          1       8657  
    #2          2       1456  
    #3          3       403   
    #4          4       190   
    #5        5-10      554   
    #6        11-50     567   
    #7       51-100      51   
    #8       101-500     4    
  Average     2.95            

RUN-1002 : start command "update_timing -mode final"
RUN-1002 : start command "start_timer"
RUN-1002 : start command "report_timing_status -file FPGA_Competition_HDMI_SLAVE_phy.ts"
RUN-1002 : start command "report_timing_summary -file FPGA_Competition_HDMI_SLAVE_pr.timing"
RUN-1002 : start command "report_timing_exception -file FPGA_Competition_HDMI_SLAVE_exception.timing"
RUN-1002 : start command "flow_status -file route_flow.status"
Location         : D:\AnlogicProject\FPGA_Competition_HDMI\sim_work\m2_ui_fast_20261006_release\slave\phy_1
Running with     : Tang Dynasty v6.2.168116
                   Copyright (c) 2012-2025 Anlogic Inc.
Top Model        : m2_slave_media_tx_top
Device           : EG4S20BG256
Speed            : NA

Timing Mode      : final
Setup            : WNS 10203ps  TNS        0ps  NUM_FEPS     0
Hold             : WNS    75ps  TNS        0ps  NUM_FEPS     0

Flow Statistics  :
RUN-1001 : Flow Statistics:
RUN-1001 : --------------------------------------------------------------------------------------------------
RUN-1001 :      command     |  #calls  |  wall time  |  cpu time(s)  |  used memory(mb)  |  peak memory(mb)  
RUN-1001 : --------------------------------------------------------------------------------------------------
RUN-1001 :       route      |    1     |  19s(55%)   |    28(51%)    |        836        |        836        
RUN-1001 :       place      |    1     |  15s(44%)   |    26(48%)    |        425        |        425        
RUN-1001 :     import_db    |    1     |   0s(0%)    |     0(0%)     |        192        |        192        
RUN-1001 :   import_device  |    1     |   0s(0%)    |     0(0%)     |        83         |        83         
RUN-1001 : --------------------------------------------------------------------------------------------------
RUN-1001 :       total      |    4     |     34s     |      54       |        836        |        836        
RUN-1001 : --------------------------------------------------------------------------------------------------
RUN-1002 : start command "report_clock_utilization -file route_clock_utilization.txt"
RUN-1001 : Device not support command report_clock_utilization.
RUN-1002 : start command "export_db FPGA_Competition_HDMI_SLAVE_pr.db"
RUN-1001 : Exported flow parameters
RUN-1001 : Exported /
RUN-1001 : Exported libs
RUN-1001 : Exported entities
RUN-1001 : Exported ports
RUN-1001 : Exported pins
RUN-1001 : Exported instances
RUN-1001 : Exported nets
RUN-1001 : Exported buses
RUN-1001 : Exported models
RUN-1001 : Exported phy database
RUN-1001 : Exported packer
RUN-1001 : Exported congestions
RUN-1001 : Exported violations
RUN-1001 : Exported ATMR Setting
RUN-1001 : Exported timing constraints
RUN-1001 : Exported IO constraints
RUN-1001 : Exported Inst constraints
RUN-1001 : Exported ChipWatcher
RUN-1002 : start command "commit_param -step bitgen"
RUN-1001 : Print Global Property
RUN-1001 : --------------------------------------------------------
RUN-1001 :   Parameters   |  Settings  |  Default Values  |  Note  
RUN-1001 : --------------------------------------------------------
RUN-1001 :   enable_seed  |    off     |       off        |        
RUN-1001 :     message    |  standard  |     standard     |        
RUN-1001 :   qor_monitor  |     on     |        on        |        
RUN-1001 :   syn_ip_flow  |    off     |       off        |        
RUN-1001 :     thread     |    auto    |       auto       |        
RUN-1001 : --------------------------------------------------------
RUN-1001 : Print Bitgen Property
RUN-1001 : -------------------------------------------------------------
RUN-1001 :      Parameters     |  Settings  |  Default Values  |  Note  
RUN-1001 : -------------------------------------------------------------
RUN-1001 :         bin         |    off     |       off        |        
RUN-1001 :       gen_mask      |    off     |       off        |        
RUN-1001 :      time_info      |     on     |        on        |        
RUN-1001 :   unused_io_status  |   pullup   |      pullup      |        
RUN-1001 :       version       |    0x00    |       0x00       |        
RUN-1001 : -------------------------------------------------------------
RUN-1002 : start command "bitgen -bit FPGA_Competition_HDMI_SLAVE.bit"
RUN-1002 : start command "export_bid FPGA_Competition_HDMI_SLAVE_inst.bid"
BIT-1003 : Start to generate bitstream. 
BIT-1002 : Init instances with 24 threads.
BIT-1002 : Init instances completely, inst num: 4736
BIT-1002 : Init pips with 24 threads.
BIT-1002 : Init pips completely, net num: 10733, pip num: 103186
BIT-1002 : Init feedthrough with 24 threads.
BIT-1002 : Init feedthrough completely, num: 380
BIT-1003 : Multithreading accelaration with 24 threads.
BIT-1003 : Generate bitstream completely, there are 272253 bits set as '1'.
BIT-1004 : PLL setting string = 0010
BIT-1004 : Generate bits file FPGA_Competition_HDMI_SLAVE.bit.
RUN-1003 : finish command "bitgen -bit FPGA_Competition_HDMI_SLAVE.bit" in  2.645658s wall, 54.187500s user + 1.234375s system = 55.421875s CPU (2094.8%)

RUN-1004 : used memory is 839 MB, reserved memory is 946 MB, peak memory is 839 MB
RUN-1002 : start command "setup_debugger"
RUN-1002 : start command "export_bitgen_param -file .bitgen_param.f"
RUN-1002 : start command "export_flow_status -s opt_place -e bitgen"
RUN-1002 : start command "flow_status"

Location         : D:\AnlogicProject\FPGA_Competition_HDMI\sim_work\m2_ui_fast_20261006_release\slave\phy_1
Running with     : Tang Dynasty v6.2.168116
                   Copyright (c) 2012-2025 Anlogic Inc.
Top Model        : m2_slave_media_tx_top
Device           : EG4S20BG256
Speed            : NA

Timing Mode      : final
Setup            : WNS 10203ps  TNS        0ps  NUM_FEPS     0
Hold             : WNS    75ps  TNS        0ps  NUM_FEPS     0

RUN-1001 : Flow Statistics:
RUN-1001 : --------------------------------------------------------------------------------------------------
RUN-1001 :      command     |  #calls  |  wall time  |  cpu time(s)  |  used memory(mb)  |  peak memory(mb)  
RUN-1001 : --------------------------------------------------------------------------------------------------
RUN-1001 :       route      |    1     |  19s(52%)   |    28(25%)    |        836        |        836        
RUN-1001 :       place      |    1     |  15s(41%)   |    26(23%)    |        425        |        425        
RUN-1001 :      bitgen      |    1     |   2s(5%)    |    55(50%)    |        839        |        839        
RUN-1001 :     import_db    |    1     |   0s(0%)    |     0(0%)     |        192        |        192        
RUN-1001 :   import_device  |    1     |   0s(0%)    |     0(0%)     |        83         |        83         
RUN-1001 : --------------------------------------------------------------------------------------------------
RUN-1001 :       total      |    5     |     36s     |      109      |        839        |        839        
RUN-1001 : --------------------------------------------------------------------------------------------------

td > 