# do ../sim_tb/display/run_hdmi_test_pattern_line_provider.do
# if {[file exists work]} { vdel -lib work -all }
# vlib work
# vmap work work
# QuestaSim-64 vmap 10.7c Lib Mapping Utility 2018.08 Aug 18 2018
# vmap work work 
# Modifying modelsim.ini
# vlog -work work ../src/display/hdmi_test_pattern_line_provider.v
# QuestaSim-64 vlog 10.7c Compiler 2018.08 Aug 18 2018
# Start time: 15:25:40 on Sep 11,2026
# vlog -work work ../src/display/hdmi_test_pattern_line_provider.v 
# -- Compiling module hdmi_test_pattern_line_provider
# 
# Top level modules:
# 	hdmi_test_pattern_line_provider
# End time: 15:25:40 on Sep 11,2026, Elapsed time: 0:00:00
# Errors: 0, Warnings: 0
# vlog -work work ../sim_tb/display/tb_hdmi_test_pattern_line_provider.v
# QuestaSim-64 vlog 10.7c Compiler 2018.08 Aug 18 2018
# Start time: 15:25:40 on Sep 11,2026
# vlog -work work ../sim_tb/display/tb_hdmi_test_pattern_line_provider.v 
# -- Compiling module tb_hdmi_test_pattern_line_provider
# 
# Top level modules:
# 	tb_hdmi_test_pattern_line_provider
# End time: 15:25:40 on Sep 11,2026, Elapsed time: 0:00:00
# Errors: 0, Warnings: 0
# vsim -c work.tb_hdmi_test_pattern_line_provider
# vsim -c work.tb_hdmi_test_pattern_line_provider 
# Start time: 15:25:40 on Sep 11,2026
# ** Note: (vsim-3812) Design is being optimized...
# //  Questa Sim-64
# //  Version 10.7c win64 Aug 18 2018
# //
# //  Copyright 1991-2018 Mentor Graphics Corporation
# //  All Rights Reserved.
# //
# //  QuestaSim and its associated documentation contain trade
# //  secrets and commercial or financial information that are the property of
# //  Mentor Graphics Corporation and are privileged, confidential,
# //  and exempt from disclosure under the Freedom of Information Act,
# //  5 U.S.C. Section 552. Furthermore, this information
# //  is prohibited from disclosure under the Trade Secrets Act,
# //  18 U.S.C. Section 1905.
# //
# Loading work.tb_hdmi_test_pattern_line_provider(fast)
# run -all
# PASS: hdmi_test_pattern_line_provider passed (checks=37)
# ** Note: $finish    : ../sim_tb/display/tb_hdmi_test_pattern_line_provider.v(107)
#    Time: 245 ns  Iteration: 1  Instance: /tb_hdmi_test_pattern_line_provider
# End time: 15:25:41 on Sep 11,2026, Elapsed time: 0:00:01
# Errors: 0, Warnings: 0
