# do ../sim_tb/integration/run_apug092_external_video_core.do
# if {[file exists work]} { vdel -lib work -all }
# vlib work
# vmap work work
# QuestaSim-64 vmap 10.7c Lib Mapping Utility 2018.08 Aug 18 2018
# vmap work work 
# Modifying modelsim.ini
# 
# set APUG092 ../src/vendor/anlogic/apug092
# ../src/vendor/anlogic/apug092
# 
# Protected-core behavioral integration stops before hdmi_phy_wrapper so no
# EG_LOGIC_ODDR simulation model is required here.
# vlog -work work $APUG092/hdmi_1_4b_transmitter_core_wrapper.enc.v
# QuestaSim-64 vlog 10.7c Compiler 2018.08 Aug 18 2018
# Start time: 15:25:42 on Sep 11,2026
# vlog -work work ../src/vendor/anlogic/apug092/hdmi_1_4b_transmitter_core_wrapper.enc.v 
# -- Compiling module hdmi_1_4b_transmitter_core_wrapper
# ** Warning: ../src/vendor/anlogic/apug092/hdmi_1_4b_transmitter_core_wrapper.enc.v(125): (vlog-2600) [RDGN] - Redundant digits in numeric literal.
# ** Warning: ../src/vendor/anlogic/apug092/hdmi_1_4b_transmitter_core_wrapper.enc.v(125): (vlog-2600) [RDGN] - Redundant digits in numeric literal.
# ** Warning: ../src/vendor/anlogic/apug092/hdmi_1_4b_transmitter_core_wrapper.enc.v(125): (vlog-2600) [RDGN] - Redundant digits in numeric literal.
# ** Warning: ../src/vendor/anlogic/apug092/hdmi_1_4b_transmitter_core_wrapper.enc.v(125): (vlog-2600) [RDGN] - Redundant digits in numeric literal.
# ** Warning: ../src/vendor/anlogic/apug092/hdmi_1_4b_transmitter_core_wrapper.enc.v(125): (vlog-2600) [RDGN] - Redundant digits in numeric literal.
# ** Warning: ../src/vendor/anlogic/apug092/hdmi_1_4b_transmitter_core_wrapper.enc.v(125): (vlog-2600) [RDGN] - Redundant digits in numeric literal.
# ** Warning: ../src/vendor/anlogic/apug092/hdmi_1_4b_transmitter_core_wrapper.enc.v(125): (vlog-2600) [RDGN] - Redundant digits in numeric literal.
# ** Warning: ../src/vendor/anlogic/apug092/hdmi_1_4b_transmitter_core_wrapper.enc.v(125): (vlog-2600) [RDGN] - Redundant digits in numeric literal.
# ** Warning: ../src/vendor/anlogic/apug092/hdmi_1_4b_transmitter_core_wrapper.enc.v(125): (vlog-2600) [RDGN] - Redundant digits in numeric literal.
# ** Warning: ../src/vendor/anlogic/apug092/hdmi_1_4b_transmitter_core_wrapper.enc.v(125): (vlog-2600) [RDGN] - Redundant digits in numeric literal.
# ** Warning: ../src/vendor/anlogic/apug092/hdmi_1_4b_transmitter_core_wrapper.enc.v(125): (vlog-2600) [RDGN] - Redundant digits in numeric literal.
# ** Warning: ../src/vendor/anlogic/apug092/hdmi_1_4b_transmitter_core_wrapper.enc.v(125): (vlog-2600) [RDGN] - Redundant digits in numeric literal.
# ** Warning: ../src/vendor/anlogic/apug092/hdmi_1_4b_transmitter_core_wrapper.enc.v(125): (vlog-2600) [RDGN] - Redundant digits in numeric literal.
# ** Warning: ../src/vendor/anlogic/apug092/hdmi_1_4b_transmitter_core_wrapper.enc.v(125): (vlog-2600) [RDGN] - Redundant digits in numeric literal.
# ** Warning: ../src/vendor/anlogic/apug092/hdmi_1_4b_transmitter_core_wrapper.enc.v(125): (vlog-2600) [RDGN] - Redundant digits in numeric literal.
# ** Warning: ../src/vendor/anlogic/apug092/hdmi_1_4b_transmitter_core_wrapper.enc.v(125): (vlog-2600) [RDGN] - Redundant digits in numeric literal.
# ** Warning: ../src/vendor/anlogic/apug092/hdmi_1_4b_transmitter_core_wrapper.enc.v(125): (vlog-2600) [RDGN] - Redundant digits in numeric literal.
# ** Warning: ../src/vendor/anlogic/apug092/hdmi_1_4b_transmitter_core_wrapper.enc.v(125): (vlog-2600) [RDGN] - Redundant digits in numeric literal.
# ** Warning: ../src/vendor/anlogic/apug092/hdmi_1_4b_transmitter_core_wrapper.enc.v(125): (vlog-2600) [RDGN] - Redundant digits in numeric literal.
# ** Warning: ../src/vendor/anlogic/apug092/hdmi_1_4b_transmitter_core_wrapper.enc.v(125): (vlog-2600) [RDGN] - Redundant digits in numeric literal.
# ** Warning: ../src/vendor/anlogic/apug092/hdmi_1_4b_transmitter_core_wrapper.enc.v(125): (vlog-2600) [RDGN] - Redundant digits in numeric literal.
# ** Warning: ../src/vendor/anlogic/apug092/hdmi_1_4b_transmitter_core_wrapper.enc.v(125): (vlog-2600) [RDGN] - Redundant digits in numeric literal.
# ** Warning: ../src/vendor/anlogic/apug092/hdmi_1_4b_transmitter_core_wrapper.enc.v(125): (vlog-2600) [RDGN] - Redundant digits in numeric literal.
# ** Warning: ../src/vendor/anlogic/apug092/hdmi_1_4b_transmitter_core_wrapper.enc.v(125): (vlog-2600) [RDGN] - Redundant digits in numeric literal.
# ** Warning: ../src/vendor/anlogic/apug092/hdmi_1_4b_transmitter_core_wrapper.enc.v(125): (vlog-2600) [RDGN] - Redundant digits in numeric literal.
# ** Warning: ../src/vendor/anlogic/apug092/hdmi_1_4b_transmitter_core_wrapper.enc.v(125): (vlog-2600) [RDGN] - Redundant digits in numeric literal.
# ** Warning: ../src/vendor/anlogic/apug092/hdmi_1_4b_transmitter_core_wrapper.enc.v(125): (vlog-2600) [RDGN] - Redundant digits in numeric literal.
# ** Warning: ../src/vendor/anlogic/apug092/hdmi_1_4b_transmitter_core_wrapper.enc.v(125): (vlog-2600) [RDGN] - Redundant digits in numeric literal.
# ** Warning: ../src/vendor/anlogic/apug092/hdmi_1_4b_transmitter_core_wrapper.enc.v(125): (vlog-2600) [RDGN] - Redundant digits in numeric literal.
# ** Warning: ../src/vendor/anlogic/apug092/hdmi_1_4b_transmitter_core_wrapper.enc.v(125): (vlog-2600) [RDGN] - Redundant digits in numeric literal.
# ** Warning: ../src/vendor/anlogic/apug092/hdmi_1_4b_transmitter_core_wrapper.enc.v(125): (vlog-2600) [RDGN] - Redundant digits in numeric literal.
# ** Warning: ../src/vendor/anlogic/apug092/hdmi_1_4b_transmitter_core_wrapper.enc.v(125): (vlog-2600) [RDGN] - Redundant digits in numeric literal.
# ** Warning: ../src/vendor/anlogic/apug092/hdmi_1_4b_transmitter_core_wrapper.enc.v(125): (vlog-2600) [RDGN] - Redundant digits in numeric literal.
# ** Warning: ../src/vendor/anlogic/apug092/hdmi_1_4b_transmitter_core_wrapper.enc.v(125): (vlog-2600) [RDGN] - Redundant digits in numeric literal.
# ** Warning: ../src/vendor/anlogic/apug092/hdmi_1_4b_transmitter_core_wrapper.enc.v(125): (vlog-2600) [RDGN] - Redundant digits in numeric literal.
# ** Warning: ../src/vendor/anlogic/apug092/hdmi_1_4b_transmitter_core_wrapper.enc.v(125): (vlog-2600) [RDGN] - Redundant digits in numeric literal.
# ** Warning: ../src/vendor/anlogic/apug092/hdmi_1_4b_transmitter_core_wrapper.enc.v(125): (vlog-2600) [RDGN] - Redundant digits in numeric literal.
# ** Warning: ../src/vendor/anlogic/apug092/hdmi_1_4b_transmitter_core_wrapper.enc.v(125): (vlog-2600) [RDGN] - Redundant digits in numeric literal.
# ** Warning: ../src/vendor/anlogic/apug092/hdmi_1_4b_transmitter_core_wrapper.enc.v(125): (vlog-2600) [RDGN] - Redundant digits in numeric literal.
# ** Warning: ../src/vendor/anlogic/apug092/hdmi_1_4b_transmitter_core_wrapper.enc.v(125): (vlog-2600) [RDGN] - Redundant digits in numeric literal.
# ** Warning: ../src/vendor/anlogic/apug092/hdmi_1_4b_transmitter_core_wrapper.enc.v(125): (vlog-2600) [RDGN] - Redundant digits in numeric literal.
# ** Warning: ../src/vendor/anlogic/apug092/hdmi_1_4b_transmitter_core_wrapper.enc.v(125): (vlog-2600) [RDGN] - Redundant digits in numeric literal.
# ** Warning: ../src/vendor/anlogic/apug092/hdmi_1_4b_transmitter_core_wrapper.enc.v(125): (vlog-2600) [RDGN] - Redundant digits in numeric literal.
# ** Warning: ../src/vendor/anlogic/apug092/hdmi_1_4b_transmitter_core_wrapper.enc.v(125): (vlog-2600) [RDGN] - Redundant digits in numeric literal.
# ** Warning: ../src/vendor/anlogic/apug092/hdmi_1_4b_transmitter_core_wrapper.enc.v(125): (vlog-2600) [RDGN] - Redundant digits in numeric literal.
# ** Warning: ../src/vendor/anlogic/apug092/hdmi_1_4b_transmitter_core_wrapper.enc.v(125): (vlog-2600) [RDGN] - Redundant digits in numeric literal.
# ** Warning: ../src/vendor/anlogic/apug092/hdmi_1_4b_transmitter_core_wrapper.enc.v(125): (vlog-2600) [RDGN] - Redundant digits in numeric literal.
# ** Warning: ../src/vendor/anlogic/apug092/hdmi_1_4b_transmitter_core_wrapper.enc.v(125): (vlog-2600) [RDGN] - Redundant digits in numeric literal.
# ** Warning: ../src/vendor/anlogic/apug092/hdmi_1_4b_transmitter_core_wrapper.enc.v(125): (vlog-2600) [RDGN] - Redundant digits in numeric literal.
# ** Warning: ../src/vendor/anlogic/apug092/hdmi_1_4b_transmitter_core_wrapper.enc.v(125): (vlog-2600) [RDGN] - Redundant digits in numeric literal.
# ** Warning: ../src/vendor/anlogic/apug092/hdmi_1_4b_transmitter_core_wrapper.enc.v(125): (vlog-2600) [RDGN] - Redundant digits in numeric literal.
# ** Warning: ../src/vendor/anlogic/apug092/hdmi_1_4b_transmitter_core_wrapper.enc.v(125): (vlog-2600) [RDGN] - Redundant digits in numeric literal.
# ** Warning: ../src/vendor/anlogic/apug092/hdmi_1_4b_transmitter_core_wrapper.enc.v(125): (vlog-2600) [RDGN] - Redundant digits in numeric literal.
# ** Warning: ../src/vendor/anlogic/apug092/hdmi_1_4b_transmitter_core_wrapper.enc.v(125): (vlog-2600) [RDGN] - Redundant digits in numeric literal.
# ** Warning: ../src/vendor/anlogic/apug092/hdmi_1_4b_transmitter_core_wrapper.enc.v(125): (vlog-2600) [RDGN] - Redundant digits in numeric literal.
# ** Warning: ../src/vendor/anlogic/apug092/hdmi_1_4b_transmitter_core_wrapper.enc.v(125): (vlog-2600) [RDGN] - Redundant digits in numeric literal.
# ** Warning: ../src/vendor/anlogic/apug092/hdmi_1_4b_transmitter_core_wrapper.enc.v(125): (vlog-2600) [RDGN] - Redundant digits in numeric literal.
# ** Warning: ../src/vendor/anlogic/apug092/hdmi_1_4b_transmitter_core_wrapper.enc.v(125): (vlog-2600) [RDGN] - Redundant digits in numeric literal.
# ** Warning: ../src/vendor/anlogic/apug092/hdmi_1_4b_transmitter_core_wrapper.enc.v(125): (vlog-2600) [RDGN] - Redundant digits in numeric literal.
# ** Warning: ../src/vendor/anlogic/apug092/hdmi_1_4b_transmitter_core_wrapper.enc.v(125): (vlog-2600) [RDGN] - Redundant digits in numeric literal.
# ** Warning: ../src/vendor/anlogic/apug092/hdmi_1_4b_transmitter_core_wrapper.enc.v(125): (vlog-2600) [RDGN] - Redundant digits in numeric literal.
# ** Warning: ../src/vendor/anlogic/apug092/hdmi_1_4b_transmitter_core_wrapper.enc.v(125): (vlog-2600) [RDGN] - Redundant digits in numeric literal.
# ** Warning: ../src/vendor/anlogic/apug092/hdmi_1_4b_transmitter_core_wrapper.enc.v(125): (vlog-2600) [RDGN] - Redundant digits in numeric literal.
# ** Warning: ../src/vendor/anlogic/apug092/hdmi_1_4b_transmitter_core_wrapper.enc.v(125): (vlog-2600) [RDGN] - Redundant digits in numeric literal.
# ** Warning: ../src/vendor/anlogic/apug092/hdmi_1_4b_transmitter_core_wrapper.enc.v(125): (vlog-2600) [RDGN] - Redundant digits in numeric literal.
# ** Warning: ../src/vendor/anlogic/apug092/hdmi_1_4b_transmitter_core_wrapper.enc.v(125): (vlog-2600) [RDGN] - Redundant digits in numeric literal.
# ** Warning: ../src/vendor/anlogic/apug092/hdmi_1_4b_transmitter_core_wrapper.enc.v(125): (vlog-2600) [RDGN] - Redundant digits in numeric literal.
# ** Warning: ../src/vendor/anlogic/apug092/hdmi_1_4b_transmitter_core_wrapper.enc.v(125): (vlog-2600) [RDGN] - Redundant digits in numeric literal.
# ** Warning: ../src/vendor/anlogic/apug092/hdmi_1_4b_transmitter_core_wrapper.enc.v(125): (vlog-2600) [RDGN] - Redundant digits in numeric literal.
# ** Warning: ../src/vendor/anlogic/apug092/hdmi_1_4b_transmitter_core_wrapper.enc.v(125): (vlog-2600) [RDGN] - Redundant digits in numeric literal.
# ** Warning: ../src/vendor/anlogic/apug092/hdmi_1_4b_transmitter_core_wrapper.enc.v(125): (vlog-2600) [RDGN] - Redundant digits in numeric literal.
# ** Warning: ../src/vendor/anlogic/apug092/hdmi_1_4b_transmitter_core_wrapper.enc.v(125): (vlog-2600) [RDGN] - Redundant digits in numeric literal.
# ** Warning: ../src/vendor/anlogic/apug092/hdmi_1_4b_transmitter_core_wrapper.enc.v(125): (vlog-2600) [RDGN] - Redundant digits in numeric literal.
# ** Warning: ../src/vendor/anlogic/apug092/hdmi_1_4b_transmitter_core_wrapper.enc.v(125): (vlog-2600) [RDGN] - Redundant digits in numeric literal.
# ** Warning: ../src/vendor/anlogic/apug092/hdmi_1_4b_transmitter_core_wrapper.enc.v(125): (vlog-2600) [RDGN] - Redundant digits in numeric literal.
# ** Warning: ../src/vendor/anlogic/apug092/hdmi_1_4b_transmitter_core_wrapper.enc.v(125): (vlog-2600) [RDGN] - Redundant digits in numeric literal.
# ** Warning: ../src/vendor/anlogic/apug092/hdmi_1_4b_transmitter_core_wrapper.enc.v(125): (vlog-2600) [RDGN] - Redundant digits in numeric literal.
# ** Warning: ../src/vendor/anlogic/apug092/hdmi_1_4b_transmitter_core_wrapper.enc.v(125): (vlog-2600) [RDGN] - Redundant digits in numeric literal.
# ** Warning: ../src/vendor/anlogic/apug092/hdmi_1_4b_transmitter_core_wrapper.enc.v(125): (vlog-2600) [RDGN] - Redundant digits in numeric literal.
# ** Warning: ../src/vendor/anlogic/apug092/hdmi_1_4b_transmitter_core_wrapper.enc.v(125): (vlog-2600) [RDGN] - Redundant digits in numeric literal.
# 
# Top level modules:
# 	hdmi_1_4b_transmitter_core_wrapper
# End time: 15:25:42 on Sep 11,2026, Elapsed time: 0:00:00
# Errors: 0, Warnings: 80
# vlog -work work ../src/display/hdmi_test_pattern_line_provider.v
# QuestaSim-64 vlog 10.7c Compiler 2018.08 Aug 18 2018
# Start time: 15:25:42 on Sep 11,2026
# vlog -work work ../src/display/hdmi_test_pattern_line_provider.v 
# -- Compiling module hdmi_test_pattern_line_provider
# 
# Top level modules:
# 	hdmi_test_pattern_line_provider
# End time: 15:25:42 on Sep 11,2026, Elapsed time: 0:00:00
# Errors: 0, Warnings: 0
# vlog -work work ../src/display/hdmi_video_adapter.v
# QuestaSim-64 vlog 10.7c Compiler 2018.08 Aug 18 2018
# Start time: 15:25:42 on Sep 11,2026
# vlog -work work ../src/display/hdmi_video_adapter.v 
# -- Compiling module hdmi_video_adapter
# 
# Top level modules:
# 	hdmi_video_adapter
# End time: 15:25:42 on Sep 11,2026, Elapsed time: 0:00:00
# Errors: 0, Warnings: 0
# vlog -work work ../src/top/apug092_core_wrapper.v
# QuestaSim-64 vlog 10.7c Compiler 2018.08 Aug 18 2018
# Start time: 15:25:42 on Sep 11,2026
# vlog -work work ../src/top/apug092_core_wrapper.v 
# -- Compiling module apug092_core_wrapper
# 
# Top level modules:
# 	apug092_core_wrapper
# End time: 15:25:42 on Sep 11,2026, Elapsed time: 0:00:00
# Errors: 0, Warnings: 0
# vlog -work work ../sim_tb/integration/tb_apug092_external_video_core.v
# QuestaSim-64 vlog 10.7c Compiler 2018.08 Aug 18 2018
# Start time: 15:25:42 on Sep 11,2026
# vlog -work work ../sim_tb/integration/tb_apug092_external_video_core.v 
# -- Compiling module tb_apug092_external_video_core
# 
# Top level modules:
# 	tb_apug092_external_video_core
# End time: 15:25:42 on Sep 11,2026, Elapsed time: 0:00:00
# Errors: 0, Warnings: 0
# 
# vsim -t ps -voptargs=+acc +notimingchecks work.tb_apug092_external_video_core
# vsim -t ps -voptargs="+acc" "+notimingchecks" work.tb_apug092_external_video_core 
# Start time: 15:25:42 on Sep 11,2026
# ** Note: (vsim-3812) Design is being optimized...
# ** Error: ../src/vendor/anlogic/apug092/hdmi_1_4b_transmitter_core_wrapper.enc.v(125): in protected region
# ** Error: ../src/vendor/anlogic/apug092/hdmi_1_4b_transmitter_core_wrapper.enc.v(125): in protected region
# ** Error: ../src/vendor/anlogic/apug092/hdmi_1_4b_transmitter_core_wrapper.enc.v(125): in protected region
# ** Error: ../src/vendor/anlogic/apug092/hdmi_1_4b_transmitter_core_wrapper.enc.v(125): in protected region
# Optimization failed
# Error loading design
# End time: 15:25:42 on Sep 11,2026, Elapsed time: 0:00:00
# Errors: 4, Warnings: 0
