# do ../sim_tb/integration/run_hdmi_video_linebuffer_chain.do
# if {[file exists work]} { vdel -lib work -all }
# vlib work
# vmap work work
# QuestaSim-64 vmap 10.7c Lib Mapping Utility 2018.08 Aug 18 2018
# vmap work work 
# Modifying modelsim.ini
# vlog -work work ../src/framebuf/line_buffer_pingpong.v
# QuestaSim-64 vlog 10.7c Compiler 2018.08 Aug 18 2018
# Start time: 15:25:39 on Sep 11,2026
# vlog -work work ../src/framebuf/line_buffer_pingpong.v 
# -- Compiling module line_buffer_pingpong
# 
# Top level modules:
# 	line_buffer_pingpong
# End time: 15:25:39 on Sep 11,2026, Elapsed time: 0:00:00
# Errors: 0, Warnings: 0
# vlog -work work ../src/display/hdmi_video_adapter.v
# QuestaSim-64 vlog 10.7c Compiler 2018.08 Aug 18 2018
# Start time: 15:25:39 on Sep 11,2026
# vlog -work work ../src/display/hdmi_video_adapter.v 
# -- Compiling module hdmi_video_adapter
# 
# Top level modules:
# 	hdmi_video_adapter
# End time: 15:25:39 on Sep 11,2026, Elapsed time: 0:00:00
# Errors: 0, Warnings: 0
# vlog -work work ../sim_tb/integration/tb_hdmi_video_linebuffer_chain.v
# QuestaSim-64 vlog 10.7c Compiler 2018.08 Aug 18 2018
# Start time: 15:25:39 on Sep 11,2026
# vlog -work work ../sim_tb/integration/tb_hdmi_video_linebuffer_chain.v 
# -- Compiling module tb_hdmi_video_linebuffer_chain
# 
# Top level modules:
# 	tb_hdmi_video_linebuffer_chain
# End time: 15:25:39 on Sep 11,2026, Elapsed time: 0:00:00
# Errors: 0, Warnings: 0
# vsim -c work.tb_hdmi_video_linebuffer_chain
# vsim -c work.tb_hdmi_video_linebuffer_chain 
# Start time: 15:25:39 on Sep 11,2026
# ** Note: (vsim-3812) Design is being optimized...
# //  Questa Sim-64
# //  Version 10.7c win64 Aug 18 2018
# //
# //  Copyright 1991-2018 Mentor Graphics Corporation
# //  All Rights Reserved.
# //
# //  QuestaSim and its associated documentation contain trade
# //  secrets and commercial or financial information that are the property of
# //  Mentor Graphics Corporation and are privileged, confidential,
# //  and exempt from disclosure under the Freedom of Information Act,
# //  5 U.S.C. Section 552. Furthermore, this information
# //  is prohibited from disclosure under the Trade Secrets Act,
# //  18 U.S.C. Section 1905.
# //
# Loading work.tb_hdmi_video_linebuffer_chain(fast)
# run -all
# PASS: line_buffer -> hdmi_video_adapter sub-chain passed (checks=57)
# ** Note: $finish    : ../sim_tb/integration/tb_hdmi_video_linebuffer_chain.v(164)
#    Time: 535 ns  Iteration: 1  Instance: /tb_hdmi_video_linebuffer_chain
# End time: 15:25:40 on Sep 11,2026, Elapsed time: 0:00:01
# Errors: 0, Warnings: 0
